build	Build simulator target	я╗┐2026-07-31T12:04:36.8232050Z ##[group]Run set -o pipefail
build	Build simulator target	2026-07-31T12:04:36.8232320Z ^[[36;1mset -o pipefail^[[0m
build	Build simulator target	2026-07-31T12:04:36.8232530Z ^[[36;1mxcodebuild \^[[0m
build	Build simulator target	2026-07-31T12:04:36.8232800Z ^[[36;1m  -project PrivateMusic.xcodeproj \^[[0m
build	Build simulator target	2026-07-31T12:04:36.8233090Z ^[[36;1m  -scheme PrivateMusic \^[[0m
build	Build simulator target	2026-07-31T12:04:36.8233350Z ^[[36;1m  -sdk iphonesimulator \^[[0m
build	Build simulator target	2026-07-31T12:04:36.8233600Z ^[[36;1m  -destination 'generic/platform=iOS Simulator' \^[[0m
build	Build simulator target	2026-07-31T12:04:36.8233880Z ^[[36;1m  CODE_SIGNING_ALLOWED=NO \^[[0m
build	Build simulator target	2026-07-31T12:04:36.8234140Z ^[[36;1m  build 2>&1 | tee simulator-build.log^[[0m
build	Build simulator target	2026-07-31T12:04:36.8275610Z shell: /bin/bash -e {0}
build	Build simulator target	2026-07-31T12:04:36.8275920Z ##[endgroup]
build	Build simulator target	2026-07-31T12:04:38.5837510Z Command line invocation:
build	Build simulator target	2026-07-31T12:04:38.5840690Z     /Applications/Xcode_26.5.app/Contents/Developer/usr/bin/xcodebuild -project PrivateMusic.xcodeproj -scheme PrivateMusic -sdk iphonesimulator -destination "generic/platform=iOS Simulator" CODE_SIGNING_ALLOWED=NO build
build	Build simulator target	2026-07-31T12:04:38.6491360Z 
build	Build simulator target	2026-07-31T12:04:38.6491800Z Build settings from command line:
build	Build simulator target	2026-07-31T12:04:38.6492130Z     CODE_SIGNING_ALLOWED = NO
build	Build simulator target	2026-07-31T12:04:38.6492430Z     SDKROOT = iphonesimulator26.5
build	Build simulator target	2026-07-31T12:04:38.6492600Z 
build	Build simulator target	2026-07-31T12:04:44.8017560Z ComputePackagePrebuildTargetDependencyGraph
build	Build simulator target	2026-07-31T12:04:44.8901090Z 
build	Build simulator target	2026-07-31T12:04:44.8933110Z Prepare packages
build	Build simulator target	2026-07-31T12:04:44.8933770Z 
build	Build simulator target	2026-07-31T12:04:44.8972580Z CreateBuildRequest
build	Build simulator target	2026-07-31T12:04:44.8972920Z 
build	Build simulator target	2026-07-31T12:04:44.8972990Z SendProjectDescription
build	Build simulator target	2026-07-31T12:04:44.9058720Z 
build	Build simulator target	2026-07-31T12:04:44.9059270Z CreateBuildOperation
build	Build simulator target	2026-07-31T12:04:44.9111260Z 
build	Build simulator target	2026-07-31T12:04:44.9137040Z ComputeTargetDependencyGraph
build	Build simulator target	2026-07-31T12:04:44.9315940Z note: Building targets in dependency order
build	Build simulator target	2026-07-31T12:04:44.9317140Z note: Target dependency graph (1 target)
build	Build simulator target	2026-07-31T12:04:44.9318350Z     Target 'PrivateMusic' in project 'PrivateMusic' (no dependencies)
build	Build simulator target	2026-07-31T12:04:44.9318990Z 
build	Build simulator target	2026-07-31T12:04:44.9319440Z GatherProvisioningInputs
build	Build simulator target	2026-07-31T12:04:44.9319710Z 
build	Build simulator target	2026-07-31T12:04:44.9379290Z CreateBuildDescription
build	Build simulator target	2026-07-31T12:04:44.9686550Z 
build	Build simulator target	2026-07-31T12:04:44.9693880Z ExecuteExternalTool /Applications/Xcode_26.5.app/Contents/Developer/usr/bin/actool --print-asset-tag-combinations --output-format xml1 /Users/runner/work/PrivateMusic2/PrivateMusic2/PrivateMusic/Resources/Assets.xcassets
build	Build simulator target	2026-07-31T12:04:47.8011620Z 
build	Build simulator target	2026-07-31T12:04:47.8022210Z ExecuteExternalTool /Applications/Xcode_26.5.app/Contents/Developer/Toolchains/XcodeDefault.xctoolchain/usr/bin/clang -v -E -dM -isysroot /Applications/Xcode_26.5.app/Contents/Developer/Platforms/iPhoneSimulator.platform/Developer/SDKs/iPhoneSimulator26.5.sdk -x c -c /dev/null
build	Build simulator target	2026-07-31T12:04:47.8029600Z 
build	Build simulator target	2026-07-31T12:04:47.8059850Z ExecuteExternalTool /Applications/Xcode_26.5.app/Contents/Developer/usr/bin/actool --version --output-format xml1
build	Build simulator target	2026-07-31T12:04:47.8102540Z 
build	Build simulator target	2026-07-31T12:04:47.8119750Z ExecuteExternalTool /Applications/Xcode_26.5.app/Contents/Developer/Toolchains/XcodeDefault.xctoolchain/usr/bin/swiftc --version
build	Build simulator target	2026-07-31T12:04:48.8821750Z 
build	Build simulator target	2026-07-31T12:04:48.9059990Z ExecuteExternalTool /Applications/Xcode_26.5.app/Contents/Developer/Toolchains/XcodeDefault.xctoolchain/usr/bin/ld -version_details
build	Build simulator target	2026-07-31T12:04:49.4579450Z 
build	Build simulator target	2026-07-31T12:04:49.6351240Z Build description signature: ff9f69fb1f5963d779181278688fff88
build	Build simulator target	2026-07-31T12:04:49.6455540Z Build description path: /Users/runner/Library/Developer/Xcode/DerivedData/PrivateMusic-deegxthgygprsfgkxekdsehheshx/Build/Intermediates.noindex/XCBuildData/ff9f69fb1f5963d779181278688fff88.xcbuilddata
build	Build simulator target	2026-07-31T12:04:49.6567060Z ClangStatCache /Applications/Xcode_26.5.app/Contents/Developer/Toolchains/XcodeDefault.xctoolchain/usr/bin/clang-stat-cache /Applications/Xcode_26.5.app/Contents/Developer/Platforms/iPhoneSimulator.platform/Developer/SDKs/iPhoneSimulator26.5.sdk /Users/runner/Library/Developer/Xcode/DerivedData/SDKStatCaches.noindex/iphonesimulator26.5-23F73-688ef53f1462e2c8f657fdc38a81448ffb7d586738ff35573a713a18216ade27.sdkstatcache
build	Build simulator target	2026-07-31T12:04:49.6673370Z     cd /Users/runner/work/PrivateMusic2/PrivateMusic2/PrivateMusic.xcodeproj
build	Build simulator target	2026-07-31T12:04:49.6777800Z     /Applications/Xcode_26.5.app/Contents/Developer/Toolchains/XcodeDefault.xctoolchain/usr/bin/clang-stat-cache /Applications/Xcode_26.5.app/Contents/Developer/Platforms/iPhoneSimulator.platform/Developer/SDKs/iPhoneSimulator26.5.sdk -o /Users/runner/Library/Developer/Xcode/DerivedData/SDKStatCaches.noindex/iphonesimulator26.5-23F73-688ef53f1462e2c8f657fdc38a81448ffb7d586738ff35573a713a18216ade27.sdkstatcache
build	Build simulator target	2026-07-31T12:04:52.0405550Z 
build	Build simulator target	2026-07-31T12:04:52.0425950Z CreateBuildDirectory /Users/runner/Library/Developer/Xcode/DerivedData/PrivateMusic-deegxthgygprsfgkxekdsehheshx/Build/Intermediates.noindex
build	Build simulator target	2026-07-31T12:04:52.0427190Z     cd /Users/runner/work/PrivateMusic2/PrivateMusic2/PrivateMusic.xcodeproj
build	Build simulator target	2026-07-31T12:04:52.0440700Z     builtin-create-build-directory /Users/runner/Library/Developer/Xcode/DerivedData/PrivateMusic-deegxthgygprsfgkxekdsehheshx/Build/Intermediates.noindex
build	Build simulator target	2026-07-31T12:04:52.0441320Z 
build	Build simulator target	2026-07-31T12:04:52.0441770Z CreateBuildDirectory /Users/runner/Library/Developer/Xcode/DerivedData/PrivateMusic-deegxthgygprsfgkxekdsehheshx/Build/Products
build	Build simulator target	2026-07-31T12:04:52.0442450Z     cd /Users/runner/work/PrivateMusic2/PrivateMusic2/PrivateMusic.xcodeproj
build	Build simulator target	2026-07-31T12:04:52.0443150Z     builtin-create-build-directory /Users/runner/Library/Developer/Xcode/DerivedData/PrivateMusic-deegxthgygprsfgkxekdsehheshx/Build/Products
build	Build simulator target	2026-07-31T12:04:52.0443700Z 
build	Build simulator target	2026-07-31T12:04:52.0444190Z CreateBuildDirectory /Users/runner/Library/Developer/Xcode/DerivedData/PrivateMusic-deegxthgygprsfgkxekdsehheshx/Build/Products/Debug-iphonesimulator
build	Build simulator target	2026-07-31T12:04:52.0444980Z     cd /Users/runner/work/PrivateMusic2/PrivateMusic2/PrivateMusic.xcodeproj
build	Build simulator target	2026-07-31T12:04:52.0445740Z     builtin-create-build-directory /Users/runner/Library/Developer/Xcode/DerivedData/PrivateMusic-deegxthgygprsfgkxekdsehheshx/Build/Products/Debug-iphonesimulator
build	Build simulator target	2026-07-31T12:04:52.0448240Z 
build	Build simulator target	2026-07-31T12:04:52.0451360Z WriteAuxiliaryFile /Users/runner/Library/Developer/Xcode/DerivedData/PrivateMusic-deegxthgygprsfgkxekdsehheshx/Build/Intermediates.noindex/PrivateMusic.build/Debug-iphonesimulator/PrivateMusic-626ef610b4eeefc5afab5c5bd4d96d1c-VFS-iphonesimulator/all-product-headers.yaml
build	Build simulator target	2026-07-31T12:04:52.0454550Z     cd /Users/runner/work/PrivateMusic2/PrivateMusic2/PrivateMusic.xcodeproj
build	Build simulator target	2026-07-31T12:04:52.0458010Z     write-file /Users/runner/Library/Developer/Xcode/DerivedData/PrivateMusic-deegxthgygprsfgkxekdsehheshx/Build/Intermediates.noindex/PrivateMusic.build/Debug-iphonesimulator/PrivateMusic-626ef610b4eeefc5afab5c5bd4d96d1c-VFS-iphonesimulator/all-product-headers.yaml
build	Build simulator target	2026-07-31T12:04:52.0459930Z 
build	Build simulator target	2026-07-31T12:04:52.0461340Z CreateBuildDirectory /Users/runner/Library/Developer/Xcode/DerivedData/PrivateMusic-deegxthgygprsfgkxekdsehheshx/Build/Intermediates.noindex/SwiftExplicitPrecompiledModules
build	Build simulator target	2026-07-31T12:04:52.0463710Z     cd /Users/runner/work/PrivateMusic2/PrivateMusic2/PrivateMusic.xcodeproj
build	Build simulator target	2026-07-31T12:04:52.0465960Z     builtin-create-build-directory /Users/runner/Library/Developer/Xcode/DerivedData/PrivateMusic-deegxthgygprsfgkxekdsehheshx/Build/Intermediates.noindex/SwiftExplicitPrecompiledModules
build	Build simulator target	2026-07-31T12:04:52.0468040Z 
build	Build simulator target	2026-07-31T12:04:52.0469630Z CreateBuildDirectory /Users/runner/Library/Developer/Xcode/DerivedData/PrivateMusic-deegxthgygprsfgkxekdsehheshx/Build/Intermediates.noindex/ExplicitPrecompiledModules
build	Build simulator target	2026-07-31T12:04:52.0471800Z     cd /Users/runner/work/PrivateMusic2/PrivateMusic2/PrivateMusic.xcodeproj
build	Build simulator target	2026-07-31T12:04:52.0472750Z     builtin-create-build-directory /Users/runner/Library/Developer/Xcode/DerivedData/PrivateMusic-deegxthgygprsfgkxekdsehheshx/Build/Intermediates.noindex/ExplicitPrecompiledModules
build	Build simulator target	2026-07-31T12:04:52.0473430Z 
build	Build simulator target	2026-07-31T12:04:52.0474010Z CreateBuildDirectory /Users/runner/Library/Developer/Xcode/DerivedData/PrivateMusic-deegxthgygprsfgkxekdsehheshx/Build/Intermediates.noindex/EagerLinkingTBDs/Debug-iphonesimulator
build	Build simulator target	2026-07-31T12:04:52.0474850Z     cd /Users/runner/work/PrivateMusic2/PrivateMusic2/PrivateMusic.xcodeproj
build	Build simulator target	2026-07-31T12:04:52.0476360Z     builtin-create-build-directory /Users/runner/Library/Developer/Xcode/DerivedData/PrivateMusic-deegxthgygprsfgkxekdsehheshx/Build/Intermediates.noindex/EagerLinkingTBDs/Debug-iphonesimulator
build	Build simulator target	2026-07-31T12:04:52.0477280Z 
build	Build simulator target	2026-07-31T12:04:52.0478290Z WriteAuxiliaryFile /Users/runner/Library/Developer/Xcode/DerivedData/PrivateMusic-deegxthgygprsfgkxekdsehheshx/Build/Intermediates.noindex/PrivateMusic.build/Debug-iphonesimulator/PrivateMusic.build/PrivateMusic.hmap (in target 'PrivateMusic' from project 'PrivateMusic')
build	Build simulator target	2026-07-31T12:04:52.0479520Z     cd /Users/runner/work/PrivateMusic2/PrivateMusic2
build	Build simulator target	2026-07-31T12:04:52.0480440Z     write-file /Users/runner/Library/Developer/Xcode/DerivedData/PrivateMusic-deegxthgygprsfgkxekdsehheshx/Build/Intermediates.noindex/PrivateMusic.build/Debug-iphonesimulator/PrivateMusic.build/PrivateMusic.hmap
build	Build simulator target	2026-07-31T12:04:52.0481690Z 
build	Build simulator target	2026-07-31T12:04:52.0483450Z WriteAuxiliaryFile /Users/runner/Library/Developer/Xcode/DerivedData/PrivateMusic-deegxthgygprsfgkxekdsehheshx/Build/Intermediates.noindex/PrivateMusic.build/Debug-iphonesimulator/PrivateMusic.build/PrivateMusic.DependencyStaticMetadataFileList (in target 'PrivateMusic' from project 'PrivateMusic')
build	Build simulator target	2026-07-31T12:04:52.0484730Z     cd /Users/runner/work/PrivateMusic2/PrivateMusic2
build	Build simulator target	2026-07-31T12:04:52.0485720Z     write-file /Users/runner/Library/Developer/Xcode/DerivedData/PrivateMusic-deegxthgygprsfgkxekdsehheshx/Build/Intermediates.noindex/PrivateMusic.build/Debug-iphonesimulator/PrivateMusic.build/PrivateMusic.DependencyStaticMetadataFileList
build	Build simulator target	2026-07-31T12:04:52.0486570Z 
build	Build simulator target	2026-07-31T12:04:52.0487540Z WriteAuxiliaryFile /Users/runner/Library/Developer/Xcode/DerivedData/PrivateMusic-deegxthgygprsfgkxekdsehheshx/Build/Intermediates.noindex/PrivateMusic.build/Debug-iphonesimulator/PrivateMusic.build/PrivateMusic.DependencyMetadataFileList (in target 'PrivateMusic' from project 'PrivateMusic')
build	Build simulator target	2026-07-31T12:04:52.0490150Z     cd /Users/runner/work/PrivateMusic2/PrivateMusic2
build	Build simulator target	2026-07-31T12:04:52.0491190Z     write-file /Users/runner/Library/Developer/Xcode/DerivedData/PrivateMusic-deegxthgygprsfgkxekdsehheshx/Build/Intermediates.noindex/PrivateMusic.build/Debug-iphonesimulator/PrivateMusic.build/PrivateMusic.DependencyMetadataFileList
build	Build simulator target	2026-07-31T12:04:52.0493990Z 
build	Build simulator target	2026-07-31T12:04:52.0494840Z WriteAuxiliaryFile /Users/runner/Library/Developer/Xcode/DerivedData/PrivateMusic-deegxthgygprsfgkxekdsehheshx/Build/Intermediates.noindex/PrivateMusic.build/Debug-iphonesimulator/PrivateMusic.build/PrivateMusic-project-headers.hmap (in target 'PrivateMusic' from project 'PrivateMusic')
build	Build simulator target	2026-07-31T12:04:52.0496000Z     cd /Users/runner/work/PrivateMusic2/PrivateMusic2
build	Build simulator target	2026-07-31T12:04:52.0508350Z     write-file /Users/runner/Library/Developer/Xcode/DerivedData/PrivateMusic-deegxthgygprsfgkxekdsehheshx/Build/Intermediates.noindex/PrivateMusic.build/Debug-iphonesimulator/PrivateMusic.build/PrivateMusic-project-headers.hmap
build	Build simulator target	2026-07-31T12:04:52.0509320Z 
build	Build simulator target	2026-07-31T12:04:52.0510270Z WriteAuxiliaryFile /Users/runner/Library/Developer/Xcode/DerivedData/PrivateMusic-deegxthgygprsfgkxekdsehheshx/Build/Intermediates.noindex/PrivateMusic.build/Debug-iphonesimulator/PrivateMusic.build/PrivateMusic-own-target-headers.hmap (in target 'PrivateMusic' from project 'PrivateMusic')
build	Build simulator target	2026-07-31T12:04:52.0511580Z     cd /Users/runner/work/PrivateMusic2/PrivateMusic2
build	Build simulator target	2026-07-31T12:04:52.0512780Z     write-file /Users/runner/Library/Developer/Xcode/DerivedData/PrivateMusic-deegxthgygprsfgkxekdsehheshx/Build/Intermediates.noindex/PrivateMusic.build/Debug-iphonesimulator/PrivateMusic.build/PrivateMusic-own-target-headers.hmap
build	Build simulator target	2026-07-31T12:04:52.0513580Z 
build	Build simulator target	2026-07-31T12:04:52.0514640Z WriteAuxiliaryFile /Users/runner/Library/Developer/Xcode/DerivedData/PrivateMusic-deegxthgygprsfgkxekdsehheshx/Build/Intermediates.noindex/PrivateMusic.build/Debug-iphonesimulator/PrivateMusic.build/PrivateMusic-generated-files.hmap (in target 'PrivateMusic' from project 'PrivateMusic')
build	Build simulator target	2026-07-31T12:04:52.0538780Z     cd /Users/runner/work/PrivateMusic2/PrivateMusic2
build	Build simulator target	2026-07-31T12:04:52.0542180Z     write-file /Users/runner/Library/Developer/Xcode/DerivedData/PrivateMusic-deegxthgygprsfgkxekdsehheshx/Build/Intermediates.noindex/PrivateMusic.build/Debug-iphonesimulator/PrivateMusic.build/PrivateMusic-generated-files.hmap
build	Build simulator target	2026-07-31T12:04:52.0543150Z 
build	Build simulator target	2026-07-31T12:04:52.0544110Z WriteAuxiliaryFile /Users/runner/Library/Developer/Xcode/DerivedData/PrivateMusic-deegxthgygprsfgkxekdsehheshx/Build/Intermediates.noindex/PrivateMusic.build/Debug-iphonesimulator/PrivateMusic.build/PrivateMusic-all-target-headers.hmap (in target 'PrivateMusic' from project 'PrivateMusic')
build	Build simulator target	2026-07-31T12:04:52.0547060Z     cd /Users/runner/work/PrivateMusic2/PrivateMusic2
build	Build simulator target	2026-07-31T12:04:52.0549790Z     write-file /Users/runner/Library/Developer/Xcode/DerivedData/PrivateMusic-deegxthgygprsfgkxekdsehheshx/Build/Intermediates.noindex/PrivateMusic.build/Debug-iphonesimulator/PrivateMusic.build/PrivateMusic-all-target-headers.hmap
build	Build simulator target	2026-07-31T12:04:52.0557600Z 
build	Build simulator target	2026-07-31T12:04:52.0559530Z WriteAuxiliaryFile /Users/runner/Library/Developer/Xcode/DerivedData/PrivateMusic-deegxthgygprsfgkxekdsehheshx/Build/Intermediates.noindex/PrivateMusic.build/Debug-iphonesimulator/PrivateMusic.build/PrivateMusic-all-non-framework-target-headers.hmap (in target 'PrivateMusic' from project 'PrivateMusic')
build	Build simulator target	2026-07-31T12:04:52.0561190Z     cd /Users/runner/work/PrivateMusic2/PrivateMusic2
build	Build simulator target	2026-07-31T12:04:52.0566430Z     write-file /Users/runner/Library/Developer/Xcode/DerivedData/PrivateMusic-deegxthgygprsfgkxekdsehheshx/Build/Intermediates.noindex/PrivateMusic.build/Debug-iphonesimulator/PrivateMusic.build/PrivateMusic-all-non-framework-target-headers.hmap
build	Build simulator target	2026-07-31T12:04:52.0569340Z 
build	Build simulator target	2026-07-31T12:04:52.0575590Z WriteAuxiliaryFile /Users/runner/Library/Developer/Xcode/DerivedData/PrivateMusic-deegxthgygprsfgkxekdsehheshx/Build/Intermediates.noindex/PrivateMusic.build/Debug-iphonesimulator/PrivateMusic.build/PrivateMusic-DebugDylibPath-normal-x86_64.txt (in target 'PrivateMusic' from project 'PrivateMusic')
build	Build simulator target	2026-07-31T12:04:52.0588930Z     cd /Users/runner/work/PrivateMusic2/PrivateMusic2
build	Build simulator target	2026-07-31T12:04:52.0590860Z     write-file /Users/runner/Library/Developer/Xcode/DerivedData/PrivateMusic-deegxthgygprsfgkxekdsehheshx/Build/Intermediates.noindex/PrivateMusic.build/Debug-iphonesimulator/PrivateMusic.build/PrivateMusic-DebugDylibPath-normal-x86_64.txt
build	Build simulator target	2026-07-31T12:04:52.0591810Z 
build	Build simulator target	2026-07-31T12:04:52.0596280Z WriteAuxiliaryFile /Users/runner/Library/Developer/Xcode/DerivedData/PrivateMusic-deegxthgygprsfgkxekdsehheshx/Build/Intermediates.noindex/PrivateMusic.build/Debug-iphonesimulator/PrivateMusic.build/PrivateMusic-DebugDylibPath-normal-arm64.txt (in target 'PrivateMusic' from project 'PrivateMusic')
build	Build simulator target	2026-07-31T12:04:52.0601530Z     cd /Users/runner/work/PrivateMusic2/PrivateMusic2
build	Build simulator target	2026-07-31T12:04:52.0603870Z     write-file /Users/runner/Library/Developer/Xcode/DerivedData/PrivateMusic-deegxthgygprsfgkxekdsehheshx/Build/Intermediates.noindex/PrivateMusic.build/Debug-iphonesimulator/PrivateMusic.build/PrivateMusic-DebugDylibPath-normal-arm64.txt
build	Build simulator target	2026-07-31T12:04:52.0606420Z 
build	Build simulator target	2026-07-31T12:04:52.0609100Z WriteAuxiliaryFile /Users/runner/Library/Developer/Xcode/DerivedData/PrivateMusic-deegxthgygprsfgkxekdsehheshx/Build/Intermediates.noindex/PrivateMusic.build/Debug-iphonesimulator/PrivateMusic.build/PrivateMusic-DebugDylibInstallName-normal-x86_64.txt (in target 'PrivateMusic' from project 'PrivateMusic')
build	Build simulator target	2026-07-31T12:04:52.0612250Z     cd /Users/runner/work/PrivateMusic2/PrivateMusic2
build	Build simulator target	2026-07-31T12:04:52.0614980Z     write-file /Users/runner/Library/Developer/Xcode/DerivedData/PrivateMusic-deegxthgygprsfgkxekdsehheshx/Build/Intermediates.noindex/PrivateMusic.build/Debug-iphonesimulator/PrivateMusic.build/PrivateMusic-DebugDylibInstallName-normal-x86_64.txt
build	Build simulator target	2026-07-31T12:04:52.0617440Z 
build	Build simulator target	2026-07-31T12:04:52.0619890Z WriteAuxiliaryFile /Users/runner/Library/Developer/Xcode/DerivedData/PrivateMusic-deegxthgygprsfgkxekdsehheshx/Build/Intermediates.noindex/PrivateMusic.build/Debug-iphonesimulator/PrivateMusic.build/PrivateMusic-DebugDylibInstallName-normal-arm64.txt (in target 'PrivateMusic' from project 'PrivateMusic')
build	Build simulator target	2026-07-31T12:04:52.0624180Z     cd /Users/runner/work/PrivateMusic2/PrivateMusic2
build	Build simulator target	2026-07-31T12:04:52.0626800Z     write-file /Users/runner/Library/Developer/Xcode/DerivedData/PrivateMusic-deegxthgygprsfgkxekdsehheshx/Build/Intermediates.noindex/PrivateMusic.build/Debug-iphonesimulator/PrivateMusic.build/PrivateMusic-DebugDylibInstallName-normal-arm64.txt
build	Build simulator target	2026-07-31T12:04:52.0629170Z 
build	Build simulator target	2026-07-31T12:04:52.0639020Z WriteAuxiliaryFile /Users/runner/Library/Developer/Xcode/DerivedData/PrivateMusic-deegxthgygprsfgkxekdsehheshx/Build/Intermediates.noindex/PrivateMusic.build/Debug-iphonesimulator/PrivateMusic.build/Objects-normal/x86_64/PrivateMusic_const_extract_protocols.json (in target 'PrivateMusic' from project 'PrivateMusic')
build	Build simulator target	2026-07-31T12:04:52.0643970Z     cd /Users/runner/work/PrivateMusic2/PrivateMusic2
build	Build simulator target	2026-07-31T12:04:52.0646570Z     write-file /Users/runner/Library/Developer/Xcode/DerivedData/PrivateMusic-deegxthgygprsfgkxekdsehheshx/Build/Intermediates.noindex/PrivateMusic.build/Debug-iphonesimulator/PrivateMusic.build/Objects-normal/x86_64/PrivateMusic_const_extract_protocols.json
build	Build simulator target	2026-07-31T12:04:52.0649050Z 
build	Build simulator target	2026-07-31T12:04:52.0651620Z WriteAuxiliaryFile /Users/runner/Library/Developer/Xcode/DerivedData/PrivateMusic-deegxthgygprsfgkxekdsehheshx/Build/Intermediates.noindex/PrivateMusic.build/Debug-iphonesimulator/PrivateMusic.build/Objects-normal/x86_64/PrivateMusic.SwiftFileList (in target 'PrivateMusic' from project 'PrivateMusic')
build	Build simulator target	2026-07-31T12:04:52.0655190Z     cd /Users/runner/work/PrivateMusic2/PrivateMusic2
build	Build simulator target	2026-07-31T12:04:52.0660190Z     write-file /Users/runner/Library/Developer/Xcode/DerivedData/PrivateMusic-deegxthgygprsfgkxekdsehheshx/Build/Intermediates.noindex/PrivateMusic.build/Debug-iphonesimulator/PrivateMusic.build/Objects-normal/x86_64/PrivateMusic.SwiftFileList
build	Build simulator target	2026-07-31T12:04:52.0662550Z 
build	Build simulator target	2026-07-31T12:04:52.0664940Z WriteAuxiliaryFile /Users/runner/Library/Developer/Xcode/DerivedData/PrivateMusic-deegxthgygprsfgkxekdsehheshx/Build/Intermediates.noindex/PrivateMusic.build/Debug-iphonesimulator/PrivateMusic.build/Objects-normal/x86_64/PrivateMusic.SwiftConstValuesFileList (in target 'PrivateMusic' from project 'PrivateMusic')
build	Build simulator target	2026-07-31T12:04:52.0666340Z     cd /Users/runner/work/PrivateMusic2/PrivateMusic2
build	Build simulator target	2026-07-31T12:04:52.0667660Z     write-file /Users/runner/Library/Developer/Xcode/DerivedData/PrivateMusic-deegxthgygprsfgkxekdsehheshx/Build/Intermediates.noindex/PrivateMusic.build/Debug-iphonesimulator/PrivateMusic.build/Objects-normal/x86_64/PrivateMusic.SwiftConstValuesFileList
build	Build simulator target	2026-07-31T12:04:52.0668850Z 
build	Build simulator target	2026-07-31T12:04:52.0669810Z WriteAuxiliaryFile /Users/runner/Library/Developer/Xcode/DerivedData/PrivateMusic-deegxthgygprsfgkxekdsehheshx/Build/Intermediates.noindex/PrivateMusic.build/Debug-iphonesimulator/PrivateMusic.build/Objects-normal/x86_64/PrivateMusic.LinkFileList (in target 'PrivateMusic' from project 'PrivateMusic')
build	Build simulator target	2026-07-31T12:04:52.0671150Z     cd /Users/runner/work/PrivateMusic2/PrivateMusic2
build	Build simulator target	2026-07-31T12:04:52.0672210Z     write-file /Users/runner/Library/Developer/Xcode/DerivedData/PrivateMusic-deegxthgygprsfgkxekdsehheshx/Build/Intermediates.noindex/PrivateMusic.build/Debug-iphonesimulator/PrivateMusic.build/Objects-normal/x86_64/PrivateMusic.LinkFileList
build	Build simulator target	2026-07-31T12:04:52.0673180Z 
build	Build simulator target	2026-07-31T12:04:52.0674140Z WriteAuxiliaryFile /Users/runner/Library/Developer/Xcode/DerivedData/PrivateMusic-deegxthgygprsfgkxekdsehheshx/Build/Intermediates.noindex/PrivateMusic.build/Debug-iphonesimulator/PrivateMusic.build/Objects-normal/x86_64/PrivateMusic-OutputFileMap.json (in target 'PrivateMusic' from project 'PrivateMusic')
build	Build simulator target	2026-07-31T12:04:52.0675430Z     cd /Users/runner/work/PrivateMusic2/PrivateMusic2
build	Build simulator target	2026-07-31T12:04:52.0676570Z     write-file /Users/runner/Library/Developer/Xcode/DerivedData/PrivateMusic-deegxthgygprsfgkxekdsehheshx/Build/Intermediates.noindex/PrivateMusic.build/Debug-iphonesimulator/PrivateMusic.build/Objects-normal/x86_64/PrivateMusic-OutputFileMap.json
build	Build simulator target	2026-07-31T12:04:52.0678050Z 
build	Build simulator target	2026-07-31T12:04:52.0679120Z WriteAuxiliaryFile /Users/runner/Library/Developer/Xcode/DerivedData/PrivateMusic-deegxthgygprsfgkxekdsehheshx/Build/Intermediates.noindex/PrivateMusic.build/Debug-iphonesimulator/PrivateMusic.build/Objects-normal/arm64/PrivateMusic_const_extract_protocols.json (in target 'PrivateMusic' from project 'PrivateMusic')
build	Build simulator target	2026-07-31T12:04:52.0680380Z     cd /Users/runner/work/PrivateMusic2/PrivateMusic2
build	Build simulator target	2026-07-31T12:04:52.0684510Z     write-file /Users/runner/Library/Developer/Xcode/DerivedData/PrivateMusic-deegxthgygprsfgkxekdsehheshx/Build/Intermediates.noindex/PrivateMusic.build/Debug-iphonesimulator/PrivateMusic.build/Objects-normal/arm64/PrivateMusic_const_extract_protocols.json
build	Build simulator target	2026-07-31T12:04:52.0690980Z 
build	Build simulator target	2026-07-31T12:04:52.0692000Z WriteAuxiliaryFile /Users/runner/Library/Developer/Xcode/DerivedData/PrivateMusic-deegxthgygprsfgkxekdsehheshx/Build/Intermediates.noindex/PrivateMusic.build/Debug-iphonesimulator/PrivateMusic.build/Objects-normal/arm64/PrivateMusic.SwiftFileList (in target 'PrivateMusic' from project 'PrivateMusic')
build	Build simulator target	2026-07-31T12:04:52.0693900Z     cd /Users/runner/work/PrivateMusic2/PrivateMusic2
build	Build simulator target	2026-07-31T12:04:52.0694920Z     write-file /Users/runner/Library/Developer/Xcode/DerivedData/PrivateMusic-deegxthgygprsfgkxekdsehheshx/Build/Intermediates.noindex/PrivateMusic.build/Debug-iphonesimulator/PrivateMusic.build/Objects-normal/arm64/PrivateMusic.SwiftFileList
build	Build simulator target	2026-07-31T12:04:52.0701170Z 
build	Build simulator target	2026-07-31T12:04:52.0702240Z WriteAuxiliaryFile /Users/runner/Library/Developer/Xcode/DerivedData/PrivateMusic-deegxthgygprsfgkxekdsehheshx/Build/Intermediates.noindex/PrivateMusic.build/Debug-iphonesimulator/PrivateMusic.build/Objects-normal/arm64/PrivateMusic.SwiftConstValuesFileList (in target 'PrivateMusic' from project 'PrivateMusic')
build	Build simulator target	2026-07-31T12:04:52.0703560Z     cd /Users/runner/work/PrivateMusic2/PrivateMusic2
build	Build simulator target	2026-07-31T12:04:52.0704910Z     write-file /Users/runner/Library/Developer/Xcode/DerivedData/PrivateMusic-deegxthgygprsfgkxekdsehheshx/Build/Intermediates.noindex/PrivateMusic.build/Debug-iphonesimulator/PrivateMusic.build/Objects-normal/arm64/PrivateMusic.SwiftConstValuesFileList
build	Build simulator target	2026-07-31T12:04:52.0705810Z 
build	Build simulator target	2026-07-31T12:04:52.0706740Z WriteAuxiliaryFile /Users/runner/Library/Developer/Xcode/DerivedData/PrivateMusic-deegxthgygprsfgkxekdsehheshx/Build/Intermediates.noindex/PrivateMusic.build/Debug-iphonesimulator/PrivateMusic.build/Objects-normal/arm64/PrivateMusic.LinkFileList (in target 'PrivateMusic' from project 'PrivateMusic')
build	Build simulator target	2026-07-31T12:04:52.0707910Z     cd /Users/runner/work/PrivateMusic2/PrivateMusic2
build	Build simulator target	2026-07-31T12:04:52.0708830Z     write-file /Users/runner/Library/Developer/Xcode/DerivedData/PrivateMusic-deegxthgygprsfgkxekdsehheshx/Build/Intermediates.noindex/PrivateMusic.build/Debug-iphonesimulator/PrivateMusic.build/Objects-normal/arm64/PrivateMusic.LinkFileList
build	Build simulator target	2026-07-31T12:04:52.0709650Z 
build	Build simulator target	2026-07-31T12:04:52.0710610Z WriteAuxiliaryFile /Users/runner/Library/Developer/Xcode/DerivedData/PrivateMusic-deegxthgygprsfgkxekdsehheshx/Build/Intermediates.noindex/PrivateMusic.build/Debug-iphonesimulator/PrivateMusic.build/Objects-normal/arm64/PrivateMusic-OutputFileMap.json (in target 'PrivateMusic' from project 'PrivateMusic')
build	Build simulator target	2026-07-31T12:04:52.0711870Z     cd /Users/runner/work/PrivateMusic2/PrivateMusic2
build	Build simulator target	2026-07-31T12:04:52.0712880Z     write-file /Users/runner/Library/Developer/Xcode/DerivedData/PrivateMusic-deegxthgygprsfgkxekdsehheshx/Build/Intermediates.noindex/PrivateMusic.build/Debug-iphonesimulator/PrivateMusic.build/Objects-normal/arm64/PrivateMusic-OutputFileMap.json
build	Build simulator target	2026-07-31T12:04:52.0713730Z 
build	Build simulator target	2026-07-31T12:04:52.0714310Z MkDir /Users/runner/Library/Developer/Xcode/DerivedData/PrivateMusic-deegxthgygprsfgkxekdsehheshx/Build/Products/Debug-iphonesimulator/PrivateMusic.app (in target 'PrivateMusic' from project 'PrivateMusic')
build	Build simulator target	2026-07-31T12:04:52.0715230Z     cd /Users/runner/work/PrivateMusic2/PrivateMusic2
build	Build simulator target	2026-07-31T12:04:52.0716350Z     /bin/mkdir -p /Users/runner/Library/Developer/Xcode/DerivedData/PrivateMusic-deegxthgygprsfgkxekdsehheshx/Build/Products/Debug-iphonesimulator/PrivateMusic.app
build	Build simulator target	2026-07-31T12:04:52.0716950Z 
build	Build simulator target	2026-07-31T12:04:52.0717850Z Ld /Users/runner/Library/Developer/Xcode/DerivedData/PrivateMusic-deegxthgygprsfgkxekdsehheshx/Build/Intermediates.noindex/PrivateMusic.build/Debug-iphonesimulator/PrivateMusic.build/Objects-normal/x86_64/Binary/__preview.dylib normal x86_64 (in target 'PrivateMusic' from project 'PrivateMusic')
build	Build simulator target	2026-07-31T12:04:52.0719120Z     cd /Users/runner/work/PrivateMusic2/PrivateMusic2
build	Build simulator target	2026-07-31T12:04:52.0723320Z     /Applications/Xcode_26.5.app/Contents/Developer/Toolchains/XcodeDefault.xctoolchain/usr/bin/clang -Xlinker -reproducible -target x86_64-apple-ios16.0-simulator -dynamiclib -isysroot /Applications/Xcode_26.5.app/Contents/Developer/Platforms/iPhoneSimulator.platform/Developer/SDKs/iPhoneSimulator26.5.sdk -O0 -L/Users/runner/Library/Developer/Xcode/DerivedData/PrivateMusic-deegxthgygprsfgkxekdsehheshx/Build/Products/Debug-iphonesimulator -F/Users/runner/Library/Developer/Xcode/DerivedData/PrivateMusic-deegxthgygprsfgkxekdsehheshx/Build/Products/Debug-iphonesimulator -install_name @rpath/PrivateMusic.debug.dylib -Xlinker -dead_strip -rdynamic -Xlinker -no_deduplicate -Xlinker -objc_abi_version -Xlinker 2 -Xlinker -dependency_info -Xlinker /Users/runner/Library/Developer/Xcode/DerivedData/PrivateMusic-deegxthgygprsfgkxekdsehheshx/Build/Intermediates.noindex/PrivateMusic.build/Debug-iphonesimulator/PrivateMusic.build/Objects-normal/x86_64/PrivateMusic_dependency_info.dat -o /Users/runner/Library/Developer/Xcode/DerivedData/PrivateMusic-deegxthgygprsfgkxekdsehheshx/Build/Intermediates.noindex/PrivateMusic.build/Debug-iphonesimulator/PrivateMusic.build/Objects-normal/x86_64/Binary/__preview.dylib
build	Build simulator target	2026-07-31T12:04:52.0727650Z 
build	Build simulator target	2026-07-31T12:04:52.0728480Z Ld /Users/runner/Library/Developer/Xcode/DerivedData/PrivateMusic-deegxthgygprsfgkxekdsehheshx/Build/Intermediates.noindex/PrivateMusic.build/Debug-iphonesimulator/PrivateMusic.build/Objects-normal/arm64/Binary/__preview.dylib normal arm64 (in target 'PrivateMusic' from project 'PrivateMusic')
build	Build simulator target	2026-07-31T12:04:52.0729620Z     cd /Users/runner/work/PrivateMusic2/PrivateMusic2
build	Build simulator target	2026-07-31T12:04:52.0744060Z     /Applications/Xcode_26.5.app/Contents/Developer/Toolchains/XcodeDefault.xctoolchain/usr/bin/clang -Xlinker -reproducible -target arm64-apple-ios16.0-simulator -dynamiclib -isysroot /Applications/Xcode_26.5.app/Contents/Developer/Platforms/iPhoneSimulator.platform/Developer/SDKs/iPhoneSimulator26.5.sdk -O0 -L/Users/runner/Library/Developer/Xcode/DerivedData/PrivateMusic-deegxthgygprsfgkxekdsehheshx/Build/Products/Debug-iphonesimulator -F/Users/runner/Library/Developer/Xcode/DerivedData/PrivateMusic-deegxthgygprsfgkxekdsehheshx/Build/Products/Debug-iphonesimulator -install_name @rpath/PrivateMusic.debug.dylib -Xlinker -dead_strip -rdynamic -Xlinker -no_deduplicate -Xlinker -objc_abi_version -Xlinker 2 -Xlinker -dependency_info -Xlinker /Users/runner/Library/Developer/Xcode/DerivedData/PrivateMusic-deegxthgygprsfgkxekdsehheshx/Build/Intermediates.noindex/PrivateMusic.build/Debug-iphonesimulator/PrivateMusic.build/Objects-normal/arm64/PrivateMusic_dependency_info.dat -o /Users/runner/Library/Developer/Xcode/DerivedData/PrivateMusic-deegxthgygprsfgkxekdsehheshx/Build/Intermediates.noindex/PrivateMusic.build/Debug-iphonesimulator/PrivateMusic.build/Objects-normal/arm64/Binary/__preview.dylib
build	Build simulator target	2026-07-31T12:04:52.0748610Z 
build	Build simulator target	2026-07-31T12:04:52.0749490Z MkDir /Users/runner/Library/Developer/Xcode/DerivedData/PrivateMusic-deegxthgygprsfgkxekdsehheshx/Build/Intermediates.noindex/PrivateMusic.build/Debug-iphonesimulator/PrivateMusic.build/assetcatalog_output/unthinned (in target 'PrivateMusic' from project 'PrivateMusic')
build	Build simulator target	2026-07-31T12:04:52.0751210Z     cd /Users/runner/work/PrivateMusic2/PrivateMusic2
build	Build simulator target	2026-07-31T12:04:52.0752470Z     /bin/mkdir -p /Users/runner/Library/Developer/Xcode/DerivedData/PrivateMusic-deegxthgygprsfgkxekdsehheshx/Build/Intermediates.noindex/PrivateMusic.build/Debug-iphonesimulator/PrivateMusic.build/assetcatalog_output/unthinned
build	Build simulator target	2026-07-31T12:04:52.0753720Z 
build	Build simulator target	2026-07-31T12:04:52.0754640Z MkDir /Users/runner/Library/Developer/Xcode/DerivedData/PrivateMusic-deegxthgygprsfgkxekdsehheshx/Build/Intermediates.noindex/PrivateMusic.build/Debug-iphonesimulator/PrivateMusic.build/assetcatalog_output/thinned (in target 'PrivateMusic' from project 'PrivateMusic')
build	Build simulator target	2026-07-31T12:04:52.0755690Z     cd /Users/runner/work/PrivateMusic2/PrivateMusic2
build	Build simulator target	2026-07-31T12:04:52.0756590Z     /bin/mkdir -p /Users/runner/Library/Developer/Xcode/DerivedData/PrivateMusic-deegxthgygprsfgkxekdsehheshx/Build/Intermediates.noindex/PrivateMusic.build/Debug-iphonesimulator/PrivateMusic.build/assetcatalog_output/thinned
build	Build simulator target	2026-07-31T12:04:52.0757370Z 
build	Build simulator target	2026-07-31T12:04:52.0757880Z GenerateAssetSymbols /Users/runner/work/PrivateMusic2/PrivateMusic2/PrivateMusic/Resources/Assets.xcassets (in target 'PrivateMusic' from project 'PrivateMusic')
build	Build simulator target	2026-07-31T12:04:52.0758870Z     cd /Users/runner/work/PrivateMusic2/PrivateMusic2
build	Build simulator target	2026-07-31T12:04:52.0765520Z     /Applications/Xcode_26.5.app/Contents/Developer/usr/bin/actool /Users/runner/work/PrivateMusic2/PrivateMusic2/PrivateMusic/Resources/Assets.xcassets --compile /Users/runner/Library/Developer/Xcode/DerivedData/PrivateMusic-deegxthgygprsfgkxekdsehheshx/Build/Products/Debug-iphonesimulator/PrivateMusic.app --output-format human-readable-text --notices --warnings --export-dependency-info /Users/runner/Library/Developer/Xcode/DerivedData/PrivateMusic-deegxthgygprsfgkxekdsehheshx/Build/Intermediates.noindex/PrivateMusic.build/Debug-iphonesimulator/PrivateMusic.build/assetcatalog_dependencies --output-partial-info-plist /Users/runner/Library/Developer/Xcode/DerivedData/PrivateMusic-deegxthgygprsfgkxekdsehheshx/Build/Intermediates.noindex/PrivateMusic.build/Debug-iphonesimulator/PrivateMusic.build/assetcatalog_generated_info.plist --app-icon AppIcon --accent-color AccentColor --compress-pngs --enable-on-demand-resources YES --development-region en --target-device iphone --target-device ipad --minimum-deployment-target 16.0 --platform iphonesimulator --bundle-identifier com.dec.privatemusic2 --generate-swift-asset-symbol-extensions NO --generate-swift-asset-symbols /Users/runner/Library/Developer/Xcode/DerivedData/PrivateMusic-deegxthgygprsfgkxekdsehheshx/Build/Intermediates.noindex/PrivateMusic.build/Debug-iphonesimulator/PrivateMusic.build/DerivedSources/GeneratedAssetSymbols.swift --generate-objc-asset-symbols /Users/runner/Library/Developer/Xcode/DerivedData/PrivateMusic-deegxthgygprsfgkxekdsehheshx/Build/Intermediates.noindex/PrivateMusic.build/Debug-iphonesimulator/PrivateMusic.build/DerivedSources/GeneratedAssetSymbols.h --generate-asset-symbol-index /Users/runner/Library/Developer/Xcode/DerivedData/PrivateMusic-deegxthgygprsfgkxekdsehheshx/Build/Intermediates.noindex/PrivateMusic.build/Debug-iphonesimulator/PrivateMusic.build/DerivedSources/GeneratedAssetSymbols-Index.plist
build	Build simulator target	2026-07-31T12:04:52.0772220Z /* com.apple.actool.compilation-results */
build	Build simulator target	2026-07-31T12:04:52.0774270Z /Users/runner/Library/Developer/Xcode/DerivedData/PrivateMusic-deegxthgygprsfgkxekdsehheshx/Build/Intermediates.noindex/PrivateMusic.build/Debug-iphonesimulator/PrivateMusic.build/DerivedSources/GeneratedAssetSymbols-Index.plist
build	Build simulator target	2026-07-31T12:04:52.0775760Z /Users/runner/Library/Developer/Xcode/DerivedData/PrivateMusic-deegxthgygprsfgkxekdsehheshx/Build/Intermediates.noindex/PrivateMusic.build/Debug-iphonesimulator/PrivateMusic.build/DerivedSources/GeneratedAssetSymbols.h
build	Build simulator target	2026-07-31T12:04:52.0777250Z /Users/runner/Library/Developer/Xcode/DerivedData/PrivateMusic-deegxthgygprsfgkxekdsehheshx/Build/Intermediates.noindex/PrivateMusic.build/Debug-iphonesimulator/PrivateMusic.build/DerivedSources/GeneratedAssetSymbols.swift
build	Build simulator target	2026-07-31T12:04:52.0778050Z 
build	Build simulator target	2026-07-31T12:04:52.0778050Z 
build	Build simulator target	2026-07-31T12:04:52.0780430Z CreateUniversalBinary /Users/runner/Library/Developer/Xcode/DerivedData/PrivateMusic-deegxthgygprsfgkxekdsehheshx/Build/Products/Debug-iphonesimulator/PrivateMusic.app/__preview.dylib normal arm64\ x86_64 (in target 'PrivateMusic' from project 'PrivateMusic')
build	Build simulator target	2026-07-31T12:04:52.0808780Z     cd /Users/runner/work/PrivateMusic2/PrivateMusic2
build	Build simulator target	2026-07-31T12:04:52.0811640Z     /Applications/Xcode_26.5.app/Contents/Developer/Toolchains/XcodeDefault.xctoolchain/usr/bin/lipo -create /Users/runner/Library/Developer/Xcode/DerivedData/PrivateMusic-deegxthgygprsfgkxekdsehheshx/Build/Intermediates.noindex/PrivateMusic.build/Debug-iphonesimulator/PrivateMusic.build/Objects-normal/arm64/Binary/__preview.dylib /Users/runner/Library/Developer/Xcode/DerivedData/PrivateMusic-deegxthgygprsfgkxekdsehheshx/Build/Intermediates.noindex/PrivateMusic.build/Debug-iphonesimulator/PrivateMusic.build/Objects-normal/x86_64/Binary/__preview.dylib -output /Users/runner/Library/Developer/Xcode/DerivedData/PrivateMusic-deegxthgygprsfgkxekdsehheshx/Build/Products/Debug-iphonesimulator/PrivateMusic.app/__preview.dylib
build	Build simulator target	2026-07-31T12:04:52.0815160Z 
build	Build simulator target	2026-07-31T12:04:52.0816380Z CpResource /Users/runner/Library/Developer/Xcode/DerivedData/PrivateMusic-deegxthgygprsfgkxekdsehheshx/Build/Products/Debug-iphonesimulator/PrivateMusic.app/PrivacyInfo.xcprivacy /Users/runner/work/PrivateMusic2/PrivateMusic2/PrivateMusic/Resources/PrivacyInfo.xcprivacy (in target 'PrivateMusic' from project 'PrivateMusic')
build	Build simulator target	2026-07-31T12:04:52.0817960Z     cd /Users/runner/work/PrivateMusic2/PrivateMusic2
build	Build simulator target	2026-07-31T12:04:52.0819580Z     builtin-copy -exclude .DS_Store -exclude CVS -exclude .svn -exclude .git -exclude .hg -resolve-src-symlinks /Users/runner/work/PrivateMusic2/PrivateMusic2/PrivateMusic/Resources/PrivacyInfo.xcprivacy /Users/runner/Library/Developer/Xcode/DerivedData/PrivateMusic-deegxthgygprsfgkxekdsehheshx/Build/Products/Debug-iphonesimulator/PrivateMusic.app
build	Build simulator target	2026-07-31T12:04:52.0820830Z 
build	Build simulator target	2026-07-31T12:04:52.0822090Z CopyStringsFile /Users/runner/Library/Developer/Xcode/DerivedData/PrivateMusic-deegxthgygprsfgkxekdsehheshx/Build/Products/Debug-iphonesimulator/PrivateMusic.app/ru.lproj/Localizable.stringsdict /Users/runner/work/PrivateMusic2/PrivateMusic2/PrivateMusic/Resources/ru.lproj/Localizable.stringsdict (in target 'PrivateMusic' from project 'PrivateMusic')
build	Build simulator target	2026-07-31T12:04:52.0823470Z     cd /Users/runner/work/PrivateMusic2/PrivateMusic2
build	Build simulator target	2026-07-31T12:04:52.0824760Z     builtin-copyStrings --validate --outputencoding binary --outfilename Localizable.stringsdict --outdir /Users/runner/Library/Developer/Xcode/DerivedData/PrivateMusic-deegxthgygprsfgkxekdsehheshx/Build/Products/Debug-iphonesimulator/PrivateMusic.app/ru.lproj -- /Users/runner/work/PrivateMusic2/PrivateMusic2/PrivateMusic/Resources/ru.lproj/Localizable.stringsdict
build	Build simulator target	2026-07-31T12:04:52.0826640Z /Users/runner/work/PrivateMusic2/PrivateMusic2/PrivateMusic/Resources/ru.lproj/Localizable.stringsdict:1:1: note: detected encoding of input file as Unicode (UTF-8) (in target 'PrivateMusic' from project 'PrivateMusic')
build	Build simulator target	2026-07-31T12:04:52.0827470Z 
build	Build simulator target	2026-07-31T12:04:52.0828560Z CopyStringsFile /Users/runner/Library/Developer/Xcode/DerivedData/PrivateMusic-deegxthgygprsfgkxekdsehheshx/Build/Products/Debug-iphonesimulator/PrivateMusic.app/ru.lproj/Localizable.strings /Users/runner/work/PrivateMusic2/PrivateMusic2/PrivateMusic/Resources/ru.lproj/Localizable.strings (in target 'PrivateMusic' from project 'PrivateMusic')
build	Build simulator target	2026-07-31T12:04:52.0830080Z     cd /Users/runner/work/PrivateMusic2/PrivateMusic2
build	Build simulator target	2026-07-31T12:04:52.0831570Z     builtin-copyStrings --validate --outputencoding binary --outfilename Localizable.strings --outdir /Users/runner/Library/Developer/Xcode/DerivedData/PrivateMusic-deegxthgygprsfgkxekdsehheshx/Build/Products/Debug-iphonesimulator/PrivateMusic.app/ru.lproj -- /Users/runner/work/PrivateMusic2/PrivateMusic2/PrivateMusic/Resources/ru.lproj/Localizable.strings
build	Build simulator target	2026-07-31T12:04:52.0833540Z /Users/runner/work/PrivateMusic2/PrivateMusic2/PrivateMusic/Resources/ru.lproj/Localizable.strings:1:1: note: detected encoding of input file as Unicode (UTF-8) (in target 'PrivateMusic' from project 'PrivateMusic')
build	Build simulator target	2026-07-31T12:04:52.0834480Z 
build	Build simulator target	2026-07-31T12:04:52.0836410Z CopyStringsFile /Users/runner/Library/Developer/Xcode/DerivedData/PrivateMusic-deegxthgygprsfgkxekdsehheshx/Build/Products/Debug-iphonesimulator/PrivateMusic.app/en.lproj/Localizable.stringsdict /Users/runner/work/PrivateMusic2/PrivateMusic2/PrivateMusic/Resources/en.lproj/Localizable.stringsdict (in target 'PrivateMusic' from project 'PrivateMusic')
build	Build simulator target	2026-07-31T12:04:52.0837910Z     cd /Users/runner/work/PrivateMusic2/PrivateMusic2
build	Build simulator target	2026-07-31T12:04:52.0839480Z     builtin-copyStrings --validate --outputencoding binary --outfilename Localizable.stringsdict --outdir /Users/runner/Library/Developer/Xcode/DerivedData/PrivateMusic-deegxthgygprsfgkxekdsehheshx/Build/Products/Debug-iphonesimulator/PrivateMusic.app/en.lproj -- /Users/runner/work/PrivateMusic2/PrivateMusic2/PrivateMusic/Resources/en.lproj/Localizable.stringsdict
build	Build simulator target	2026-07-31T12:04:52.0841590Z /Users/runner/work/PrivateMusic2/PrivateMusic2/PrivateMusic/Resources/en.lproj/Localizable.stringsdict:1:1: note: detected encoding of input file as Unicode (UTF-8) (in target 'PrivateMusic' from project 'PrivateMusic')
build	Build simulator target	2026-07-31T12:04:52.0842420Z 
build	Build simulator target	2026-07-31T12:04:52.0843530Z CopyStringsFile /Users/runner/Library/Developer/Xcode/DerivedData/PrivateMusic-deegxthgygprsfgkxekdsehheshx/Build/Products/Debug-iphonesimulator/PrivateMusic.app/en.lproj/Localizable.strings /Users/runner/work/PrivateMusic2/PrivateMusic2/PrivateMusic/Resources/en.lproj/Localizable.strings (in target 'PrivateMusic' from project 'PrivateMusic')
build	Build simulator target	2026-07-31T12:04:52.0844980Z     cd /Users/runner/work/PrivateMusic2/PrivateMusic2
build	Build simulator target	2026-07-31T12:04:52.0846350Z     builtin-copyStrings --validate --outputencoding binary --outfilename Localizable.strings --outdir /Users/runner/Library/Developer/Xcode/DerivedData/PrivateMusic-deegxthgygprsfgkxekdsehheshx/Build/Products/Debug-iphonesimulator/PrivateMusic.app/en.lproj -- /Users/runner/work/PrivateMusic2/PrivateMusic2/PrivateMusic/Resources/en.lproj/Localizable.strings
build	Build simulator target	2026-07-31T12:04:52.0875190Z /Users/runner/work/PrivateMusic2/PrivateMusic2/PrivateMusic/Resources/en.lproj/Localizable.strings:1:1: note: detected encoding of input file as Unicode (UTF-8) (in target 'PrivateMusic' from project 'PrivateMusic')
build	Build simulator target	2026-07-31T12:04:52.0876980Z 
build	Build simulator target	2026-07-31T12:04:52.0878010Z CompileAssetCatalogVariant thinned /Users/runner/Library/Developer/Xcode/DerivedData/PrivateMusic-deegxthgygprsfgkxekdsehheshx/Build/Products/Debug-iphonesimulator/PrivateMusic.app /Users/runner/work/PrivateMusic2/PrivateMusic2/PrivateMusic/Resources/Assets.xcassets (in target 'PrivateMusic' from project 'PrivateMusic')
build	Build simulator target	2026-07-31T12:04:52.0879410Z     cd /Users/runner/work/PrivateMusic2/PrivateMusic2
build	Build simulator target	2026-07-31T12:04:52.0884240Z     /Applications/Xcode_26.5.app/Contents/Developer/usr/bin/actool /Users/runner/work/PrivateMusic2/PrivateMusic2/PrivateMusic/Resources/Assets.xcassets --compile /Users/runner/Library/Developer/Xcode/DerivedData/PrivateMusic-deegxthgygprsfgkxekdsehheshx/Build/Intermediates.noindex/PrivateMusic.build/Debug-iphonesimulator/PrivateMusic.build/assetcatalog_output/thinned --output-format human-readable-text --notices --warnings --export-dependency-info /Users/runner/Library/Developer/Xcode/DerivedData/PrivateMusic-deegxthgygprsfgkxekdsehheshx/Build/Intermediates.noindex/PrivateMusic.build/Debug-iphonesimulator/PrivateMusic.build/assetcatalog_dependencies_thinned --output-partial-info-plist /Users/runner/Library/Developer/Xcode/DerivedData/PrivateMusic-deegxthgygprsfgkxekdsehheshx/Build/Intermediates.noindex/PrivateMusic.build/Debug-iphonesimulator/PrivateMusic.build/assetcatalog_generated_info.plist_thinned --app-icon AppIcon --accent-color AccentColor --compress-pngs --enable-on-demand-resources YES --development-region en --target-device iphone --target-device ipad --minimum-deployment-target 16.0 --platform iphonesimulator
build	Build simulator target	2026-07-31T12:04:59.1174020Z /* com.apple.actool.compilation-results */
build	Build simulator target	2026-07-31T12:04:59.1293500Z /Users/runner/Library/Developer/Xcode/DerivedData/PrivateMusic-deegxthgygprsfgkxekdsehheshx/Build/Intermediates.noindex/PrivateMusic.build/Debug-iphonesimulator/PrivateMusic.build/assetcatalog_generated_info.plist_thinned
build	Build simulator target	2026-07-31T12:04:59.1421030Z /Users/runner/Library/Developer/Xcode/DerivedData/PrivateMusic-deegxthgygprsfgkxekdsehheshx/Build/Intermediates.noindex/PrivateMusic.build/Debug-iphonesimulator/PrivateMusic.build/assetcatalog_output/thinned/AppIcon60x60@2x.png
build	Build simulator target	2026-07-31T12:04:59.1524580Z /Users/runner/Library/Developer/Xcode/DerivedData/PrivateMusic-deegxthgygprsfgkxekdsehheshx/Build/Intermediates.noindex/PrivateMusic.build/Debug-iphonesimulator/PrivateMusic.build/assetcatalog_output/thinned/AppIcon76x76@2x~ipad.png
build	Build simulator target	2026-07-31T12:04:59.1627750Z /Users/runner/Library/Developer/Xcode/DerivedData/PrivateMusic-deegxthgygprsfgkxekdsehheshx/Build/Intermediates.noindex/PrivateMusic.build/Debug-iphonesimulator/PrivateMusic.build/assetcatalog_output/thinned/Assets.car
build	Build simulator target	2026-07-31T12:04:59.1726500Z 
build	Build simulator target	2026-07-31T12:04:59.1827160Z 
build	Build simulator target	2026-07-31T12:04:59.1928460Z SwiftDriver PrivateMusic normal arm64 com.apple.xcode.tools.swift.compiler (in target 'PrivateMusic' from project 'PrivateMusic')
build	Build simulator target	2026-07-31T12:04:59.2030030Z     cd /Users/runner/work/PrivateMusic2/PrivateMusic2
build	Build simulator target	2026-07-31T12:04:59.2149810Z     builtin-SwiftDriver -- /Applications/Xcode_26.5.app/Contents/Developer/Toolchains/XcodeDefault.xctoolchain/usr/bin/swiftc -module-name PrivateMusic -Onone @/Users/runner/Library/Developer/Xcode/DerivedData/PrivateMusic-deegxthgygprsfgkxekdsehheshx/Build/Intermediates.noindex/PrivateMusic.build/Debug-iphonesimulator/PrivateMusic.build/Objects-normal/arm64/PrivateMusic.SwiftFileList -DDEBUG -enable-bare-slash-regex -enable-experimental-feature DebugDescriptionMacro -sdk /Applications/Xcode_26.5.app/Contents/Developer/Platforms/iPhoneSimulator.platform/Developer/SDKs/iPhoneSimulator26.5.sdk -target arm64-apple-ios16.0-simulator -g -module-cache-path /Users/runner/Library/Developer/Xcode/DerivedData/ModuleCache.noindex -Xfrontend -serialize-debugging-options -enable-testing -index-store-path /Users/runner/Library/Developer/Xcode/DerivedData/PrivateMusic-deegxthgygprsfgkxekdsehheshx/Index.noindex/DataStore -Xcc -D_LIBCPP_HARDENING_MODE\=_LIBCPP_HARDENING_MODE_DEBUG -swift-version 5 -I /Users/runner/Library/Developer/Xcode/DerivedData/PrivateMusic-deegxthgygprsfgkxekdsehheshx/Build/Products/Debug-iphonesimulator -F /Users/runner/Library/Developer/Xcode/DerivedData/PrivateMusic-deegxthgygprsfgkxekdsehheshx/Build/Products/Debug-iphonesimulator -c -j3 -enable-batch-mode -incremental -Xcc -ivfsstatcache -Xcc /Users/runner/Library/Developer/Xcode/DerivedData/SDKStatCaches.noindex/iphonesimulator26.5-23F73-688ef53f1462e2c8f657fdc38a81448ffb7d586738ff35573a713a18216ade27.sdkstatcache -output-file-map /Users/runner/Library/Developer/Xcode/DerivedData/PrivateMusic-deegxthgygprsfgkxekdsehheshx/Build/Intermediates.noindex/PrivateMusic.build/Debug-iphonesimulator/PrivateMusic.build/Objects-normal/arm64/PrivateMusic-OutputFileMap.json -use-frontend-parseable-output -save-temps -no-color-diagnostics -explicit-module-build -module-cache-path /Users/runner/Library/Developer/Xcode/DerivedData/PrivateMusic-deegxthgygprsfgkxekdsehheshx/Build/Intermediates.noindex/SwiftExplicitPrecompiledModules -clang-scanner-module-cache-path /Users/runner/Library/Developer/Xcode/DerivedData/ModuleCache.noindex -sdk-module-cache-path /Users/runner/Library/Developer/Xcode/DerivedData/ModuleCache.noindex -serialize-diagnostics -emit-dependencies -emit-module -emit-module-path /Users/runner/Library/Developer/Xcode/DerivedData/PrivateMusic-deegxthgygprsfgkxekdsehheshx/Build/Intermediates.noindex/PrivateMusic.build/Debug-iphonesimulator/PrivateMusic.build/Objects-normal/arm64/PrivateMusic.swiftmodule -validate-clang-modules-once -clang-build-session-file /Users/runner/Library/Developer/Xcode/DerivedData/ModuleCache.noindex/Session.modulevalidation -Xcc -I/Users/runner/Library/Developer/Xcode/DerivedData/PrivateMusic-deegxthgygprsfgkxekdsehheshx/Build/Intermediates.noindex/PrivateMusic.build/Debug-iphonesimulator/PrivateMusic.build/swift-overrides.hmap -emit-const-values -Xfrontend -const-gather-protocols-file -Xfrontend /Users/runner/Library/Developer/Xcode/DerivedData/PrivateMusic-deegxthgygprsfgkxekdsehheshx/Build/Intermediates.noindex/PrivateMusic.build/Debug-iphonesimulator/PrivateMusic.build/Objects-normal/arm64/PrivateMusic_const_extract_protocols.json -Xcc -iquote -Xcc /Users/runner/Library/Developer/Xcode/DerivedData/PrivateMusic-deegxthgygprsfgkxekdsehheshx/Build/Intermediates.noindex/PrivateMusic.build/Debug-iphonesimulator/PrivateMusic.build/PrivateMusic-generated-files.hmap -Xcc -I/Users/runner/Library/Developer/Xcode/DerivedData/PrivateMusic-deegxthgygprsfgkxekdsehheshx/Build/Intermediates.noindex/PrivateMusic.build/Debug-iphonesimulator/PrivateMusic.build/PrivateMusic-own-target-headers.hmap -Xcc -I/Users/runner/Library/Developer/Xcode/DerivedData/PrivateMusic-deegxthgygprsfgkxekdsehheshx/Build/Intermediates.noindex/PrivateMusic.build/Debug-iphonesimulator/PrivateMusic.build/PrivateMusic-all-target-headers.hmap -Xcc -iquote -Xcc /Users/runner/Library/Developer/Xcode/DerivedData/PrivateMusic-deegxthgygprsfgkxekdsehheshx/Build/Intermediates.noindex/PrivateMusic.build/Debug-iphonesimulator/PrivateMusic.build/PrivateMusic-project-headers.hmap -Xcc -I/Users/runner/Library/Developer/Xcode/DerivedData/PrivateMusic-deegxthgygprsfgkxekdsehheshx/Build/Products/Debug-iphonesimulator/include -Xcc -I/Users/runner/Library/Developer/Xcode/DerivedData/PrivateMusic-deegxthgygprsfgkxekdsehheshx/Build/Intermediates.noindex/PrivateMusic.build/Debug-iphonesimulator/PrivateMusic.build/DerivedSources-normal/arm64 -Xcc -I/Users/runner/Library/Developer/Xcode/DerivedData/PrivateMusic-deegxthgygprsfgkxekdsehheshx/Build/Intermediates.noindex/PrivateMusic.build/Debug-iphonesimulator/PrivateMusic.build/DerivedSources/arm64 -Xcc -I/Users/runner/Library/Developer/Xcode/DerivedData/PrivateMusic-deegxthgygprsfgkxekdsehheshx/Build/Intermediates.noindex/PrivateMusic.build/Debug-iphonesimulator/PrivateMusic.build/DerivedSources -Xcc -DDEBUG\=1 -emit-objc-header -emit-objc-header-path /Users/runner/Library/Developer/Xcode/DerivedData/PrivateMusic-deegxthgygprsfgkxekdsehheshx/Build/Intermediates.noindex/PrivateMusic.build/Debug-iphonesimulator/PrivateMusic.build/Objects-normal/arm64/PrivateMusic-Swift.h -working-directory /Users/runner/work/PrivateMusic2/PrivateMusic2 -experimental-emit-module-separately -disable-cmo
build	Build simulator target	2026-07-31T12:04:59.2261190Z 
build	Build simulator target	2026-07-31T12:04:59.2345810Z SwiftDriver PrivateMusic normal x86_64 com.apple.xcode.tools.swift.compiler (in target 'PrivateMusic' from project 'PrivateMusic')
build	Build simulator target	2026-07-31T12:04:59.2346450Z     cd /Users/runner/work/PrivateMusic2/PrivateMusic2
build	Build simulator target	2026-07-31T12:04:59.2464030Z     builtin-SwiftDriver -- /Applications/Xcode_26.5.app/Contents/Developer/Toolchains/XcodeDefault.xctoolchain/usr/bin/swiftc -module-name PrivateMusic -Onone @/Users/runner/Library/Developer/Xcode/DerivedData/PrivateMusic-deegxthgygprsfgkxekdsehheshx/Build/Intermediates.noindex/PrivateMusic.build/Debug-iphonesimulator/PrivateMusic.build/Objects-normal/x86_64/PrivateMusic.SwiftFileList -DDEBUG -enable-bare-slash-regex -enable-experimental-feature DebugDescriptionMacro -sdk /Applications/Xcode_26.5.app/Contents/Developer/Platforms/iPhoneSimulator.platform/Developer/SDKs/iPhoneSimulator26.5.sdk -target x86_64-apple-ios16.0-simulator -g -module-cache-path /Users/runner/Library/Developer/Xcode/DerivedData/ModuleCache.noindex -Xfrontend -serialize-debugging-options -enable-testing -index-store-path /Users/runner/Library/Developer/Xcode/DerivedData/PrivateMusic-deegxthgygprsfgkxekdsehheshx/Index.noindex/DataStore -Xcc -D_LIBCPP_HARDENING_MODE\=_LIBCPP_HARDENING_MODE_DEBUG -swift-version 5 -I /Users/runner/Library/Developer/Xcode/DerivedData/PrivateMusic-deegxthgygprsfgkxekdsehheshx/Build/Products/Debug-iphonesimulator -F /Users/runner/Library/Developer/Xcode/DerivedData/PrivateMusic-deegxthgygprsfgkxekdsehheshx/Build/Products/Debug-iphonesimulator -c -j3 -enable-batch-mode -incremental -Xcc -ivfsstatcache -Xcc /Users/runner/Library/Developer/Xcode/DerivedData/SDKStatCaches.noindex/iphonesimulator26.5-23F73-688ef53f1462e2c8f657fdc38a81448ffb7d586738ff35573a713a18216ade27.sdkstatcache -output-file-map /Users/runner/Library/Developer/Xcode/DerivedData/PrivateMusic-deegxthgygprsfgkxekdsehheshx/Build/Intermediates.noindex/PrivateMusic.build/Debug-iphonesimulator/PrivateMusic.build/Objects-normal/x86_64/PrivateMusic-OutputFileMap.json -use-frontend-parseable-output -save-temps -no-color-diagnostics -explicit-module-build -module-cache-path /Users/runner/Library/Developer/Xcode/DerivedData/PrivateMusic-deegxthgygprsfgkxekdsehheshx/Build/Intermediates.noindex/SwiftExplicitPrecompiledModules -clang-scanner-module-cache-path /Users/runner/Library/Developer/Xcode/DerivedData/ModuleCache.noindex -sdk-module-cache-path /Users/runner/Library/Developer/Xcode/DerivedData/ModuleCache.noindex -serialize-diagnostics -emit-dependencies -emit-module -emit-module-path /Users/runner/Library/Developer/Xcode/DerivedData/PrivateMusic-deegxthgygprsfgkxekdsehheshx/Build/Intermediates.noindex/PrivateMusic.build/Debug-iphonesimulator/PrivateMusic.build/Objects-normal/x86_64/PrivateMusic.swiftmodule -validate-clang-modules-once -clang-build-session-file /Users/runner/Library/Developer/Xcode/DerivedData/ModuleCache.noindex/Session.modulevalidation -Xcc -I/Users/runner/Library/Developer/Xcode/DerivedData/PrivateMusic-deegxthgygprsfgkxekdsehheshx/Build/Intermediates.noindex/PrivateMusic.build/Debug-iphonesimulator/PrivateMusic.build/swift-overrides.hmap -emit-const-values -Xfrontend -const-gather-protocols-file -Xfrontend /Users/runner/Library/Developer/Xcode/DerivedData/PrivateMusic-deegxthgygprsfgkxekdsehheshx/Build/Intermediates.noindex/PrivateMusic.build/Debug-iphonesimulator/PrivateMusic.build/Objects-normal/x86_64/PrivateMusic_const_extract_protocols.json -Xcc -iquote -Xcc /Users/runner/Library/Developer/Xcode/DerivedData/PrivateMusic-deegxthgygprsfgkxekdsehheshx/Build/Intermediates.noindex/PrivateMusic.build/Debug-iphonesimulator/PrivateMusic.build/PrivateMusic-generated-files.hmap -Xcc -I/Users/runner/Library/Developer/Xcode/DerivedData/PrivateMusic-deegxthgygprsfgkxekdsehheshx/Build/Intermediates.noindex/PrivateMusic.build/Debug-iphonesimulator/PrivateMusic.build/PrivateMusic-own-target-headers.hmap -Xcc -I/Users/runner/Library/Developer/Xcode/DerivedData/PrivateMusic-deegxthgygprsfgkxekdsehheshx/Build/Intermediates.noindex/PrivateMusic.build/Debug-iphonesimulator/PrivateMusic.build/PrivateMusic-all-target-headers.hmap -Xcc -iquote -Xcc /Users/runner/Library/Developer/Xcode/DerivedData/PrivateMusic-deegxthgygprsfgkxekdsehheshx/Build/Intermediates.noindex/PrivateMusic.build/Debug-iphonesimulator/PrivateMusic.build/PrivateMusic-project-headers.hmap -Xcc -I/Users/runner/Library/Developer/Xcode/DerivedData/PrivateMusic-deegxthgygprsfgkxekdsehheshx/Build/Products/Debug-iphonesimulator/include -Xcc -I/Users/runner/Library/Developer/Xcode/DerivedData/PrivateMusic-deegxthgygprsfgkxekdsehheshx/Build/Intermediates.noindex/PrivateMusic.build/Debug-iphonesimulator/PrivateMusic.build/DerivedSources-normal/x86_64 -Xcc -I/Users/runner/Library/Developer/Xcode/DerivedData/PrivateMusic-deegxthgygprsfgkxekdsehheshx/Build/Intermediates.noindex/PrivateMusic.build/Debug-iphonesimulator/PrivateMusic.build/DerivedSources/x86_64 -Xcc -I/Users/runner/Library/Developer/Xcode/DerivedData/PrivateMusic-deegxthgygprsfgkxekdsehheshx/Build/Intermediates.noindex/PrivateMusic.build/Debug-iphonesimulator/PrivateMusic.build/DerivedSources -Xcc -DDEBUG\=1 -emit-objc-header -emit-objc-header-path /Users/runner/Library/Developer/Xcode/DerivedData/PrivateMusic-deegxthgygprsfgkxekdsehheshx/Build/Intermediates.noindex/PrivateMusic.build/Debug-iphonesimulator/PrivateMusic.build/Objects-normal/x86_64/PrivateMusic-Swift.h -working-directory /Users/runner/work/PrivateMusic2/PrivateMusic2 -experimental-emit-module-separately -disable-cmo
build	Build simulator target	2026-07-31T12:04:59.2583240Z 
build	Build simulator target	2026-07-31T12:04:59.2685640Z SwiftExplicitDependencyGeneratePcm x86_64 /Users/runner/Library/Developer/Xcode/DerivedData/ModuleCache.noindex/_SwiftConcurrencyShims-1ZID9EFVL0G915Q73PPNME2RG.pcm
build	Build simulator target	2026-07-31T12:04:59.2784290Z 
build	Build simulator target	2026-07-31T12:04:59.2890250Z SwiftExplicitDependencyGeneratePcm x86_64 /Users/runner/Library/Developer/Xcode/DerivedData/ModuleCache.noindex/DeveloperToolsSupport-1SFDEVYZWN358RUZ1ULT7MRDX.pcm
build	Build simulator target	2026-07-31T12:04:59.2992400Z 
build	Build simulator target	2026-07-31T12:04:59.3102960Z SwiftExplicitDependencyGeneratePcm x86_64 /Users/runner/Library/Developer/Xcode/DerivedData/ModuleCache.noindex/ptrcheck-C9QCT0WJAIEPFFE2Y4MJ41XS3.pcm
build	Build simulator target	2026-07-31T12:04:59.3235200Z 
build	Build simulator target	2026-07-31T12:04:59.3338120Z SwiftExplicitDependencyGeneratePcm x86_64 /Users/runner/Library/Developer/Xcode/DerivedData/ModuleCache.noindex/_Builtin_stddef-VACW0OWC77YTBHFAWLGA5B5A.pcm
build	Build simulator target	2026-07-31T12:04:59.3439410Z 
build	Build simulator target	2026-07-31T12:04:59.3542050Z SwiftExplicitDependencyGeneratePcm x86_64 /Users/runner/Library/Developer/Xcode/DerivedData/ModuleCache.noindex/ptrauth-5ZZA9ZBBCYCXDM1RRU5PYKL3W.pcm
build	Build simulator target	2026-07-31T12:04:59.3647950Z 
build	Build simulator target	2026-07-31T12:04:59.3757600Z SwiftExplicitDependencyGeneratePcm x86_64 /Users/runner/Library/Developer/Xcode/DerivedData/ModuleCache.noindex/SwiftShims-4V07HYBV6OCPQKL3YB9SU2H5M.pcm
build	Build simulator target	2026-07-31T12:04:59.3860220Z 
build	Build simulator target	2026-07-31T12:04:59.3964680Z SwiftExplicitDependencyGeneratePcm x86_64 /Users/runner/Library/Developer/Xcode/DerivedData/ModuleCache.noindex/_Builtin_stdbool-736RKV6JIUEXIO7JWE4C7O9Y7.pcm
build	Build simulator target	2026-07-31T12:04:59.4067120Z 
build	Build simulator target	2026-07-31T12:04:59.4183080Z SwiftExplicitDependencyGeneratePcm x86_64 /Users/runner/Library/Developer/Xcode/DerivedData/ModuleCache.noindex/_Builtin_float-2XDO68KLPIDXFQIUYKJAMJIHC.pcm
build	Build simulator target	2026-07-31T12:04:59.4284210Z 
build	Build simulator target	2026-07-31T12:04:59.4387770Z SwiftExplicitDependencyGeneratePcm arm64 /Users/runner/Library/Developer/Xcode/DerivedData/ModuleCache.noindex/_Builtin_stdbool-6LQ7IP3QJN177SESTDWWWLPRW.pcm
build	Build simulator target	2026-07-31T12:04:59.4498950Z 
build	Build simulator target	2026-07-31T12:04:59.4632950Z SwiftExplicitDependencyGeneratePcm arm64 /Users/runner/Library/Developer/Xcode/DerivedData/ModuleCache.noindex/DeveloperToolsSupport-EBHRVJMVCXTMVZB9TZQ8BLP4Y.pcm
build	Build simulator target	2026-07-31T12:04:59.4739340Z 
build	Build simulator target	2026-07-31T12:04:59.4842030Z SwiftExplicitDependencyGeneratePcm arm64 /Users/runner/Library/Developer/Xcode/DerivedData/ModuleCache.noindex/ptrcheck-4TZPC4LR1DB0EG95HCIRDRLJV.pcm
build	Build simulator target	2026-07-31T12:04:59.4952600Z 
build	Build simulator target	2026-07-31T12:04:59.5053980Z SwiftExplicitDependencyGeneratePcm arm64 /Users/runner/Library/Developer/Xcode/DerivedData/ModuleCache.noindex/_AvailabilityInternal-4FWZJI2C24NJS58S7V4C9SZCS.pcm
build	Build simulator target	2026-07-31T12:04:59.5183610Z 
build	Build simulator target	2026-07-31T12:04:59.5300680Z SwiftExplicitDependencyGeneratePcm arm64 /Users/runner/Library/Developer/Xcode/DerivedData/ModuleCache.noindex/ptrauth-7KU57L3EEGO1GKYKBMPTD3JOZ.pcm
build	Build simulator target	2026-07-31T12:04:59.5446440Z 
build	Build simulator target	2026-07-31T12:04:59.5555450Z SwiftExplicitDependencyGeneratePcm arm64 /Users/runner/Library/Developer/Xcode/DerivedData/ModuleCache.noindex/_Builtin_stddef-7UYNSFMWO5HV8NF4HVQ5T5UCL.pcm
build	Build simulator target	2026-07-31T12:04:59.5657560Z 
build	Build simulator target	2026-07-31T12:04:59.5761620Z SwiftExplicitDependencyGeneratePcm arm64 /Users/runner/Library/Developer/Xcode/DerivedData/ModuleCache.noindex/_Builtin_float-7NX3P6QMW4CX64V2BXNCQCV69.pcm
build	Build simulator target	2026-07-31T12:04:59.5883360Z 
build	Build simulator target	2026-07-31T12:04:59.5987230Z SwiftExplicitDependencyGeneratePcm x86_64 /Users/runner/Library/Developer/Xcode/DerivedData/ModuleCache.noindex/_AvailabilityInternal-17SVJXGQDHM1M1JZ7G9630N6U.pcm
build	Build simulator target	2026-07-31T12:04:59.6088410Z 
build	Build simulator target	2026-07-31T12:04:59.6204660Z SwiftExplicitDependencyGeneratePcm x86_64 /Users/runner/Library/Developer/Xcode/DerivedData/ModuleCache.noindex/_Builtin_stdarg-338MZHS73A0BT8QARY8CFZIGH.pcm
build	Build simulator target	2026-07-31T12:04:59.6339760Z 
build	Build simulator target	2026-07-31T12:04:59.6458830Z SwiftExplicitDependencyGeneratePcm arm64 /Users/runner/Library/Developer/Xcode/DerivedData/ModuleCache.noindex/SwiftShims-1ARURVC47K6TPYLMLCX4423F.pcm
build	Build simulator target	2026-07-31T12:04:59.6563080Z 
build	Build simulator target	2026-07-31T12:04:59.6665990Z SwiftExplicitDependencyGeneratePcm arm64 /Users/runner/Library/Developer/Xcode/DerivedData/ModuleCache.noindex/_DarwinFoundation1-5NT0HVIVM11S4TI5TFREZNTK.pcm
build	Build simulator target	2026-07-31T12:04:59.6771890Z 
build	Build simulator target	2026-07-31T12:04:59.6873470Z SwiftExplicitDependencyGeneratePcm x86_64 /Users/runner/Library/Developer/Xcode/DerivedData/ModuleCache.noindex/_DarwinFoundation1-35STHKCXJK8GLX2PD19ONWK0K.pcm
build	Build simulator target	2026-07-31T12:04:59.6973140Z 
build	Build simulator target	2026-07-31T12:04:59.7038020Z SwiftExplicitDependencyGeneratePcm arm64 /Users/runner/Library/Developer/Xcode/DerivedData/ModuleCache.noindex/_Builtin_stdarg-6TY6TH1XKFYEKGU7KAGZ70HNE.pcm
build	Build simulator target	2026-07-31T12:04:59.7139740Z 
build	Build simulator target	2026-07-31T12:04:59.7241010Z SwiftExplicitDependencyGeneratePcm arm64 /Users/runner/Library/Developer/Xcode/DerivedData/ModuleCache.noindex/_Builtin_limits-84NWLK7V5C0FTZZA69SJN01R4.pcm
build	Build simulator target	2026-07-31T12:04:59.7348950Z 
build	Build simulator target	2026-07-31T12:04:59.7450140Z SwiftExplicitDependencyGeneratePcm x86_64 /Users/runner/Library/Developer/Xcode/DerivedData/ModuleCache.noindex/_Builtin_limits-3X7NEHFH0708I6QPKWTWHOSQN.pcm
build	Build simulator target	2026-07-31T12:04:59.7551010Z 
build	Build simulator target	2026-07-31T12:04:59.7684440Z SwiftExplicitDependencyGeneratePcm x86_64 /Users/runner/Library/Developer/Xcode/DerivedData/ModuleCache.noindex/_DarwinFoundation2-5WANAH6CEK8RU6G95CZSBZU5.pcm
build	Build simulator target	2026-07-31T12:04:59.7784780Z 
build	Build simulator target	2026-07-31T12:04:59.7905160Z SwiftExplicitDependencyGeneratePcm arm64 /Users/runner/Library/Developer/Xcode/DerivedData/ModuleCache.noindex/_DarwinFoundation2-9D7NQNC5A1LORTR7458XHPSU0.pcm
build	Build simulator target	2026-07-31T12:04:59.8018770Z 
build	Build simulator target	2026-07-31T12:04:59.8128750Z SwiftExplicitDependencyGeneratePcm arm64 /Users/runner/Library/Developer/Xcode/DerivedData/ModuleCache.noindex/_SwiftConcurrencyShims-D4SAS5N5HJCB6PL4TRE13CDG1.pcm
build	Build simulator target	2026-07-31T12:04:59.8230330Z 
build	Build simulator target	2026-07-31T12:04:59.8340160Z SwiftExplicitDependencyGeneratePcm x86_64 /Users/runner/Library/Developer/Xcode/DerivedData/ModuleCache.noindex/_Builtin_tgmath-C43W9NA6K970P1LNN2ZFKY8WK.pcm
build	Build simulator target	2026-07-31T12:04:59.8440180Z 
build	Build simulator target	2026-07-31T12:04:59.8571200Z SwiftExplicitDependencyGeneratePcm x86_64 /Users/runner/Library/Developer/Xcode/DerivedData/ModuleCache.noindex/sys_types-C7VNP971YYCWZKVN5MHTV7SZ4.pcm
build	Build simulator target	2026-07-31T12:04:59.8671270Z 
build	Build simulator target	2026-07-31T12:04:59.8802810Z SwiftExplicitDependencyGeneratePcm x86_64 /Users/runner/Library/Developer/Xcode/DerivedData/ModuleCache.noindex/_Builtin_stdint-3UP7JR81667NX7WKGK8XX71AE.pcm
build	Build simulator target	2026-07-31T12:04:59.8906990Z 
build	Build simulator target	2026-07-31T12:04:59.9048430Z SwiftExplicitDependencyGeneratePcm arm64 /Users/runner/Library/Developer/Xcode/DerivedData/ModuleCache.noindex/sys_types-E1NL9MWMUGJDARORSSKYGYZHT.pcm
build	Build simulator target	2026-07-31T12:04:59.9049310Z 
build	Build simulator target	2026-07-31T12:04:59.9151670Z SwiftExplicitDependencyGeneratePcm arm64 /Users/runner/Library/Developer/Xcode/DerivedData/ModuleCache.noindex/_Builtin_tgmath-EA01F1CJ0Z66GYTVJJPH6FB1J.pcm
build	Build simulator target	2026-07-31T12:04:59.9273210Z 
build	Build simulator target	2026-07-31T12:04:59.9394200Z SwiftExplicitDependencyGeneratePcm x86_64 /Users/runner/Library/Developer/Xcode/DerivedData/ModuleCache.noindex/_DarwinFoundation3-907QPOD9XRMHHRWVCHZAVC062.pcm
build	Build simulator target	2026-07-31T12:04:59.9512330Z 
build	Build simulator target	2026-07-31T12:04:59.9613720Z SwiftExplicitDependencyGeneratePcm x86_64 /Users/runner/Library/Developer/Xcode/DerivedData/ModuleCache.noindex/_Builtin_stdatomic-3IXRA4I1J0THROIZFS5NX1U8F.pcm
build	Build simulator target	2026-07-31T12:04:59.9720780Z 
build	Build simulator target	2026-07-31T12:04:59.9837160Z SwiftExplicitDependencyGeneratePcm arm64 /Users/runner/Library/Developer/Xcode/DerivedData/ModuleCache.noindex/_Builtin_stdint-8D920RVMFTLWHAA0YY6HQW7IT.pcm
build	Build simulator target	2026-07-31T12:04:59.9948060Z 
build	Build simulator target	2026-07-31T12:05:00.0058140Z SwiftExplicitDependencyGeneratePcm arm64 /Users/runner/Library/Developer/Xcode/DerivedData/ModuleCache.noindex/_Builtin_intrinsics-7QEK8E1DWLO8R1YM495889Z0.pcm
build	Build simulator target	2026-07-31T12:05:00.0196250Z 
build	Build simulator target	2026-07-31T12:05:00.0310620Z SwiftExplicitDependencyGeneratePcm arm64 /Users/runner/Library/Developer/Xcode/DerivedData/ModuleCache.noindex/_DarwinFoundation3-6WU1WRX2V9KT9U5VZNZKL7BDN.pcm
build	Build simulator target	2026-07-31T12:05:00.0414010Z 
build	Build simulator target	2026-07-31T12:05:00.0515680Z SwiftExplicitDependencyGeneratePcm x86_64 /Users/runner/Library/Developer/Xcode/DerivedData/ModuleCache.noindex/CommonCrypto-EMD3E6HOB4H7VDY49TSUMS31R.pcm
build	Build simulator target	2026-07-31T12:05:00.0616970Z 
build	Build simulator target	2026-07-31T12:05:00.0719350Z SwiftExplicitDependencyGeneratePcm x86_64 /Users/runner/Library/Developer/Xcode/DerivedData/ModuleCache.noindex/_Builtin_intrinsics-DSOYVL7JK1J2YSEEU7MAIMHUB.pcm
build	Build simulator target	2026-07-31T12:05:00.0821880Z 
build	Build simulator target	2026-07-31T12:05:00.0924950Z SwiftExplicitDependencyGeneratePcm arm64 /Users/runner/Library/Developer/Xcode/DerivedData/ModuleCache.noindex/_Builtin_inttypes-BSWZIUTKOC5ZK5IWMPMNKVILI.pcm
build	Build simulator target	2026-07-31T12:05:00.1027970Z 
build	Build simulator target	2026-07-31T12:05:00.1137230Z SwiftExplicitDependencyGeneratePcm arm64 /Users/runner/Library/Developer/Xcode/DerivedData/ModuleCache.noindex/simd-7QU5U8RDEK788BRXDNT8IGZOO.pcm
build	Build simulator target	2026-07-31T12:05:00.1239320Z 
build	Build simulator target	2026-07-31T12:05:00.1340930Z SwiftExplicitDependencyGeneratePcm arm64 /Users/runner/Library/Developer/Xcode/DerivedData/ModuleCache.noindex/Darwin-41M15PBH5LVNB3UJM5LGOFXD2.pcm
build	Build simulator target	2026-07-31T12:05:00.1477730Z 
build	Build simulator target	2026-07-31T12:05:00.1601140Z SwiftExplicitDependencyGeneratePcm x86_64 /Users/runner/Library/Developer/Xcode/DerivedData/ModuleCache.noindex/simd-44SE7DLM79TS88RC3JDNMJZQI.pcm
build	Build simulator target	2026-07-31T12:05:00.1705460Z 
build	Build simulator target	2026-07-31T12:05:00.1817340Z SwiftExplicitDependencyGeneratePcm arm64 /Users/runner/Library/Developer/Xcode/DerivedData/ModuleCache.noindex/CommonCrypto-3RR80VXKVR6ZM7BD8G79IPKBY.pcm
build	Build simulator target	2026-07-31T12:05:00.1918960Z 
build	Build simulator target	2026-07-31T12:05:00.2021880Z SwiftExplicitDependencyGeneratePcm arm64 /Users/runner/Library/Developer/Xcode/DerivedData/ModuleCache.noindex/MachO-B5EMX3M7PJ4K7VFRL10L4H04Y.pcm
build	Build simulator target	2026-07-31T12:05:00.2126020Z 
build	Build simulator target	2026-07-31T12:05:00.2242530Z SwiftExplicitDependencyGeneratePcm arm64 /Users/runner/Library/Developer/Xcode/DerivedData/ModuleCache.noindex/ObjectiveC-EMHFEJQLSNEM8G4IFSTT8PIZV.pcm
build	Build simulator target	2026-07-31T12:05:00.2347900Z 
build	Build simulator target	2026-07-31T12:05:00.2458520Z SwiftExplicitDependencyGeneratePcm arm64 /Users/runner/Library/Developer/Xcode/DerivedData/ModuleCache.noindex/_Builtin_stdatomic-4BWD3JS1UZ8ZJZSJ8C6YRK650.pcm
build	Build simulator target	2026-07-31T12:05:00.2561220Z 
build	Build simulator target	2026-07-31T12:05:00.2668020Z SwiftExplicitDependencyGeneratePcm arm64 /Users/runner/Library/Developer/Xcode/DerivedData/ModuleCache.noindex/os_object-EC6GQN138PVY1AJPB3CMI1LC1.pcm
build	Build simulator target	2026-07-31T12:05:00.2769650Z 
build	Build simulator target	2026-07-31T12:05:00.2876340Z SwiftExplicitDependencyGeneratePcm x86_64 /Users/runner/Library/Developer/Xcode/DerivedData/ModuleCache.noindex/Spatial-1SYURQ0JPQ41736Q6EHMISGF2.pcm
build	Build simulator target	2026-07-31T12:05:00.2980450Z 
build	Build simulator target	2026-07-31T12:05:00.3082160Z SwiftExplicitDependencyGeneratePcm x86_64 /Users/runner/Library/Developer/Xcode/DerivedData/ModuleCache.noindex/_Builtin_inttypes-1RDLKIVIP0AUSW91JJT34OQAL.pcm
build	Build simulator target	2026-07-31T12:05:00.3183930Z 
build	Build simulator target	2026-07-31T12:05:00.3286910Z SwiftExplicitDependencyGeneratePcm arm64 /Users/runner/Library/Developer/Xcode/DerivedData/ModuleCache.noindex/os_workgroup-3SO1AK9JI3JNOK1FJG2AHPDXU.pcm
build	Build simulator target	2026-07-31T12:05:00.3389160Z 
build	Build simulator target	2026-07-31T12:05:00.3490320Z SwiftExplicitDependencyGeneratePcm x86_64 /Users/runner/Library/Developer/Xcode/DerivedData/ModuleCache.noindex/Darwin-5AD807WB9BXDPW8VLUYVUZEP4.pcm
build	Build simulator target	2026-07-31T12:05:00.3591730Z 
build	Build simulator target	2026-07-31T12:05:00.3694310Z SwiftExplicitDependencyGeneratePcm arm64 /Users/runner/Library/Developer/Xcode/DerivedData/ModuleCache.noindex/Dispatch-6B5V3KMUI9JZA1Y28EHLS15A6.pcm
build	Build simulator target	2026-07-31T12:05:00.3811900Z 
build	Build simulator target	2026-07-31T12:05:00.3936320Z SwiftExplicitDependencyGeneratePcm arm64 /Users/runner/Library/Developer/Xcode/DerivedData/ModuleCache.noindex/Spatial-DQYAOYKY7LEW3P680CEK4I1NT.pcm
build	Build simulator target	2026-07-31T12:05:00.4045510Z 
build	Build simulator target	2026-07-31T12:05:00.4148170Z SwiftExplicitDependencyGeneratePcm arm64 /Users/runner/Library/Developer/Xcode/DerivedData/ModuleCache.noindex/CoreFoundation-1LK878XIVDKAC5BBLYNJ8HTQ7.pcm
build	Build simulator target	2026-07-31T12:05:00.4251710Z 
build	Build simulator target	2026-07-31T12:05:00.4353580Z SwiftExplicitDependencyGeneratePcm x86_64 /Users/runner/Library/Developer/Xcode/DerivedData/ModuleCache.noindex/MachO-D8BX4FZ61OY4Z00IO958TYQMB.pcm
build	Build simulator target	2026-07-31T12:05:00.4455060Z 
build	Build simulator target	2026-07-31T12:05:00.4557710Z SwiftExplicitDependencyGeneratePcm arm64 /Users/runner/Library/Developer/Xcode/DerivedData/ModuleCache.noindex/XPC-6MU149L16E3AQU5J1SWYHF2FZ.pcm
build	Build simulator target	2026-07-31T12:05:00.4659790Z 
build	Build simulator target	2026-07-31T12:05:00.4765390Z SwiftExplicitDependencyGeneratePcm arm64 /Users/runner/Library/Developer/Xcode/DerivedData/ModuleCache.noindex/CoreAudioTypes-51RMI3QO7HQUAPXKMZB4EGC2O.pcm
build	Build simulator target	2026-07-31T12:05:00.4867080Z 
build	Build simulator target	2026-07-31T12:05:00.4968630Z SwiftExplicitDependencyGeneratePcm arm64 /Users/runner/Library/Developer/Xcode/DerivedData/ModuleCache.noindex/Security-8UEGNCI5MT719W13F4HVSSV0K.pcm
build	Build simulator target	2026-07-31T12:05:00.5070410Z 
build	Build simulator target	2026-07-31T12:05:00.5172040Z SwiftExplicitDependencyGeneratePcm x86_64 /Users/runner/Library/Developer/Xcode/DerivedData/ModuleCache.noindex/ObjectiveC-5L2NGI1JA671AMKUYFEPJ76GK.pcm
build	Build simulator target	2026-07-31T12:05:00.5274000Z 
build	Build simulator target	2026-07-31T12:05:00.5376470Z SwiftExplicitDependencyGeneratePcm arm64 /Users/runner/Library/Developer/Xcode/DerivedData/ModuleCache.noindex/os-5ANEPF3YL3VM3FB5N2UPJNXEH.pcm
build	Build simulator target	2026-07-31T12:05:00.5478770Z 
build	Build simulator target	2026-07-31T12:05:00.5587290Z SwiftExplicitDependencyGeneratePcm arm64 /Users/runner/Library/Developer/Xcode/DerivedData/ModuleCache.noindex/CoreGraphics-2TBXS3MDOBS2BVS9II9LHXMDU.pcm
build	Build simulator target	2026-07-31T12:05:00.5689700Z 
build	Build simulator target	2026-07-31T12:05:00.5791110Z SwiftExplicitDependencyGeneratePcm x86_64 /Users/runner/Library/Developer/Xcode/DerivedData/ModuleCache.noindex/os_object-8EBXKM2KQBYW6OM9JQEZ6MMJA.pcm
build	Build simulator target	2026-07-31T12:05:00.5805220Z 
build	Build simulator target	2026-07-31T12:05:00.5906380Z SwiftExplicitDependencyGeneratePcm arm64 /Users/runner/Library/Developer/Xcode/DerivedData/ModuleCache.noindex/CFNetwork-DNDVFBX5C06JPSO2ILXBZUBBT.pcm
build	Build simulator target	2026-07-31T12:05:00.6008410Z 
build	Build simulator target	2026-07-31T12:05:00.6109840Z SwiftExplicitDependencyGeneratePcm arm64 /Users/runner/Library/Developer/Xcode/DerivedData/ModuleCache.noindex/CoreAudio-ERDL7R5N25GNNE29W8MIC8KSX.pcm
build	Build simulator target	2026-07-31T12:05:00.6211020Z 
build	Build simulator target	2026-07-31T12:05:00.6313390Z SwiftExplicitDependencyGeneratePcm x86_64 /Users/runner/Library/Developer/Xcode/DerivedData/ModuleCache.noindex/os_workgroup-BVF8N2RLIMWSNSBAVP3VV0SA9.pcm
build	Build simulator target	2026-07-31T12:05:00.6414390Z 
build	Build simulator target	2026-07-31T12:05:00.6515750Z SwiftExplicitDependencyGeneratePcm arm64 /Users/runner/Library/Developer/Xcode/DerivedData/ModuleCache.noindex/Foundation-9LJ48RWWUM0R38ERVAKJDVQTD.pcm
build	Build simulator target	2026-07-31T12:05:00.6618550Z 
build	Build simulator target	2026-07-31T12:05:00.6730880Z SwiftExplicitDependencyGeneratePcm arm64 /Users/runner/Library/Developer/Xcode/DerivedData/ModuleCache.noindex/CoreText-AGN7YY7KB584460WZW6C9M2PZ.pcm
build	Build simulator target	2026-07-31T12:05:00.6831880Z 
build	Build simulator target	2026-07-31T12:05:00.6937580Z SwiftExplicitDependencyGeneratePcm arm64 /Users/runner/Library/Developer/Xcode/DerivedData/ModuleCache.noindex/ImageIO-EMR0PHRBNV3P39URNBXVUYB1Y.pcm
build	Build simulator target	2026-07-31T12:05:00.7042740Z 
build	Build simulator target	2026-07-31T12:05:00.7145440Z SwiftExplicitDependencyGeneratePcm x86_64 /Users/runner/Library/Developer/Xcode/DerivedData/ModuleCache.noindex/Dispatch-7YIZBSOTLSJ0B81QRM1S08GQD.pcm
build	Build simulator target	2026-07-31T12:05:00.7283470Z 
build	Build simulator target	2026-07-31T12:05:00.7384880Z SwiftExplicitDependencyGeneratePcm arm64 /Users/runner/Library/Developer/Xcode/DerivedData/ModuleCache.noindex/dnssd-ADKEQRN0NKU4QB4OM5WA73KT8.pcm
build	Build simulator target	2026-07-31T12:05:00.7486360Z 
build	Build simulator target	2026-07-31T12:05:00.7588120Z LinkAssetCatalog /Users/runner/work/PrivateMusic2/PrivateMusic2/PrivateMusic/Resources/Assets.xcassets (in target 'PrivateMusic' from project 'PrivateMusic')
build	Build simulator target	2026-07-31T12:05:00.7721690Z     cd /Users/runner/work/PrivateMusic2/PrivateMusic2
build	Build simulator target	2026-07-31T12:05:00.7839310Z     builtin-linkAssetCatalog --thinned /Users/runner/Library/Developer/Xcode/DerivedData/PrivateMusic-deegxthgygprsfgkxekdsehheshx/Build/Intermediates.noindex/PrivateMusic.build/Debug-iphonesimulator/PrivateMusic.build/assetcatalog_output/thinned --thinned-dependencies /Users/runner/Library/Developer/Xcode/DerivedData/PrivateMusic-deegxthgygprsfgkxekdsehheshx/Build/Intermediates.noindex/PrivateMusic.build/Debug-iphonesimulator/PrivateMusic.build/assetcatalog_dependencies_thinned --thinned-info-plist-content /Users/runner/Library/Developer/Xcode/DerivedData/PrivateMusic-deegxthgygprsfgkxekdsehheshx/Build/Intermediates.noindex/PrivateMusic.build/Debug-iphonesimulator/PrivateMusic.build/assetcatalog_generated_info.plist_thinned --unthinned /Users/runner/Library/Developer/Xcode/DerivedData/PrivateMusic-deegxthgygprsfgkxekdsehheshx/Build/Intermediates.noindex/PrivateMusic.build/Debug-iphonesimulator/PrivateMusic.build/assetcatalog_output/unthinned --unthinned-dependencies /Users/runner/Library/Developer/Xcode/DerivedData/PrivateMusic-deegxthgygprsfgkxekdsehheshx/Build/Intermediates.noindex/PrivateMusic.build/Debug-iphonesimulator/PrivateMusic.build/assetcatalog_dependencies_unthinned --unthinned-info-plist-content /Users/runner/Library/Developer/Xcode/DerivedData/PrivateMusic-deegxthgygprsfgkxekdsehheshx/Build/Intermediates.noindex/PrivateMusic.build/Debug-iphonesimulator/PrivateMusic.build/assetcatalog_generated_info.plist_unthinned --output /Users/runner/Library/Developer/Xcode/DerivedData/PrivateMusic-deegxthgygprsfgkxekdsehheshx/Build/Products/Debug-iphonesimulator/PrivateMusic.app --plist-output /Users/runner/Library/Developer/Xcode/DerivedData/PrivateMusic-deegxthgygprsfgkxekdsehheshx/Build/Intermediates.noindex/PrivateMusic.build/Debug-iphonesimulator/PrivateMusic.build/assetcatalog_generated_info.plist
build	Build simulator target	2026-07-31T12:05:00.7970430Z note: Emplaced /Users/runner/Library/Developer/Xcode/DerivedData/PrivateMusic-deegxthgygprsfgkxekdsehheshx/Build/Products/Debug-iphonesimulator/PrivateMusic.app/AppIcon76x76@2x~ipad.png (in target 'PrivateMusic' from project 'PrivateMusic')
build	Build simulator target	2026-07-31T12:05:00.8074850Z note: Emplaced /Users/runner/Library/Developer/Xcode/DerivedData/PrivateMusic-deegxthgygprsfgkxekdsehheshx/Build/Products/Debug-iphonesimulator/PrivateMusic.app/AppIcon60x60@2x.png (in target 'PrivateMusic' from project 'PrivateMusic')
build	Build simulator target	2026-07-31T12:05:00.8177800Z note: Emplaced /Users/runner/Library/Developer/Xcode/DerivedData/PrivateMusic-deegxthgygprsfgkxekdsehheshx/Build/Products/Debug-iphonesimulator/PrivateMusic.app/Assets.car (in target 'PrivateMusic' from project 'PrivateMusic')
build	Build simulator target	2026-07-31T12:05:00.8279670Z 
build	Build simulator target	2026-07-31T12:05:00.8382840Z SwiftExplicitDependencyGeneratePcm x86_64 /Users/runner/Library/Developer/Xcode/DerivedData/ModuleCache.noindex/XPC-4ODE2G2L5A4EZCOJ659DHTY2S.pcm
build	Build simulator target	2026-07-31T12:05:00.8484420Z 
build	Build simulator target	2026-07-31T12:05:00.8591810Z SwiftExplicitDependencyGeneratePcm x86_64 /Users/runner/Library/Developer/Xcode/DerivedData/ModuleCache.noindex/CoreFoundation-X9SRRGX19X1LDVKI67Z2L1DD.pcm
build	Build simulator target	2026-07-31T12:05:00.8697300Z 
build	Build simulator target	2026-07-31T12:05:00.8814420Z SwiftExplicitDependencyGeneratePcm x86_64 /Users/runner/Library/Developer/Xcode/DerivedData/ModuleCache.noindex/dnssd-5CGDVFC1VW0V2LHBIL9J8ZPOX.pcm
build	Build simulator target	2026-07-31T12:05:00.8917620Z 
build	Build simulator target	2026-07-31T12:05:00.9020340Z SwiftExplicitDependencyGeneratePcm x86_64 /Users/runner/Library/Developer/Xcode/DerivedData/ModuleCache.noindex/os-26K5B2LSOGN38U0J5J795OAGC.pcm
build	Build simulator target	2026-07-31T12:05:00.9139960Z 
build	Build simulator target	2026-07-31T12:05:00.9255400Z ProcessInfoPlistFile /Users/runner/Library/Developer/Xcode/DerivedData/PrivateMusic-deegxthgygprsfgkxekdsehheshx/Build/Products/Debug-iphonesimulator/PrivateMusic.app/Info.plist /Users/runner/work/PrivateMusic2/PrivateMusic2/PrivateMusic/Resources/Info.plist (in target 'PrivateMusic' from project 'PrivateMusic')
build	Build simulator target	2026-07-31T12:05:00.9366060Z     cd /Users/runner/work/PrivateMusic2/PrivateMusic2
build	Build simulator target	2026-07-31T12:05:00.9470080Z     builtin-infoPlistUtility /Users/runner/work/PrivateMusic2/PrivateMusic2/PrivateMusic/Resources/Info.plist -producttype com.apple.product-type.application -genpkginfo /Users/runner/Library/Developer/Xcode/DerivedData/PrivateMusic-deegxthgygprsfgkxekdsehheshx/Build/Products/Debug-iphonesimulator/PrivateMusic.app/PkgInfo -expandbuildsettings -format binary -platform iphonesimulator -additionalcontentfile /Users/runner/Library/Developer/Xcode/DerivedData/PrivateMusic-deegxthgygprsfgkxekdsehheshx/Build/Intermediates.noindex/PrivateMusic.build/Debug-iphonesimulator/PrivateMusic.build/assetcatalog_generated_info.plist -o /Users/runner/Library/Developer/Xcode/DerivedData/PrivateMusic-deegxthgygprsfgkxekdsehheshx/Build/Products/Debug-iphonesimulator/PrivateMusic.app/Info.plist
build	Build simulator target	2026-07-31T12:05:00.9580420Z 
build	Build simulator target	2026-07-31T12:05:00.9681760Z SwiftExplicitDependencyGeneratePcm x86_64 /Users/runner/Library/Developer/Xcode/DerivedData/ModuleCache.noindex/Security-58UUGHZ5UM8BSPZPZ3SHIX8GQ.pcm
build	Build simulator target	2026-07-31T12:05:00.9786960Z 
build	Build simulator target	2026-07-31T12:05:00.9889490Z SwiftExplicitDependencyGeneratePcm arm64 /Users/runner/Library/Developer/Xcode/DerivedData/ModuleCache.noindex/OSLog-27BLLASFKM39RD67SJLZPSABM.pcm
build	Build simulator target	2026-07-31T12:05:00.9995420Z 
build	Build simulator target	2026-07-31T12:05:01.0103290Z SwiftExplicitDependencyGeneratePcm arm64 /Users/runner/Library/Developer/Xcode/DerivedData/ModuleCache.noindex/CoreMIDI-E7HW5X7DMMRR4NBQBMKZZ7NV9.pcm
build	Build simulator target	2026-07-31T12:05:01.0206240Z 
build	Build simulator target	2026-07-31T12:05:01.0307780Z SwiftExplicitDependencyGeneratePcm arm64 /Users/runner/Library/Developer/Xcode/DerivedData/ModuleCache.noindex/DataDetection-8CWKQX1TPBO7PO6EZXLE3ZG91.pcm
build	Build simulator target	2026-07-31T12:05:01.0409650Z 
build	Build simulator target	2026-07-31T12:05:01.0511050Z SwiftExplicitDependencyGeneratePcm arm64 /Users/runner/Library/Developer/Xcode/DerivedData/ModuleCache.noindex/UIUtilities-BCAQQR4IWT7382M544AODHG2.pcm
build	Build simulator target	2026-07-31T12:05:01.0637960Z 
build	Build simulator target	2026-07-31T12:05:01.0740540Z SwiftExplicitDependencyGeneratePcm arm64 /Users/runner/Library/Developer/Xcode/DerivedData/ModuleCache.noindex/OpenGLES-54DWNC81FZFULJSNL6217CD9A.pcm
build	Build simulator target	2026-07-31T12:05:01.0867290Z 
build	Build simulator target	2026-07-31T12:05:01.0980890Z SwiftExplicitDependencyGeneratePcm x86_64 /Users/runner/Library/Developer/Xcode/DerivedData/ModuleCache.noindex/CoreGraphics-5MAYHYXL40Y59S6LH8FF1E4U.pcm
build	Build simulator target	2026-07-31T12:05:01.1082240Z 
build	Build simulator target	2026-07-31T12:05:01.1187100Z SwiftExplicitDependencyGeneratePcm arm64 /Users/runner/Library/Developer/Xcode/DerivedData/ModuleCache.noindex/CoreData-9D569KQWMJY5WBKFZS2CO47XB.pcm
build	Build simulator target	2026-07-31T12:05:01.1290540Z 
build	Build simulator target	2026-07-31T12:05:01.1403990Z SwiftExplicitDependencyGeneratePcm arm64 /Users/runner/Library/Developer/Xcode/DerivedData/ModuleCache.noindex/IOSurface-9CCIXKUSXPYCCG24BXTIXNJ3R.pcm
build	Build simulator target	2026-07-31T12:05:01.1509800Z 
build	Build simulator target	2026-07-31T12:05:01.1615410Z SwiftExplicitDependencyGeneratePcm arm64 /Users/runner/Library/Developer/Xcode/DerivedData/ModuleCache.noindex/FileProvider-4G4ZQUHKXH0FSB2ARD30D1E84.pcm
build	Build simulator target	2026-07-31T12:05:01.1740070Z 
build	Build simulator target	2026-07-31T12:05:01.1853850Z SwiftExplicitDependencyGeneratePcm x86_64 /Users/runner/Library/Developer/Xcode/DerivedData/ModuleCache.noindex/CoreText-BRO4KU3EZ2WJK92NLADJADQUI.pcm
build	Build simulator target	2026-07-31T12:05:01.1955030Z 
build	Build simulator target	2026-07-31T12:05:01.2056350Z SwiftExplicitDependencyGeneratePcm x86_64 /Users/runner/Library/Developer/Xcode/DerivedData/ModuleCache.noindex/ImageIO-8H0CIHYKYIUBI14CPY5N30N1F.pcm
build	Build simulator target	2026-07-31T12:05:01.2157500Z 
build	Build simulator target	2026-07-31T12:05:01.2258790Z SwiftExplicitDependencyGeneratePcm arm64 /Users/runner/Library/Developer/Xcode/DerivedData/ModuleCache.noindex/Metal-4MX3RU2F7CEOES2G7MKGP87E.pcm
build	Build simulator target	2026-07-31T12:05:01.2396290Z 
build	Build simulator target	2026-07-31T12:05:01.2498060Z SwiftExplicitDependencyGeneratePcm arm64 /Users/runner/Library/Developer/Xcode/DerivedData/ModuleCache.noindex/MediaAccessibility-3RFAHFWU5S15OBQIXAEPQ15GV.pcm
build	Build simulator target	2026-07-31T12:05:01.2599270Z 
build	Build simulator target	2026-07-31T12:05:01.2701250Z SwiftExplicitDependencyGeneratePcm arm64 /Users/runner/Library/Developer/Xcode/DerivedData/ModuleCache.noindex/UniformTypeIdentifiers-15ZRMHVOFT1FCEHOY9Q7F07AG.pcm
build	Build simulator target	2026-07-31T12:05:01.2746230Z 
build	Build simulator target	2026-07-31T12:05:01.2848840Z SwiftExplicitDependencyGeneratePcm x86_64 /Users/runner/Library/Developer/Xcode/DerivedData/ModuleCache.noindex/CFNetwork-E7APM5F16XG2UFV9TXMMS3ZGR.pcm
build	Build simulator target	2026-07-31T12:05:01.2950050Z 
build	Build simulator target	2026-07-31T12:05:01.3051080Z SwiftExplicitDependencyGeneratePcm arm64 /Users/runner/Library/Developer/Xcode/DerivedData/ModuleCache.noindex/Network-74E2OWIXEG85FRMKR11BG50NL.pcm
build	Build simulator target	2026-07-31T12:05:01.3152300Z 
build	Build simulator target	2026-07-31T12:05:01.3270280Z SwiftExplicitDependencyGeneratePcm arm64 /Users/runner/Library/Developer/Xcode/DerivedData/ModuleCache.noindex/Accessibility-A8UWHRPDGLWY2IWKP4QTOLNVM.pcm
build	Build simulator target	2026-07-31T12:05:01.3373740Z 
build	Build simulator target	2026-07-31T12:05:01.3474970Z SwiftExplicitDependencyGeneratePcm arm64 /Users/runner/Library/Developer/Xcode/DerivedData/ModuleCache.noindex/CoreVideo-DCYF0DIAXIQLZ1TP99TL2HT3J.pcm
build	Build simulator target	2026-07-31T12:05:01.3576820Z 
build	Build simulator target	2026-07-31T12:05:01.3944630Z SwiftExplicitDependencyGeneratePcm x86_64 /Users/runner/Library/Developer/Xcode/DerivedData/ModuleCache.noindex/Foundation-8KLA2E1KTM4IPYRJCN2210KWN.pcm
build	Build simulator target	2026-07-31T12:05:01.4045950Z 
build	Build simulator target	2026-07-31T12:05:01.4135460Z SwiftExplicitDependencyGeneratePcm arm64 /Users/runner/Library/Developer/Xcode/DerivedData/ModuleCache.noindex/AVRouting-BGPM1ZXM5UIZ9AI7VQ4UQFOAN.pcm
build	Build simulator target	2026-07-31T12:05:01.4136330Z 
build	Build simulator target	2026-07-31T12:05:01.4136910Z SwiftExplicitDependencyGeneratePcm arm64 /Users/runner/Library/Developer/Xcode/DerivedData/ModuleCache.noindex/CoreTransferable-94OI4VFVX2ILQ40UF6TFTISN6.pcm
build	Build simulator target	2026-07-31T12:05:01.4137530Z 
build	Build simulator target	2026-07-31T12:05:01.4138090Z SwiftExplicitDependencyGeneratePcm arm64 /Users/runner/Library/Developer/Xcode/DerivedData/ModuleCache.noindex/QuartzCore-73LHTKY738KJKF8WZ770W0KNB.pcm
build	Build simulator target	2026-07-31T12:05:01.4139090Z 
build	Build simulator target	2026-07-31T12:05:01.4139610Z SwiftExplicitDependencyGeneratePcm arm64 /Users/runner/Library/Developer/Xcode/DerivedData/ModuleCache.noindex/CoreMedia-PDBX5QWXZ8MMO9UBM1S2JE4E.pcm
build	Build simulator target	2026-07-31T12:05:01.4140200Z 
build	Build simulator target	2026-07-31T12:05:01.4140710Z SwiftExplicitDependencyGeneratePcm arm64 /Users/runner/Library/Developer/Xcode/DerivedData/ModuleCache.noindex/CoreImage-B8BGHCR6B8KKPL9BR4OX5N31R.pcm
build	Build simulator target	2026-07-31T12:05:01.4141310Z 
build	Build simulator target	2026-07-31T12:05:01.4141830Z SwiftExplicitDependencyGeneratePcm arm64 /Users/runner/Library/Developer/Xcode/DerivedData/ModuleCache.noindex/Accelerate-2OMHDZ8X907CJVRMC0LU9GP1R.pcm
build	Build simulator target	2026-07-31T12:05:01.5440340Z 
build	Build simulator target	2026-07-31T12:05:01.5556270Z SwiftExplicitDependencyGeneratePcm arm64 /Users/runner/Library/Developer/Xcode/DerivedData/ModuleCache.noindex/SwiftUICore-6SOWVOIQDKPD5QJ6XXBYDBIMD.pcm
build	Build simulator target	2026-07-31T12:05:01.5657290Z 
build	Build simulator target	2026-07-31T12:05:01.5759870Z SwiftExplicitDependencyGeneratePcm x86_64 /Users/runner/Library/Developer/Xcode/DerivedData/ModuleCache.noindex/CoreAudioTypes-6813U2IICZ7RK4SY2J9P775KX.pcm
build	Build simulator target	2026-07-31T12:05:01.5860950Z 
build	Build simulator target	2026-07-31T12:05:01.5974390Z SwiftExplicitDependencyGeneratePcm x86_64 /Users/runner/Library/Developer/Xcode/DerivedData/ModuleCache.noindex/CoreData-7RAB1FCHCL6B5EW2HQON1PZE7.pcm
build	Build simulator target	2026-07-31T12:05:01.6090940Z 
build	Build simulator target	2026-07-31T12:05:01.6205010Z SwiftExplicitDependencyGeneratePcm x86_64 /Users/runner/Library/Developer/Xcode/DerivedData/ModuleCache.noindex/UniformTypeIdentifiers-59WOKDI4UKPWOGS1W7AQBOL6Y.pcm
build	Build simulator target	2026-07-31T12:05:01.6339640Z 
build	Build simulator target	2026-07-31T12:05:01.6455730Z SwiftExplicitDependencyGeneratePcm x86_64 /Users/runner/Library/Developer/Xcode/DerivedData/ModuleCache.noindex/OSLog-CMEGWYYE1C1SXK7Y28KYOS457.pcm
build	Build simulator target	2026-07-31T12:05:01.6565900Z 
build	Build simulator target	2026-07-31T12:05:01.6682810Z SwiftExplicitDependencyGeneratePcm x86_64 /Users/runner/Library/Developer/Xcode/DerivedData/ModuleCache.noindex/DataDetection-2QOZSOQL7QUEXUNYCPFRKV665.pcm
build	Build simulator target	2026-07-31T12:05:01.6784580Z 
build	Build simulator target	2026-07-31T12:05:01.6887110Z SwiftExplicitDependencyGeneratePcm x86_64 /Users/runner/Library/Developer/Xcode/DerivedData/ModuleCache.noindex/IOSurface-8E7DUJVR2KVDY5V6YAHRQVEIX.pcm
build	Build simulator target	2026-07-31T12:05:01.6988500Z 
build	Build simulator target	2026-07-31T12:05:01.7090090Z SwiftExplicitDependencyGeneratePcm x86_64 /Users/runner/Library/Developer/Xcode/DerivedData/ModuleCache.noindex/CoreMIDI-DZF99WCNL4BT19YZS0DHZLWQM.pcm
build	Build simulator target	2026-07-31T12:05:01.7190240Z 
build	Build simulator target	2026-07-31T12:05:01.7291850Z SwiftExplicitDependencyGeneratePcm x86_64 /Users/runner/Library/Developer/Xcode/DerivedData/ModuleCache.noindex/Symbols-6SOK5C58VEJT38STY2V7LJFRA.pcm
build	Build simulator target	2026-07-31T12:05:01.7394250Z 
build	Build simulator target	2026-07-31T12:05:01.7496830Z SwiftExplicitDependencyGeneratePcm x86_64 /Users/runner/Library/Developer/Xcode/DerivedData/ModuleCache.noindex/MediaAccessibility-753WEHJBXN380UZNZUB28R3NO.pcm
build	Build simulator target	2026-07-31T12:05:01.7599110Z 
build	Build simulator target	2026-07-31T12:05:01.7700780Z SwiftExplicitDependencyGeneratePcm x86_64 /Users/runner/Library/Developer/Xcode/DerivedData/ModuleCache.noindex/AudioToolbox-B44U0RXYPTDKMLNBNNY034F6I.pcm
build	Build simulator target	2026-07-31T12:05:01.7801410Z 
build	Build simulator target	2026-07-31T12:05:01.7906380Z SwiftExplicitDependencyGeneratePcm x86_64 /Users/runner/Library/Developer/Xcode/DerivedData/ModuleCache.noindex/Network-1WNN3J2QG2953BPR65EWRSSY0.pcm
build	Build simulator target	2026-07-31T12:05:01.8005230Z 
build	Build simulator target	2026-07-31T12:05:01.8121190Z SwiftExplicitDependencyGeneratePcm x86_64 /Users/runner/Library/Developer/Xcode/DerivedData/ModuleCache.noindex/Accessibility-9G49OUFPC49SEYG1SG2JLSLGU.pcm
build	Build simulator target	2026-07-31T12:05:01.8222380Z 
build	Build simulator target	2026-07-31T12:05:01.8325060Z SwiftExplicitDependencyGeneratePcm x86_64 /Users/runner/Library/Developer/Xcode/DerivedData/ModuleCache.noindex/AVRouting-CVZDAX44G06CB2E8HZOYTXYTB.pcm
build	Build simulator target	2026-07-31T12:05:01.8428790Z 
build	Build simulator target	2026-07-31T12:05:01.8531440Z SwiftExplicitDependencyGeneratePcm x86_64 /Users/runner/Library/Developer/Xcode/DerivedData/ModuleCache.noindex/Metal-SDKKMFM57HYZEQF3Y5QEEC5B.pcm
build	Build simulator target	2026-07-31T12:05:01.8641660Z 
build	Build simulator target	2026-07-31T12:05:01.8743990Z SwiftExplicitDependencyGeneratePcm x86_64 /Users/runner/Library/Developer/Xcode/DerivedData/ModuleCache.noindex/CoreTransferable-E3I33HX8DQ785XSIZ6KB6EL2V.pcm
build	Build simulator target	2026-07-31T12:05:01.8845810Z 
build	Build simulator target	2026-07-31T12:05:01.8954360Z SwiftExplicitDependencyGeneratePcm x86_64 /Users/runner/Library/Developer/Xcode/DerivedData/ModuleCache.noindex/OpenGLES-2OZ7QWPPL0AZHWFAQA2RP9TIY.pcm
build	Build simulator target	2026-07-31T12:05:01.9074220Z 
build	Build simulator target	2026-07-31T12:05:01.9181990Z SwiftExplicitDependencyGeneratePcm x86_64 /Users/runner/Library/Developer/Xcode/DerivedData/ModuleCache.noindex/UIUtilities-CZC3L1159UNKYV43YAYSPDUQU.pcm
build	Build simulator target	2026-07-31T12:05:01.9283280Z 
build	Build simulator target	2026-07-31T12:05:01.9384720Z SwiftExplicitDependencyGeneratePcm x86_64 /Users/runner/Library/Developer/Xcode/DerivedData/ModuleCache.noindex/UserNotifications-4LBCRK9OJEFPZQ28C89V3SXGP.pcm
build	Build simulator target	2026-07-31T12:05:01.9485840Z 
build	Build simulator target	2026-07-31T12:05:01.9588280Z SwiftExplicitDependencyGeneratePcm x86_64 /Users/runner/Library/Developer/Xcode/DerivedData/ModuleCache.noindex/FileProvider-39OBPOB37QTULD12MDZQ4TY2N.pcm
build	Build simulator target	2026-07-31T12:05:01.9690430Z 
build	Build simulator target	2026-07-31T12:05:01.9798140Z SwiftExplicitDependencyGeneratePcm arm64 /Users/runner/Library/Developer/Xcode/DerivedData/ModuleCache.noindex/Symbols-1KKV4SDYFLLWFGRB00KFS9GX6.pcm
build	Build simulator target	2026-07-31T12:05:01.9900760Z 
build	Build simulator target	2026-07-31T12:05:02.0002070Z SwiftExplicitDependencyGeneratePcm x86_64 /Users/runner/Library/Developer/Xcode/DerivedData/ModuleCache.noindex/CoreVideo-193Q0PW3E6IEDHZXJ4CMX88XC.pcm
build	Build simulator target	2026-07-31T12:05:02.0109160Z 
build	Build simulator target	2026-07-31T12:05:02.0210390Z SwiftExplicitDependencyGeneratePcm x86_64 /Users/runner/Library/Developer/Xcode/DerivedData/ModuleCache.noindex/CoreAudio-5WAKG3X1R7ZG9P8ZJBWQ70H3H.pcm
build	Build simulator target	2026-07-31T12:05:02.0311560Z 
build	Build simulator target	2026-07-31T12:05:02.0414180Z SwiftExplicitDependencyGeneratePcm arm64 /Users/runner/Library/Developer/Xcode/DerivedData/ModuleCache.noindex/UserNotifications-75ABD5FUKNRGZITHZP864H90H.pcm
build	Build simulator target	2026-07-31T12:05:02.0516470Z 
build	Build simulator target	2026-07-31T12:05:02.0617870Z SwiftExplicitDependencyGeneratePcm arm64 /Users/runner/Library/Developer/Xcode/DerivedData/ModuleCache.noindex/AudioToolbox-1PDC00HDFLFD7YN8F9VXE714B.pcm
build	Build simulator target	2026-07-31T12:05:02.1121110Z 
build	Build simulator target	2026-07-31T12:05:02.1222480Z SwiftExplicitDependencyGeneratePcm x86_64 /Users/runner/Library/Developer/Xcode/DerivedData/ModuleCache.noindex/CoreImage-29VKPXR3IZTKNOXFUCCDV3GFI.pcm
build	Build simulator target	2026-07-31T12:05:02.1323410Z 
build	Build simulator target	2026-07-31T12:05:02.1424460Z SwiftExplicitDependencyGeneratePcm x86_64 /Users/runner/Library/Developer/Xcode/DerivedData/ModuleCache.noindex/QuartzCore-BFVLKXF1YK1M43PHSZVZ22I9Y.pcm
build	Build simulator target	2026-07-31T12:05:02.1534430Z 
build	Build simulator target	2026-07-31T12:05:02.1640650Z SwiftExplicitDependencyGeneratePcm arm64 /Users/runner/Library/Developer/Xcode/DerivedData/ModuleCache.noindex/UIKit-3RRX4L13MHR20ANB9B38Y7XPB.pcm
build	Build simulator target	2026-07-31T12:05:03.0396820Z 
build	Build simulator target	2026-07-31T12:05:03.0498740Z SwiftExplicitDependencyGeneratePcm arm64 /Users/runner/Library/Developer/Xcode/DerivedData/ModuleCache.noindex/MediaToolbox-52P72JN4MMNH6CQSQUJE9DJ2D.pcm
build	Build simulator target	2026-07-31T12:05:03.0600480Z 
build	Build simulator target	2026-07-31T12:05:03.0701930Z SwiftExplicitDependencyGeneratePcm x86_64 /Users/runner/Library/Developer/Xcode/DerivedData/ModuleCache.noindex/Accelerate-CSR7XVKNMD30543FI5NG5QJK5.pcm
build	Build simulator target	2026-07-31T12:05:03.0803130Z 
build	Build simulator target	2026-07-31T12:05:03.0905900Z SwiftExplicitDependencyGeneratePcm x86_64 /Users/runner/Library/Developer/Xcode/DerivedData/ModuleCache.noindex/SwiftUICore-AFZJ32E5K0QB2UAQXBEJJWZG2.pcm
build	Build simulator target	2026-07-31T12:05:03.1008500Z 
build	Build simulator target	2026-07-31T12:05:03.1110150Z SwiftExplicitDependencyGeneratePcm x86_64 /Users/runner/Library/Developer/Xcode/DerivedData/ModuleCache.noindex/UIKit-AJ1887391SVE5YYSB3W1YP9Y2.pcm
build	Build simulator target	2026-07-31T12:05:03.1846520Z 
build	Build simulator target	2026-07-31T12:05:03.1949130Z SwiftExplicitDependencyGeneratePcm arm64 /Users/runner/Library/Developer/Xcode/DerivedData/ModuleCache.noindex/AVFAudio-6ZMY6GKFF0OXAZ8GHZOPEG0HO.pcm
build	Build simulator target	2026-07-31T12:05:03.2051340Z 
build	Build simulator target	2026-07-31T12:05:03.2152470Z SwiftExplicitDependencyGeneratePcm x86_64 /Users/runner/Library/Developer/Xcode/DerivedData/ModuleCache.noindex/CoreMedia-EX1SXAKOUPCPSLE7DOCF9CECQ.pcm
build	Build simulator target	2026-07-31T12:05:03.2253800Z 
build	Build simulator target	2026-07-31T12:05:03.2378100Z SwiftExplicitDependencyGeneratePcm arm64 /Users/runner/Library/Developer/Xcode/DerivedData/ModuleCache.noindex/WebKit-99Q53CUODW1M7SZ4IGA3FQK6Q.pcm
build	Build simulator target	2026-07-31T12:05:03.2479640Z 
build	Build simulator target	2026-07-31T12:05:03.2597850Z SwiftExplicitDependencyGeneratePcm arm64 /Users/runner/Library/Developer/Xcode/DerivedData/ModuleCache.noindex/SwiftUI-7S7WBYBR22W7BYPRB6QKZ4RAN.pcm
build	Build simulator target	2026-07-31T12:05:03.2703290Z 
build	Build simulator target	2026-07-31T12:05:03.2813220Z SwiftExplicitDependencyGeneratePcm x86_64 /Users/runner/Library/Developer/Xcode/DerivedData/ModuleCache.noindex/SwiftUI-8E0AX7ZZ2RCNZ27GC0515FNQU.pcm
build	Build simulator target	2026-07-31T12:05:03.2919160Z 
build	Build simulator target	2026-07-31T12:05:03.3020680Z SwiftExplicitDependencyGeneratePcm x86_64 /Users/runner/Library/Developer/Xcode/DerivedData/ModuleCache.noindex/MediaToolbox-3TZ0783YD227N8E4097NUKHNG.pcm
build	Build simulator target	2026-07-31T12:05:03.3126360Z 
build	Build simulator target	2026-07-31T12:05:03.3228350Z SwiftExplicitDependencyGeneratePcm x86_64 /Users/runner/Library/Developer/Xcode/DerivedData/ModuleCache.noindex/AVFAudio-6GZ5Z5HP8FVNSWDMK7BQY9L55.pcm
build	Build simulator target	2026-07-31T12:05:03.4350940Z 
build	Build simulator target	2026-07-31T12:05:03.4452720Z SwiftExplicitDependencyGeneratePcm x86_64 /Users/runner/Library/Developer/Xcode/DerivedData/ModuleCache.noindex/WebKit-EA8QU1VG9IR3IHENHO136ZY9I.pcm
build	Build simulator target	2026-07-31T12:05:03.4554450Z 
build	Build simulator target	2026-07-31T12:05:03.4677940Z SwiftExplicitDependencyGeneratePcm arm64 /Users/runner/Library/Developer/Xcode/DerivedData/ModuleCache.noindex/AVFoundation-1RCL071PF2PFB8A80ADMJDQ8Z.pcm
build	Build simulator target	2026-07-31T12:05:03.7042410Z 
build	Build simulator target	2026-07-31T12:05:03.7173820Z SwiftExplicitDependencyGeneratePcm arm64 /Users/runner/Library/Developer/Xcode/DerivedData/ModuleCache.noindex/LinkPresentation-982DJQTLQPQC76P3KPSYD52EL.pcm
build	Build simulator target	2026-07-31T12:05:03.7301200Z 
build	Build simulator target	2026-07-31T12:05:03.7409480Z SwiftExplicitDependencyGeneratePcm x86_64 /Users/runner/Library/Developer/Xcode/DerivedData/ModuleCache.noindex/LinkPresentation-2W8LC4371FABCEX0BYW09A39Q.pcm
build	Build simulator target	2026-07-31T12:05:03.7533410Z 
build	Build simulator target	2026-07-31T12:05:03.7637310Z SwiftExplicitDependencyGeneratePcm x86_64 /Users/runner/Library/Developer/Xcode/DerivedData/ModuleCache.noindex/AVFoundation-ENDAP5LWOO11ZKS3QN0GF918S.pcm
build	Build simulator target	2026-07-31T12:05:03.9372960Z 
build	Build simulator target	2026-07-31T12:05:03.9474630Z SwiftExplicitDependencyGeneratePcm arm64 /Users/runner/Library/Developer/Xcode/DerivedData/ModuleCache.noindex/AVKit-MPSO8137DRAJ9VLT079KU1B9.pcm
build	Build simulator target	2026-07-31T12:05:03.9576530Z 
build	Build simulator target	2026-07-31T12:05:03.9677930Z SwiftExplicitDependencyGeneratePcm arm64 /Users/runner/Library/Developer/Xcode/DerivedData/ModuleCache.noindex/MediaPlayer-BXLIND9DKVI7DNCTHXJSR9GE9.pcm
build	Build simulator target	2026-07-31T12:05:03.9785680Z 
build	Build simulator target	2026-07-31T12:05:03.9908850Z SwiftEmitModule normal arm64 Emitting\ module\ for\ PrivateMusic (in target 'PrivateMusic' from project 'PrivateMusic')
build	Build simulator target	2026-07-31T12:05:04.0021410Z EmitSwiftModule normal arm64 (in target 'PrivateMusic' from project 'PrivateMusic')
build	Build simulator target	2026-07-31T12:05:04.0144830Z     cd /Users/runner/work/PrivateMusic2/PrivateMusic2
build	Build simulator target	2026-07-31T12:05:04.0265970Z     
build	Build simulator target	2026-07-31T12:05:05.5321070Z 
build	Build simulator target	2026-07-31T12:05:05.5452200Z SwiftCompile normal arm64 Compiling\ ListeningHistory.swift,\ ListeningHistoryView.swift,\ Localization.swift,\ Lyrics.swift,\ LyricsView.swift,\ MainTabView.swift,\ MiniPlayerView.swift,\ MixArtworkView.swift,\ MixView.swift,\ MusicLibraryEvents.swift,\ MusicLibraryStore.swift,\ MusicMix.swift,\ MusicPage.swift,\ MusicService.swift,\ NetworkMonitor.swift,\ NowPlayingController.swift,\ OfflineDownloadsView.swift,\ OfflinePlaylistStore.swift,\ OfflineTrackStore.swift,\ PlaybackQueueBuilder.swift,\ PlayerView.swift,\ Playlist.swift,\ PlaylistArtworkView.swift,\ PlaylistDetailView.swift /Users/runner/work/PrivateMusic2/PrivateMusic2/PrivateMusic/Models/ListeningHistory.swift /Users/runner/work/PrivateMusic2/PrivateMusic2/PrivateMusic/Features/Library/ListeningHistoryView.swift /Users/runner/work/PrivateMusic2/PrivateMusic2/PrivateMusic/Resources/Localization.swift /Users/runner/work/PrivateMusic2/PrivateMusic2/PrivateMusic/Models/Lyrics.swift /Users/runner/work/PrivateMusic2/PrivateMusic2/PrivateMusic/Features/Player/LyricsView.swift /Users/runner/work/PrivateMusic2/PrivateMusic2/PrivateMusic/Features/Root/MainTabView.swift /Users/runner/work/PrivateMusic2/PrivateMusic2/PrivateMusic/Features/Player/MiniPlayerView.swift /Users/runner/work/PrivateMusic2/PrivateMusic2/PrivateMusic/Features/Shared/MixArtworkView.swift /Users/runner/work/PrivateMusic2/PrivateMusic2/PrivateMusic/Features/Mix/MixView.swift /Users/runner/work/PrivateMusic2/PrivateMusic2/PrivateMusic/Services/MusicLibraryEvents.swift /Users/runner/work/PrivateMusic2/PrivateMusic2/PrivateMusic/Models/MusicLibraryStore.swift /Users/runner/work/PrivateMusic2/PrivateMusic2/PrivateMusic/Models/MusicMix.swift /Users/runner/work/PrivateMusic2/PrivateMusic2/PrivateMusic/Models/MusicPage.swift /Users/runner/work/PrivateMusic2/PrivateMusic2/PrivateMusic/Services/MusicService.swift /Users/runner/work/PrivateMusic2/PrivateMusic2/PrivateMusic/Core/Networking/NetworkMonitor.swift /Users/runner/work/PrivateMusic2/PrivateMusic2/PrivateMusic/Player/NowPlayingController.swift /Users/runner/work/PrivateMusic2/PrivateMusic2/PrivateMusic/Features/Library/OfflineDownloadsView.swift /Users/runner/work/PrivateMusic2/PrivateMusic2/PrivateMusic/Models/OfflinePlaylistStore.swift /Users/runner/work/PrivateMusic2/PrivateMusic2/PrivateMusic/Models/OfflineTrackStore.swift /Users/runner/work/PrivateMusic2/PrivateMusic2/PrivateMusic/Player/PlaybackQueueBuilder.swift /Users/runner/work/PrivateMusic2/PrivateMusic2/PrivateMusic/Features/Player/PlayerView.swift /Users/runner/work/PrivateMusic2/PrivateMusic2/PrivateMusic/Models/Playlist.swift /Users/runner/work/PrivateMusic2/PrivateMusic2/PrivateMusic/Features/Shared/PlaylistArtworkView.swift /Users/runner/work/PrivateMusic2/PrivateMusic2/PrivateMusic/Features/Library/PlaylistDetailView.swift (in target 'PrivateMusic' from project 'PrivateMusic')
build	Build simulator target	2026-07-31T12:05:05.5548690Z SwiftCompile normal arm64 /Users/runner/work/PrivateMusic2/PrivateMusic2/PrivateMusic/Models/ListeningHistory.swift (in target 'PrivateMusic' from project 'PrivateMusic')
build	Build simulator target	2026-07-31T12:05:05.5650170Z     cd /Users/runner/work/PrivateMusic2/PrivateMusic2
build	Build simulator target	2026-07-31T12:05:05.5751120Z     
build	Build simulator target	2026-07-31T12:05:15.9005630Z 
build	Build simulator target	2026-07-31T12:05:15.9133670Z SwiftCompile normal arm64 /Users/runner/work/PrivateMusic2/PrivateMusic2/PrivateMusic/Features/Library/ListeningHistoryView.swift (in target 'PrivateMusic' from project 'PrivateMusic')
build	Build simulator target	2026-07-31T12:05:15.9284320Z     cd /Users/runner/work/PrivateMusic2/PrivateMusic2
build	Build simulator target	2026-07-31T12:05:15.9427700Z     
build	Build simulator target	2026-07-31T12:05:15.9802780Z 
build	Build simulator target	2026-07-31T12:05:15.9993590Z SwiftCompile normal arm64 /Users/runner/work/PrivateMusic2/PrivateMusic2/PrivateMusic/Resources/Localization.swift (in target 'PrivateMusic' from project 'PrivateMusic')
build	Build simulator target	2026-07-31T12:05:16.0095350Z     cd /Users/runner/work/PrivateMusic2/PrivateMusic2
build	Build simulator target	2026-07-31T12:05:16.0207740Z     
build	Build simulator target	2026-07-31T12:05:16.0323660Z 
build	Build simulator target	2026-07-31T12:05:16.0425040Z SwiftCompile normal arm64 /Users/runner/work/PrivateMusic2/PrivateMusic2/PrivateMusic/Models/Lyrics.swift (in target 'PrivateMusic' from project 'PrivateMusic')
build	Build simulator target	2026-07-31T12:05:16.0526700Z     cd /Users/runner/work/PrivateMusic2/PrivateMusic2
build	Build simulator target	2026-07-31T12:05:16.0636610Z     
build	Build simulator target	2026-07-31T12:05:16.0760690Z 
build	Build simulator target	2026-07-31T12:05:16.0874460Z SwiftCompile normal arm64 /Users/runner/work/PrivateMusic2/PrivateMusic2/PrivateMusic/Features/Player/LyricsView.swift (in target 'PrivateMusic' from project 'PrivateMusic')
build	Build simulator target	2026-07-31T12:05:16.0976210Z     cd /Users/runner/work/PrivateMusic2/PrivateMusic2
build	Build simulator target	2026-07-31T12:05:16.1101640Z     
build	Build simulator target	2026-07-31T12:05:16.1202780Z 
build	Build simulator target	2026-07-31T12:05:16.1305450Z SwiftCompile normal arm64 /Users/runner/work/PrivateMusic2/PrivateMusic2/PrivateMusic/Features/Root/MainTabView.swift (in target 'PrivateMusic' from project 'PrivateMusic')
build	Build simulator target	2026-07-31T12:05:16.1441440Z     cd /Users/runner/work/PrivateMusic2/PrivateMusic2
build	Build simulator target	2026-07-31T12:05:16.1543550Z     
build	Build simulator target	2026-07-31T12:05:16.1644320Z 
build	Build simulator target	2026-07-31T12:05:16.1748030Z SwiftCompile normal arm64 /Users/runner/work/PrivateMusic2/PrivateMusic2/PrivateMusic/Features/Player/MiniPlayerView.swift (in target 'PrivateMusic' from project 'PrivateMusic')
build	Build simulator target	2026-07-31T12:05:16.1860920Z     cd /Users/runner/work/PrivateMusic2/PrivateMusic2
build	Build simulator target	2026-07-31T12:05:16.1956010Z     
build	Build simulator target	2026-07-31T12:05:16.2057770Z 
build	Build simulator target	2026-07-31T12:05:16.2163260Z SwiftCompile normal arm64 /Users/runner/work/PrivateMusic2/PrivateMusic2/PrivateMusic/Features/Shared/MixArtworkView.swift (in target 'PrivateMusic' from project 'PrivateMusic')
build	Build simulator target	2026-07-31T12:05:16.2265690Z     cd /Users/runner/work/PrivateMusic2/PrivateMusic2
build	Build simulator target	2026-07-31T12:05:16.2368190Z     
build	Build simulator target	2026-07-31T12:05:16.2471540Z 
build	Build simulator target	2026-07-31T12:05:16.2575190Z SwiftCompile normal arm64 /Users/runner/work/PrivateMusic2/PrivateMusic2/PrivateMusic/Features/Mix/MixView.swift (in target 'PrivateMusic' from project 'PrivateMusic')
build	Build simulator target	2026-07-31T12:05:16.2680100Z     cd /Users/runner/work/PrivateMusic2/PrivateMusic2
build	Build simulator target	2026-07-31T12:05:16.2788530Z     
build	Build simulator target	2026-07-31T12:05:16.2890400Z 
build	Build simulator target	2026-07-31T12:05:16.2993430Z SwiftCompile normal arm64 /Users/runner/work/PrivateMusic2/PrivateMusic2/PrivateMusic/Services/MusicLibraryEvents.swift (in target 'PrivateMusic' from project 'PrivateMusic')
build	Build simulator target	2026-07-31T12:05:16.3100750Z     cd /Users/runner/work/PrivateMusic2/PrivateMusic2
build	Build simulator target	2026-07-31T12:05:16.3231310Z     
build	Build simulator target	2026-07-31T12:05:16.3334390Z 
build	Build simulator target	2026-07-31T12:05:16.3411100Z SwiftCompile normal arm64 /Users/runner/work/PrivateMusic2/PrivateMusic2/PrivateMusic/Models/MusicLibraryStore.swift (in target 'PrivateMusic' from project 'PrivateMusic')
build	Build simulator target	2026-07-31T12:05:16.3512590Z     cd /Users/runner/work/PrivateMusic2/PrivateMusic2
build	Build simulator target	2026-07-31T12:05:16.3655540Z     
build	Build simulator target	2026-07-31T12:05:16.3756620Z 
build	Build simulator target	2026-07-31T12:05:16.3857900Z SwiftCompile normal arm64 /Users/runner/work/PrivateMusic2/PrivateMusic2/PrivateMusic/Models/MusicMix.swift (in target 'PrivateMusic' from project 'PrivateMusic')
build	Build simulator target	2026-07-31T12:05:16.3960670Z     cd /Users/runner/work/PrivateMusic2/PrivateMusic2
build	Build simulator target	2026-07-31T12:05:16.4068010Z     
build	Build simulator target	2026-07-31T12:05:16.4171690Z 
build	Build simulator target	2026-07-31T12:05:16.4281430Z SwiftCompile normal arm64 /Users/runner/work/PrivateMusic2/PrivateMusic2/PrivateMusic/Models/MusicPage.swift (in target 'PrivateMusic' from project 'PrivateMusic')
build	Build simulator target	2026-07-31T12:05:16.4383310Z     cd /Users/runner/work/PrivateMusic2/PrivateMusic2
build	Build simulator target	2026-07-31T12:05:16.4484620Z     
build	Build simulator target	2026-07-31T12:05:16.4585380Z 
build	Build simulator target	2026-07-31T12:05:16.4688640Z SwiftCompile normal arm64 /Users/runner/work/PrivateMusic2/PrivateMusic2/PrivateMusic/Services/MusicService.swift (in target 'PrivateMusic' from project 'PrivateMusic')
build	Build simulator target	2026-07-31T12:05:16.4792830Z     cd /Users/runner/work/PrivateMusic2/PrivateMusic2
build	Build simulator target	2026-07-31T12:05:16.4893670Z     
build	Build simulator target	2026-07-31T12:05:16.4995950Z 
build	Build simulator target	2026-07-31T12:05:16.5095680Z SwiftCompile normal arm64 /Users/runner/work/PrivateMusic2/PrivateMusic2/PrivateMusic/Core/Networking/NetworkMonitor.swift (in target 'PrivateMusic' from project 'PrivateMusic')
build	Build simulator target	2026-07-31T12:05:16.5196570Z     cd /Users/runner/work/PrivateMusic2/PrivateMusic2
build	Build simulator target	2026-07-31T12:05:16.5298970Z     
build	Build simulator target	2026-07-31T12:05:16.5472240Z 
build	Build simulator target	2026-07-31T12:05:16.5573900Z SwiftCompile normal arm64 /Users/runner/work/PrivateMusic2/PrivateMusic2/PrivateMusic/Player/NowPlayingController.swift (in target 'PrivateMusic' from project 'PrivateMusic')
build	Build simulator target	2026-07-31T12:05:16.5675650Z     cd /Users/runner/work/PrivateMusic2/PrivateMusic2
build	Build simulator target	2026-07-31T12:05:16.5778790Z     
build	Build simulator target	2026-07-31T12:05:16.5879780Z 
build	Build simulator target	2026-07-31T12:05:16.5981410Z SwiftCompile normal arm64 /Users/runner/work/PrivateMusic2/PrivateMusic2/PrivateMusic/Features/Library/OfflineDownloadsView.swift (in target 'PrivateMusic' from project 'PrivateMusic')
build	Build simulator target	2026-07-31T12:05:16.6083290Z     cd /Users/runner/work/PrivateMusic2/PrivateMusic2
build	Build simulator target	2026-07-31T12:05:16.6185980Z     
build	Build simulator target	2026-07-31T12:05:16.6285480Z 
build	Build simulator target	2026-07-31T12:05:16.6387030Z SwiftCompile normal arm64 /Users/runner/work/PrivateMusic2/PrivateMusic2/PrivateMusic/Models/OfflinePlaylistStore.swift (in target 'PrivateMusic' from project 'PrivateMusic')
build	Build simulator target	2026-07-31T12:05:16.6489690Z     cd /Users/runner/work/PrivateMusic2/PrivateMusic2
build	Build simulator target	2026-07-31T12:05:16.6590520Z     
build	Build simulator target	2026-07-31T12:05:16.6692220Z 
build	Build simulator target	2026-07-31T12:05:16.6795800Z SwiftCompile normal arm64 /Users/runner/work/PrivateMusic2/PrivateMusic2/PrivateMusic/Models/OfflineTrackStore.swift (in target 'PrivateMusic' from project 'PrivateMusic')
build	Build simulator target	2026-07-31T12:05:16.6903490Z     cd /Users/runner/work/PrivateMusic2/PrivateMusic2
build	Build simulator target	2026-07-31T12:05:16.7006020Z     
build	Build simulator target	2026-07-31T12:05:16.7106980Z 
build	Build simulator target	2026-07-31T12:05:16.7180770Z SwiftCompile normal arm64 /Users/runner/work/PrivateMusic2/PrivateMusic2/PrivateMusic/Player/PlaybackQueueBuilder.swift (in target 'PrivateMusic' from project 'PrivateMusic')
build	Build simulator target	2026-07-31T12:05:16.7290770Z     cd /Users/runner/work/PrivateMusic2/PrivateMusic2
build	Build simulator target	2026-07-31T12:05:16.7444050Z     
build	Build simulator target	2026-07-31T12:05:16.7545590Z 
build	Build simulator target	2026-07-31T12:05:16.7651190Z SwiftCompile normal arm64 /Users/runner/work/PrivateMusic2/PrivateMusic2/PrivateMusic/Features/Player/PlayerView.swift (in target 'PrivateMusic' from project 'PrivateMusic')
build	Build simulator target	2026-07-31T12:05:16.7754020Z     cd /Users/runner/work/PrivateMusic2/PrivateMusic2
build	Build simulator target	2026-07-31T12:05:16.7855660Z     
build	Build simulator target	2026-07-31T12:05:16.7958720Z 
build	Build simulator target	2026-07-31T12:05:16.8063530Z SwiftCompile normal arm64 /Users/runner/work/PrivateMusic2/PrivateMusic2/PrivateMusic/Models/Playlist.swift (in target 'PrivateMusic' from project 'PrivateMusic')
build	Build simulator target	2026-07-31T12:05:16.8162100Z     cd /Users/runner/work/PrivateMusic2/PrivateMusic2
build	Build simulator target	2026-07-31T12:05:16.8263760Z     
build	Build simulator target	2026-07-31T12:05:16.8364830Z 
build	Build simulator target	2026-07-31T12:05:16.8473090Z SwiftCompile normal arm64 /Users/runner/work/PrivateMusic2/PrivateMusic2/PrivateMusic/Features/Shared/PlaylistArtworkView.swift (in target 'PrivateMusic' from project 'PrivateMusic')
build	Build simulator target	2026-07-31T12:05:16.8476820Z     cd /Users/runner/work/PrivateMusic2/PrivateMusic2
build	Build simulator target	2026-07-31T12:05:16.8578760Z     
build	Build simulator target	2026-07-31T12:05:16.8684890Z 
build	Build simulator target	2026-07-31T12:05:16.8791900Z SwiftCompile normal arm64 /Users/runner/work/PrivateMusic2/PrivateMusic2/PrivateMusic/Features/Library/PlaylistDetailView.swift (in target 'PrivateMusic' from project 'PrivateMusic')
build	Build simulator target	2026-07-31T12:05:16.8897860Z     cd /Users/runner/work/PrivateMusic2/PrivateMusic2
build	Build simulator target	2026-07-31T12:05:16.8999310Z     
build	Build simulator target	2026-07-31T12:05:16.9101010Z 
build	Build simulator target	2026-07-31T12:05:16.9228480Z SwiftCompile normal arm64 Compiling\ APIClient.swift,\ APIError.swift,\ AdaptiveGlass.swift,\ AddToPlaylistView.swift,\ AppConfiguration.swift,\ AppDelegate.swift,\ AppEnvironment.swift,\ AppSettings.swift,\ ArtistView.swift,\ AsyncArtwork.swift,\ AudioPlayer.swift,\ Brand.swift,\ CachedRemoteImage.swift,\ CatalogView.swift,\ ConnectView.swift,\ EmptyStateView.swift,\ EqualizerDSP.swift,\ GeniusLyricsService.swift,\ HLSOfflineDownloadService.swift,\ HLSSegmentExporter.swift,\ JSONValue.swift,\ KeychainStore.swift,\ LRCLyricsService.swift,\ LibraryView.swift /Users/runner/work/PrivateMusic2/PrivateMusic2/PrivateMusic/Core/Networking/APIClient.swift /Users/runner/work/PrivateMusic2/PrivateMusic2/PrivateMusic/Core/Networking/APIError.swift /Users/runner/work/PrivateMusic2/PrivateMusic2/PrivateMusic/Features/Shared/AdaptiveGlass.swift /Users/runner/work/PrivateMusic2/PrivateMusic2/PrivateMusic/Features/Library/AddToPlaylistView.swift /Users/runner/work/PrivateMusic2/PrivateMusic2/PrivateMusic/Core/Configuration/AppConfiguration.swift /Users/runner/work/PrivateMusic2/PrivateMusic2/PrivateMusic/App/AppDelegate.swift /Users/runner/work/PrivateMusic2/PrivateMusic2/PrivateMusic/App/AppEnvironment.swift /Users/runner/work/PrivateMusic2/PrivateMusic2/PrivateMusic/App/AppSettings.swift /Users/runner/work/PrivateMusic2/PrivateMusic2/PrivateMusic/Features/Artist/ArtistView.swift /Users/runner/work/PrivateMusic2/PrivateMusic2/PrivateMusic/Features/Shared/AsyncArtwork.swift /Users/runner/work/PrivateMusic2/PrivateMusic2/PrivateMusic/Player/AudioPlayer.swift /Users/runner/work/PrivateMusic2/PrivateMusic2/PrivateMusic/Features/Shared/Brand.swift /Users/runner/work/PrivateMusic2/PrivateMusic2/PrivateMusic/Features/Shared/CachedRemoteImage.swift /Users/runner/work/PrivateMusic2/PrivateMusic2/PrivateMusic/Features/Catalog/CatalogView.swift /Users/runner/work/PrivateMusic2/PrivateMusic2/PrivateMusic/Features/Auth/ConnectView.swift /Users/runner/work/PrivateMusic2/PrivateMusic2/PrivateMusic/Features/Shared/EmptyStateView.swift /Users/runner/work/PrivateMusic2/PrivateMusic2/PrivateMusic/Player/EqualizerDSP.swift /Users/runner/work/PrivateMusic2/PrivateMusic2/PrivateMusic/Services/GeniusLyricsService.swift /Users/runner/work/PrivateMusic2/PrivateMusic2/PrivateMusic/Services/HLSOfflineDownloadService.swift /Users/runner/work/PrivateMusic2/PrivateMusic2/PrivateMusic/Services/HLSSegmentExporter.swift /Users/runner/work/PrivateMusic2/PrivateMusic2/PrivateMusic/Core/Networking/JSONValue.swift /Users/runner/work/PrivateMusic2/PrivateMusic2/PrivateMusic/Core/Security/KeychainStore.swift /Users/runner/work/PrivateMusic2/PrivateMusic2/PrivateMusic/Services/LRCLyricsService.swift /Users/runner/work/PrivateMusic2/PrivateMusic2/PrivateMusic/Features/Library/LibraryView.swift (in target 'PrivateMusic' from project 'PrivateMusic')
build	Build simulator target	2026-07-31T12:05:16.9341730Z Failed frontend command:
build	Build simulator target	2026-07-31T12:05:16.9544350Z /Applications/Xcode_26.5.app/Contents/Developer/Toolchains/XcodeDefault.xctoolchain/usr/bin/swift-frontend -frontend -c -primary-file /Users/runner/work/PrivateMusic2/PrivateMusic2/PrivateMusic/Core/Networking/APIClient.swift -primary-file /Users/runner/work/PrivateMusic2/PrivateMusic2/PrivateMusic/Core/Networking/APIError.swift -primary-file /Users/runner/work/PrivateMusic2/PrivateMusic2/PrivateMusic/Features/Shared/AdaptiveGlass.swift -primary-file /Users/runner/work/PrivateMusic2/PrivateMusic2/PrivateMusic/Features/Library/AddToPlaylistView.swift -primary-file /Users/runner/work/PrivateMusic2/PrivateMusic2/PrivateMusic/Core/Configuration/AppConfiguration.swift -primary-file /Users/runner/work/PrivateMusic2/PrivateMusic2/PrivateMusic/App/AppDelegate.swift -primary-file /Users/runner/work/PrivateMusic2/PrivateMusic2/PrivateMusic/App/AppEnvironment.swift -primary-file /Users/runner/work/PrivateMusic2/PrivateMusic2/PrivateMusic/App/AppSettings.swift -primary-file /Users/runner/work/PrivateMusic2/PrivateMusic2/PrivateMusic/Features/Artist/ArtistView.swift -primary-file /Users/runner/work/PrivateMusic2/PrivateMusic2/PrivateMusic/Features/Shared/AsyncArtwork.swift -primary-file /Users/runner/work/PrivateMusic2/PrivateMusic2/PrivateMusic/Player/AudioPlayer.swift -primary-file /Users/runner/work/PrivateMusic2/PrivateMusic2/PrivateMusic/Features/Shared/Brand.swift -primary-file /Users/runner/work/PrivateMusic2/PrivateMusic2/PrivateMusic/Features/Shared/CachedRemoteImage.swift -primary-file /Users/runner/work/PrivateMusic2/PrivateMusic2/PrivateMusic/Features/Catalog/CatalogView.swift -primary-file /Users/runner/work/PrivateMusic2/PrivateMusic2/PrivateMusic/Features/Auth/ConnectView.swift -primary-file /Users/runner/work/PrivateMusic2/PrivateMusic2/PrivateMusic/Features/Shared/EmptyStateView.swift -primary-file /Users/runner/work/PrivateMusic2/PrivateMusic2/PrivateMusic/Player/EqualizerDSP.swift -primary-file /Users/runner/work/PrivateMusic2/PrivateMusic2/PrivateMusic/Services/GeniusLyricsService.swift -primary-file /Users/runner/work/PrivateMusic2/PrivateMusic2/PrivateMusic/Services/HLSOfflineDownloadService.swift -primary-file /Users/runner/work/PrivateMusic2/PrivateMusic2/PrivateMusic/Services/HLSSegmentExporter.swift -primary-file /Users/runner/work/PrivateMusic2/PrivateMusic2/PrivateMusic/Core/Networking/JSONValue.swift -primary-file /Users/runner/work/PrivateMusic2/PrivateMusic2/PrivateMusic/Core/Security/KeychainStore.swift -primary-file /Users/runner/work/PrivateMusic2/PrivateMusic2/PrivateMusic/Services/LRCLyricsService.swift -primary-file /Users/runner/work/PrivateMusic2/PrivateMusic2/PrivateMusic/Features/Library/LibraryView.swift /Users/runner/work/PrivateMusic2/PrivateMusic2/PrivateMusic/Models/ListeningHistory.swift /Users/runner/work/PrivateMusic2/PrivateMusic2/PrivateMusic/Features/Library/ListeningHistoryView.swift /Users/runner/work/PrivateMusic2/PrivateMusic2/PrivateMusic/Resources/Localization.swift /Users/runner/work/PrivateMusic2/PrivateMusic2/PrivateMusic/Models/Lyrics.swift /Users/runner/work/PrivateMusic2/PrivateMusic2/PrivateMusic/Features/Player/LyricsView.swift /Users/runner/work/PrivateMusic2/PrivateMusic2/PrivateMusic/Features/Root/MainTabView.swift /Users/runner/work/PrivateMusic2/PrivateMusic2/PrivateMusic/Features/Player/MiniPlayerView.swift /Users/runner/work/PrivateMusic2/PrivateMusic2/PrivateMusic/Features/Shared/MixArtworkView.swift /Users/runner/work/PrivateMusic2/PrivateMusic2/PrivateMusic/Features/Mix/MixView.swift /Users/runner/work/PrivateMusic2/PrivateMusic2/PrivateMusic/Services/MusicLibraryEvents.swift /Users/runner/work/PrivateMusic2/PrivateMusic2/PrivateMusic/Models/MusicLibraryStore.swift /Users/runner/work/PrivateMusic2/PrivateMusic2/PrivateMusic/Models/MusicMix.swift /Users/runner/work/PrivateMusic2/PrivateMusic2/PrivateMusic/Models/MusicPage.swift /Users/runner/work/PrivateMusic2/PrivateMusic2/PrivateMusic/Services/MusicService.swift /Users/runner/work/PrivateMusic2/PrivateMusic2/PrivateMusic/Core/Networking/NetworkMonitor.swift /Users/runner/work/PrivateMusic2/PrivateMusic2/PrivateMusic/Player/NowPlayingController.swift /Users/runner/work/PrivateMusic2/PrivateMusic2/PrivateMusic/Features/Library/OfflineDownloadsView.swift /Users/runner/work/PrivateMusic2/PrivateMusic2/PrivateMusic/Models/OfflinePlaylistStore.swift /Users/runner/work/PrivateMusic2/PrivateMusic2/PrivateMusic/Models/OfflineTrackStore.swift /Users/runner/work/PrivateMusic2/PrivateMusic2/PrivateMusic/Player/PlaybackQueueBuilder.swift /Users/runner/work/PrivateMusic2/PrivateMusic2/PrivateMusic/Features/Player/PlayerView.swift /Users/runner/work/PrivateMusic2/PrivateMusic2/PrivateMusic/Models/Playlist.swift /Users/runner/work/PrivateMusic2/PrivateMusic2/PrivateMusic/Features/Shared/PlaylistArtworkView.swift /Users/runner/work/PrivateMusic2/PrivateMusic2/PrivateMusic/Features/Library/PlaylistDetailView.swift /Users/runner/work/PrivateMusic2/PrivateMusic2/PrivateMusic/Features/Library/PlaylistEditorView.swift /Users/runner/work/PrivateMusic2/PrivateMusic2/PrivateMusic/Features/Library/PlaylistLibraryView.swift /Users/runner/work/PrivateMusic2/PrivateMusic2/PrivateMusic/Features/Shared/PremiumDesign.swift /Users/runner/work/PrivateMusic2/PrivateMusic2/PrivateMusic/App/PrivateMusicApp.swift /Users/runner/work/PrivateMusic2/PrivateMusic2/PrivateMusic/Features/Profile/ProfileView.swift /Users/runner/work/PrivateMusic2/PrivateMusic2/PrivateMusic/Features/Player/QueueView.swift /Users/runner/work/PrivateMusic2/PrivateMusic2/PrivateMusic/Features/Root/RootView.swift /Users/runner/work/PrivateMusic2/PrivateMusic2/PrivateMusic/Features/Search/SearchView.swift /Users/runner/work/PrivateMusic2/PrivateMusic2/PrivateMusic/Features/Search/SearchViewModel.swift /Users/runner/work/PrivateMusic2/PrivateMusic2/PrivateMusic/Models/Session.swift /Users/runner/work/PrivateMusic2/PrivateMusic2/PrivateMusic/Session/SessionStore.swift /Users/runner/work/PrivateMusic2/PrivateMusic2/PrivateMusic/Features/Settings/SettingsView.swift /Users/runner/work/PrivateMusic2/PrivateMusic2/PrivateMusic/Models/Track.swift /Users/runner/work/PrivateMusic2/PrivateMusic2/PrivateMusic/Features/Library/TrackCollectionScreen.swift /Users/runner/work/PrivateMusic2/PrivateMusic2/PrivateMusic/Features/Library/TrackCollectionViewModel.swift /Users/runner/work/PrivateMusic2/PrivateMusic2/PrivateMusic/Features/Shared/TrackRow.swift /Users/runner/work/PrivateMusic2/PrivateMusic2/PrivateMusic/Features/Player/TrackShareSheet.swift /Users/runner/work/PrivateMusic2/PrivateMusic2/PrivateMusic/Models/UserProfile.swift /Users/runner/work/PrivateMusic2/PrivateMusic2/PrivateMusic/Services/VKAudioURLResolver.swift /Users/runner/work/PrivateMusic2/PrivateMusic2/PrivateMusic/Services/VKMusicService.swift /Users/runner/work/PrivateMusic2/PrivateMusic2/PrivateMusic/Services/VKWebAuthService.swift /Users/runner/work/PrivateMusic2/PrivateMusic2/PrivateMusic/Features/Auth/VKWebLoginView.swift /Users/runner/Library/Developer/Xcode/DerivedData/PrivateMusic-deegxthgygprsfgkxekdsehheshx/Build/Intermediates.noindex/PrivateMusic.build/Debug-iphonesimulator/PrivateMusic.build/DerivedSources/GeneratedAssetSymbols.swift -supplementary-output-file-map /Users/runner/Library/Developer/Xcode/DerivedData/PrivateMusic-deegxthgygprsfgkxekdsehheshx/Build/Intermediates.noindex/PrivateMusic.build/Debug-iphonesimulator/PrivateMusic.build/Objects-normal/arm64/supplementaryOutputs-4 -target arm64-apple-ios16.0-simulator -module-can-import-version DeveloperToolsSupport 23.40.26 23.40.26 -module-can-import-version SwiftUI 7.5.3 7.5.3 -module-can-import-version UIKit 9126.5.5.2 9126.5.5 -disable-cross-import-overlay-search -swift-module-cross-import AVKit /Applications/Xcode_26.5.app/Contents/Developer/Platforms/iPhoneSimulator.platform/Developer/SDKs/iPhoneSimulator.sdk/System/Library/Frameworks/AVKit.framework/Modules/AVKit.swiftcrossimport/SwiftUI.swiftoverlay -swift-module-cross-import AVKit /Applications/Xcode_26.5.app/Contents/Developer/Platforms/iPhoneSimulator.platform/Developer/SDKs/iPhoneSimulator26.5.sdk/System/Library/Frameworks/AVKit.framework/Modules/AVKit.swiftcrossimport/SwiftUI.swiftoverlay -swift-module-cross-import LinkPresentation /Applications/Xcode_26.5.app/Contents/Developer/Platforms/iPhoneSimulator.platform/Developer/SDKs/iPhoneSimulator.sdk/System/Library/Frameworks/LinkPresentation.framework/Modules/LinkPresentation.swiftcrossimport/AppIntents.swiftoverlay -swift-module-cross-import LinkPresentation /Applications/Xcode_26.5.app/Contents/Developer/Platforms/iPhoneSimulator.platform/Developer/SDKs/iPhoneSimulator26.5.sdk/System/Library/Frameworks/LinkPresentation.framework/Modules/LinkPresentation.swiftcrossimport/AppIntents.swiftoverlay -swift-module-cross-import WebKit /Applications/Xcode_26.5.app/Contents/Developer/Platforms/iPhoneSimulator.platform/Developer/SDKs/iPhoneSimulator.sdk/System/Cryptexes/OS/System/Library/Frameworks/WebKit.framework/Modules/WebKit.swiftcrossimport/SwiftUI.swiftoverlay -swift-module-cross-import WebKit /Applications/Xcode_26.5.app/Contents/Developer/Platforms/iPhoneSimulator.platform/Developer/SDKs/iPhoneSimulator26.5.sdk/System/Library/Frameworks/WebKit.framework/Modules/WebKit.swiftcrossimport/SwiftUI.swiftoverlay -load-resolved-plugin /Applications/Xcode_26.5.app/Contents/Developer/Platforms/iPhoneOS.platform/Developer/usr/lib/swift/host/plugins/libFoundationMacros.dylib\#/Applications/Xcode_26.5.app/Contents/Developer/Platforms/iPhoneOS.platform/Developer/usr/bin/swift-plugin-server\#FoundationMacros -load-resolved-plugin /Applications/Xcode_26.5.app/Contents/Developer/Platforms/iPhoneOS.platform/Developer/usr/lib/swift/host/plugins/libObservationMacros.dylib\#/Applications/Xcode_26.5.app/Contents/Developer/Platforms/iPhoneOS.platform/Developer/usr/bin/swift-plugin-server\#ObservationMacros -load-resolved-plugin /Applications/Xcode_26.5.app/Contents/Developer/Platforms/iPhoneOS.platform/Developer/usr/lib/swift/host/plugins/libPreviewsMacros.dylib\#/Applications/Xcode_26.5.app/Contents/Developer/Platforms/iPhoneOS.platform/Developer/usr/bin/swift-plugin-server\#PreviewsMacros -load-resolved-plugin /Applications/Xcode_26.5.app/Contents/Developer/Platforms/iPhoneOS.platform/Developer/usr/lib/swift/host/plugins/libSwiftMacros.dylib\#/Applications/Xcode_26.5.app/Contents/Developer/Platforms/iPhoneOS.platform/Developer/usr/bin/swift-plugin-server\#SwiftMacros -load-resolved-plugin /Applications/Xcode_26.5.app/Contents/Developer/Platforms/iPhoneOS.platform/Developer/usr/lib/swift/host/plugins/libSwiftUIMacros.dylib\#/Applications/Xcode_26.5.app/Contents/Developer/Platforms/iPhoneOS.platform/Developer/usr/bin/swift-plugin-server\#SwiftUIMacros -load-resolved-plugin /Applications/Xcode_26.5.app/Contents/Developer/Platforms/iPhoneOS.platform/Developer/usr/lib/swift/host/plugins/libTipKitMacros.dylib\#/Applications/Xcode_26.5.app/Contents/Developer/Platforms/iPhoneOS.platform/Developer/usr/bin/swift-plugin-server\#TipKitMacros -disable-implicit-swift-modules -Xcc -fno-implicit-modules -Xcc -fno-implicit-module-maps -explicit-swift-module-map-file /Users/runner/Library/Developer/Xcode/DerivedData/PrivateMusic-deegxthgygprsfgkxekdsehheshx/Build/Intermediates.noindex/PrivateMusic.build/Debug-iphonesimulator/PrivateMusic.build/Objects-normal/arm64/PrivateMusic-dependencies-2.json -debug-module-path /Users/runner/Library/Developer/Xcode/DerivedData/PrivateMusic-deegxthgygprsfgkxekdsehheshx/Build/Intermediates.noindex/PrivateMusic.build/Debug-iphonesimulator/PrivateMusic.build/Objects-normal/arm64/PrivateMusic.swiftmodule -Xllvm -aarch64-use-tbi -enable-objc-interop -sdk /Applications/Xcode_26.5.app/Contents/Developer/Platforms/iPhoneSimulator.platform/Developer/SDKs/iPhoneSimulator26.5.sdk -I /Users/runner/Library/Developer/Xcode/DerivedData/PrivateMusic-deegxthgygprsfgkxekdsehheshx/Build/Products/Debug-iphonesimulator -F /Users/runner/Library/Developer/Xcode/DerivedData/PrivateMusic-deegxthgygprsfgkxekdsehheshx/Build/Products/Debug-iphonesimulator -no-color-diagnostics -Xcc -fno-color-diagnostics -enable-testing -g -debug-info-format\=dwarf -dwarf-version\=4 -module-cache-path /Users/runner/Library/Developer/Xcode/DerivedData/PrivateMusic-deegxthgygprsfgkxekdsehheshx/Build/Intermediates.noindex/SwiftExplicitPrecompiledModules -swift-version 5 -Onone -D DEBUG -serialize-debugging-options -const-gather-protocols-file /Users/runner/Library/Developer/Xcode/DerivedData/PrivateMusic-deegxthgygprsfgkxekdsehheshx/Build/Intermediates.noindex/PrivateMusic.build/Debug-iphonesimulator/PrivateMusic.build/Objects-normal/arm64/PrivateMusic_const_extract_protocols.json -enable-experimental-feature DebugDescriptionMacro -enable-bare-slash-regex -empty-abi-descriptor -validate-clang-modules-once -clang-build-session-file /Users/runner/Library/Developer/Xcode/DerivedData/ModuleCache.noindex/Session.modulevalidation -Xcc -working-directory -Xcc /Users/runner/work/PrivateMusic2/PrivateMusic2 -enable-anonymous-context-mangled-names -file-compilation-dir /Users/runner/work/PrivateMusic2/PrivateMusic2 -Xcc -D_LIBCPP_HARDENING_MODE\=_LIBCPP_HARDENING_MODE_DEBUG -Xcc -ivfsstatcache -Xcc /Users/runner/Library/Developer/Xcode/DerivedData/SDKStatCaches.noindex/iphonesimulator26.5-23F73-688ef53f1462e2c8f657fdc38a81448ffb7d586738ff35573a713a18216ade27.sdkstatcache -Xcc -I/Users/runner/Library/Developer/Xcode/DerivedData/PrivateMusic-deegxthgygprsfgkxekdsehheshx/Build/Intermediates.noindex/PrivateMusic.build/Debug-iphonesimulator/PrivateMusic.build/swift-overrides.hmap -Xcc -iquote -Xcc /Users/runner/Library/Developer/Xcode/DerivedData/PrivateMusic-deegxthgygprsfgkxekdsehheshx/Build/Intermediates.noindex/PrivateMusic.build/Debug-iphonesimulator/PrivateMusic.build/PrivateMusic-generated-files.hmap -Xcc -I/Users/runner/Library/Developer/Xcode/DerivedData/PrivateMusic-deegxthgygprsfgkxekdsehheshx/Build/Intermediates.noindex/PrivateMusic.build/Debug-iphonesimulator/PrivateMusic.build/PrivateMusic-own-target-headers.hmap -Xcc -I/Users/runner/Library/Developer/Xcode/DerivedData/PrivateMusic-deegxthgygprsfgkxekdsehheshx/Build/Intermediates.noindex/PrivateMusic.build/Debug-iphonesimulator/PrivateMusic.build/PrivateMusic-all-target-headers.hmap -Xcc -iquote -Xcc /Users/runner/Library/Developer/Xcode/DerivedData/PrivateMusic-deegxthgygprsfgkxekdsehheshx/Build/Intermediates.noindex/PrivateMusic.build/Debug-iphonesimulator/PrivateMusic.build/PrivateMusic-project-headers.hmap -Xcc -I/Users/runner/Library/Developer/Xcode/DerivedData/PrivateMusic-deegxthgygprsfgkxekdsehheshx/Build/Products/Debug-iphonesimulator/include -Xcc -I/Users/runner/Library/Developer/Xcode/DerivedData/PrivateMusic-deegxthgygprsfgkxekdsehheshx/Build/Intermediates.noindex/PrivateMusic.build/Debug-iphonesimulator/PrivateMusic.build/DerivedSources-normal/arm64 -Xcc -I/Users/runner/Library/Developer/Xcode/DerivedData/PrivateMusic-deegxthgygprsfgkxekdsehheshx/Build/Intermediates.noindex/PrivateMusic.build/Debug-iphonesimulator/PrivateMusic.build/DerivedSources/arm64 -Xcc -I/Users/runner/Library/Developer/Xcode/DerivedData/PrivateMusic-deegxthgygprsfgkxekdsehheshx/Build/Intermediates.noindex/PrivateMusic.build/Debug-iphonesimulator/PrivateMusic.build/DerivedSources -Xcc -DDEBUG\=1 -no-auto-bridging-header-chaining -module-name PrivateMusic -frontend-parseable-output -disable-clang-spi -clang-target arm64-apple-ios26.5-simulator -target-sdk-version 26.5 -target-sdk-name iphonesimulator26.5 -in-process-plugin-server-path /Applications/Xcode_26.5.app/Contents/Developer/Toolchains/XcodeDefault.xctoolchain/usr/lib/swift/host/libSwiftInProcPluginServer.dylib -o /Users/runner/Library/Developer/Xcode/DerivedData/PrivateMusic-deegxthgygprsfgkxekdsehheshx/Build/Intermediates.noindex/PrivateMusic.build/Debug-iphonesimulator/PrivateMusic.build/Objects-normal/arm64/APIClient.o -o /Users/runner/Library/Developer/Xcode/DerivedData/PrivateMusic-deegxthgygprsfgkxekdsehheshx/Build/Intermediates.noindex/PrivateMusic.build/Debug-iphonesimulator/PrivateMusic.build/Objects-normal/arm64/APIError.o -o /Users/runner/Library/Developer/Xcode/DerivedData/PrivateMusic-deegxthgygprsfgkxekdsehheshx/Build/Intermediates.noindex/PrivateMusic.build/Debug-iphonesimulator/PrivateMusic.build/Objects-normal/arm64/AdaptiveGlass.o -o /Users/runner/Library/Developer/Xcode/DerivedData/PrivateMusic-deegxthgygprsfgkxekdsehheshx/Build/Intermediates.noindex/PrivateMusic.build/Debug-iphonesimulator/PrivateMusic.build/Objects-normal/arm64/AddToPlaylistView.o -o /Users/runner/Library/Developer/Xcode/DerivedData/PrivateMusic-deegxthgygprsfgkxekdsehheshx/Build/Intermediates.noindex/PrivateMusic.build/Debug-iphonesimulator/PrivateMusic.build/Objects-normal/arm64/AppConfiguration.o -o /Users/runner/Library/Developer/Xcode/DerivedData/PrivateMusic-deegxthgygprsfgkxekdsehheshx/Build/Intermediates.noindex/PrivateMusic.build/Debug-iphonesimulator/PrivateMusic.build/Objects-normal/arm64/AppDelegate.o -o /Users/runner/Library/Developer/Xcode/DerivedData/PrivateMusic-deegxthgygprsfgkxekdsehheshx/Build/Intermediates.noindex/PrivateMusic.build/Debug-iphonesimulator/PrivateMusic.build/Objects-normal/arm64/AppEnvironment.o -o /Users/runner/Library/Developer/Xcode/DerivedData/PrivateMusic-deegxthgygprsfgkxekdsehheshx/Build/Intermediates.noindex/PrivateMusic.build/Debug-iphonesimulator/PrivateMusic.build/Objects-normal/arm64/AppSettings.o -o /Users/runner/Library/Developer/Xcode/DerivedData/PrivateMusic-deegxthgygprsfgkxekdsehheshx/Build/Intermediates.noindex/PrivateMusic.build/Debug-iphonesimulator/PrivateMusic.build/Objects-normal/arm64/ArtistView.o -o /Users/runner/Library/Developer/Xcode/DerivedData/PrivateMusic-deegxthgygprsfgkxekdsehheshx/Build/Intermediates.noindex/PrivateMusic.build/Debug-iphonesimulator/PrivateMusic.build/Objects-normal/arm64/AsyncArtwork.o -o /Users/runner/Library/Developer/Xcode/DerivedData/PrivateMusic-deegxthgygprsfgkxekdsehheshx/Build/Intermediates.noindex/PrivateMusic.build/Debug-iphonesimulator/PrivateMusic.build/Objects-normal/arm64/AudioPlayer.o -o /Users/runner/Library/Developer/Xcode/DerivedData/PrivateMusic-deegxthgygprsfgkxekdsehheshx/Build/Intermediates.noindex/PrivateMusic.build/Debug-iphonesimulator/PrivateMusic.build/Objects-normal/arm64/Brand.o -o /Users/runner/Library/Developer/Xcode/DerivedData/PrivateMusic-deegxthgygprsfgkxekdsehheshx/Build/Intermediates.noindex/PrivateMusic.build/Debug-iphonesimulator/PrivateMusic.build/Objects-normal/arm64/CachedRemoteImage.o -o /Users/runner/Library/Developer/Xcode/DerivedData/PrivateMusic-deegxthgygprsfgkxekdsehheshx/Build/Intermediates.noindex/PrivateMusic.build/Debug-iphonesimulator/PrivateMusic.build/Objects-normal/arm64/CatalogView.o -o /Users/runner/Library/Developer/Xcode/DerivedData/PrivateMusic-deegxthgygprsfgkxekdsehheshx/Build/Intermediates.noindex/PrivateMusic.build/Debug-iphonesimulator/PrivateMusic.build/Objects-normal/arm64/ConnectView.o -o /Users/runner/Library/Developer/Xcode/DerivedData/PrivateMusic-deegxthgygprsfgkxekdsehheshx/Build/Intermediates.noindex/PrivateMusic.build/Debug-iphonesimulator/PrivateMusic.build/Objects-normal/arm64/EmptyStateView.o -o /Users/runner/Library/Developer/Xcode/DerivedData/PrivateMusic-deegxthgygprsfgkxekdsehheshx/Build/Intermediates.noindex/PrivateMusic.build/Debug-iphonesimulator/PrivateMusic.build/Objects-normal/arm64/EqualizerDSP.o -o /Users/runner/Library/Developer/Xcode/DerivedData/PrivateMusic-deegxthgygprsfgkxekdsehheshx/Build/Intermediates.noindex/PrivateMusic.build/Debug-iphonesimulator/PrivateMusic.build/Objects-normal/arm64/GeniusLyricsService.o -o /Users/runner/Library/Developer/Xcode/DerivedData/PrivateMusic-deegxthgygprsfgkxekdsehheshx/Build/Intermediates.noindex/PrivateMusic.build/Debug-iphonesimulator/PrivateMusic.build/Objects-normal/arm64/HLSOfflineDownloadService.o -o /Users/runner/Library/Developer/Xcode/DerivedData/PrivateMusic-deegxthgygprsfgkxekdsehheshx/Build/Intermediates.noindex/PrivateMusic.build/Debug-iphonesimulator/PrivateMusic.build/Objects-normal/arm64/HLSSegmentExporter.o -o /Users/runner/Library/Developer/Xcode/DerivedData/PrivateMusic-deegxthgygprsfgkxekdsehheshx/Build/Intermediates.noindex/PrivateMusic.build/Debug-iphonesimulator/PrivateMusic.build/Objects-normal/arm64/JSONValue.o -o /Users/runner/Library/Developer/Xcode/DerivedData/PrivateMusic-deegxthgygprsfgkxekdsehheshx/Build/Intermediates.noindex/PrivateMusic.build/Debug-iphonesimulator/PrivateMusic.build/Objects-normal/arm64/KeychainStore.o -o /Users/runner/Library/Developer/Xcode/DerivedData/PrivateMusic-deegxthgygprsfgkxekdsehheshx/Build/Intermediates.noindex/PrivateMusic.build/Debug-iphonesimulator/PrivateMusic.build/Objects-normal/arm64/LRCLyricsService.o -o /Users/runner/Library/Developer/Xcode/DerivedData/PrivateMusic-deegxthgygprsfgkxekdsehheshx/Build/Intermediates.noindex/PrivateMusic.build/Debug-iphonesimulator/PrivateMusic.build/Objects-normal/arm64/LibraryView.o -index-unit-output-path /PrivateMusic.build/Debug-iphonesimulator/PrivateMusic.build/Objects-normal/arm64/APIClient.o -index-unit-output-path /PrivateMusic.build/Debug-iphonesimulator/PrivateMusic.build/Objects-normal/arm64/APIError.o -index-unit-output-path /PrivateMusic.build/Debug-iphonesimulator/PrivateMusic.build/Objects-normal/arm64/AdaptiveGlass.o -index-unit-output-path /PrivateMusic.build/Debug-iphonesimulator/PrivateMusic.build/Objects-normal/arm64/AddToPlaylistView.o -index-unit-output-path /PrivateMusic.build/Debug-iphonesimulator/PrivateMusic.build/Objects-normal/arm64/AppConfiguration.o -index-unit-output-path /PrivateMusic.build/Debug-iphonesimulator/PrivateMusic.build/Objects-normal/arm64/AppDelegate.o -index-unit-output-path /PrivateMusic.build/Debug-iphonesimulator/PrivateMusic.build/Objects-normal/arm64/AppEnvironment.o -index-unit-output-path /PrivateMusic.build/Debug-iphonesimulator/PrivateMusic.build/Objects-normal/arm64/AppSettings.o -index-unit-output-path /PrivateMusic.build/Debug-iphonesimulator/PrivateMusic.build/Objects-normal/arm64/ArtistView.o -index-unit-output-path /PrivateMusic.build/Debug-iphonesimulator/PrivateMusic.build/Objects-normal/arm64/AsyncArtwork.o -index-unit-output-path /PrivateMusic.build/Debug-iphonesimulator/PrivateMusic.build/Objects-normal/arm64/AudioPlayer.o -index-unit-output-path /PrivateMusic.build/Debug-iphonesimulator/PrivateMusic.build/Objects-normal/arm64/Brand.o -index-unit-output-path /PrivateMusic.build/Debug-iphonesimulator/PrivateMusic.build/Objects-normal/arm64/CachedRemoteImage.o -index-unit-output-path /PrivateMusic.build/Debug-iphonesimulator/PrivateMusic.build/Objects-normal/arm64/CatalogView.o -index-unit-output-path /PrivateMusic.build/Debug-iphonesimulator/PrivateMusic.build/Objects-normal/arm64/ConnectView.o -index-unit-output-path /PrivateMusic.build/Debug-iphonesimulator/PrivateMusic.build/Objects-normal/arm64/EmptyStateView.o -index-unit-output-path /PrivateMusic.build/Debug-iphonesimulator/PrivateMusic.build/Objects-normal/arm64/EqualizerDSP.o -index-unit-output-path /PrivateMusic.build/Debug-iphonesimulator/PrivateMusic.build/Objects-normal/arm64/GeniusLyricsService.o -index-unit-output-path /PrivateMusic.build/Debug-iphonesimulator/PrivateMusic.build/Objects-normal/arm64/HLSOfflineDownloadService.o -index-unit-output-path /PrivateMusic.build/Debug-iphonesimulator/PrivateMusic.build/Objects-normal/arm64/HLSSegmentExporter.o -index-unit-output-path /PrivateMusic.build/Debug-iphonesimulator/PrivateMusic.build/Objects-normal/arm64/JSONValue.o -index-unit-output-path /PrivateMusic.build/Debug-iphonesimulator/PrivateMusic.build/Objects-normal/arm64/KeychainStore.o -index-unit-output-path /PrivateMusic.build/Debug-iphonesimulator/PrivateMusic.build/Objects-normal/arm64/LRCLyricsService.o -index-unit-output-path /PrivateMusic.build/Debug-iphonesimulator/PrivateMusic.build/Objects-normal/arm64/LibraryView.o -index-store-path /Users/runner/Library/Developer/Xcode/DerivedData/PrivateMusic-deegxthgygprsfgkxekdsehheshx/Index.noindex/DataStore -index-system-modules
build	Build simulator target	2026-07-31T12:05:16.9648490Z 
build	Build simulator target	2026-07-31T12:05:16.9650140Z SwiftCompile normal arm64 /Users/runner/work/PrivateMusic2/PrivateMusic2/PrivateMusic/Core/Networking/APIClient.swift (in target 'PrivateMusic' from project 'PrivateMusic')
build	Build simulator target	2026-07-31T12:05:16.9653380Z     cd /Users/runner/work/PrivateMusic2/PrivateMusic2
build	Build simulator target	2026-07-31T12:05:16.9654210Z     
build	Build simulator target	2026-07-31T12:05:16.9655930Z 
build	Build simulator target	2026-07-31T12:05:16.9656580Z SwiftCompile normal arm64 /Users/runner/work/PrivateMusic2/PrivateMusic2/PrivateMusic/Core/Networking/APIError.swift (in target 'PrivateMusic' from project 'PrivateMusic')
build	Build simulator target	2026-07-31T12:05:16.9657520Z     cd /Users/runner/work/PrivateMusic2/PrivateMusic2
build	Build simulator target	2026-07-31T12:05:16.9658010Z     
build	Build simulator target	2026-07-31T12:05:16.9658220Z 
build	Build simulator target	2026-07-31T12:05:16.9658920Z SwiftCompile normal arm64 /Users/runner/work/PrivateMusic2/PrivateMusic2/PrivateMusic/Features/Shared/AdaptiveGlass.swift (in target 'PrivateMusic' from project 'PrivateMusic')
build	Build simulator target	2026-07-31T12:05:16.9660200Z     cd /Users/runner/work/PrivateMusic2/PrivateMusic2
build	Build simulator target	2026-07-31T12:05:16.9660670Z     
build	Build simulator target	2026-07-31T12:05:16.9660820Z 
build	Build simulator target	2026-07-31T12:05:16.9661460Z SwiftCompile normal arm64 /Users/runner/work/PrivateMusic2/PrivateMusic2/PrivateMusic/Features/Library/AddToPlaylistView.swift (in target 'PrivateMusic' from project 'PrivateMusic')
build	Build simulator target	2026-07-31T12:05:16.9662330Z     cd /Users/runner/work/PrivateMusic2/PrivateMusic2
build	Build simulator target	2026-07-31T12:05:16.9662670Z     
build	Build simulator target	2026-07-31T12:05:16.9662860Z 
build	Build simulator target	2026-07-31T12:05:16.9663410Z SwiftCompile normal arm64 /Users/runner/work/PrivateMusic2/PrivateMusic2/PrivateMusic/Core/Configuration/AppConfiguration.swift (in target 'PrivateMusic' from project 'PrivateMusic')
build	Build simulator target	2026-07-31T12:05:16.9664310Z     cd /Users/runner/work/PrivateMusic2/PrivateMusic2
build	Build simulator target	2026-07-31T12:05:16.9664580Z     
build	Build simulator target	2026-07-31T12:05:16.9664690Z 
build	Build simulator target	2026-07-31T12:05:16.9665170Z SwiftCompile normal arm64 /Users/runner/work/PrivateMusic2/PrivateMusic2/PrivateMusic/App/AppDelegate.swift (in target 'PrivateMusic' from project 'PrivateMusic')
build	Build simulator target	2026-07-31T12:05:16.9665980Z     cd /Users/runner/work/PrivateMusic2/PrivateMusic2
build	Build simulator target	2026-07-31T12:05:16.9666290Z     
build	Build simulator target	2026-07-31T12:05:16.9666350Z 
build	Build simulator target	2026-07-31T12:05:16.9666860Z SwiftCompile normal arm64 /Users/runner/work/PrivateMusic2/PrivateMusic2/PrivateMusic/App/AppEnvironment.swift (in target 'PrivateMusic' from project 'PrivateMusic')
build	Build simulator target	2026-07-31T12:05:16.9667670Z     cd /Users/runner/work/PrivateMusic2/PrivateMusic2
build	Build simulator target	2026-07-31T12:05:16.9667920Z     
build	Build simulator target	2026-07-31T12:05:16.9668040Z 
build	Build simulator target	2026-07-31T12:05:16.9668520Z SwiftCompile normal arm64 /Users/runner/work/PrivateMusic2/PrivateMusic2/PrivateMusic/App/AppSettings.swift (in target 'PrivateMusic' from project 'PrivateMusic')
build	Build simulator target	2026-07-31T12:05:16.9669160Z     cd /Users/runner/work/PrivateMusic2/PrivateMusic2
build	Build simulator target	2026-07-31T12:05:16.9669470Z     
build	Build simulator target	2026-07-31T12:05:16.9669600Z 
build	Build simulator target	2026-07-31T12:05:16.9670060Z SwiftCompile normal arm64 /Users/runner/work/PrivateMusic2/PrivateMusic2/PrivateMusic/Features/Artist/ArtistView.swift (in target 'PrivateMusic' from project 'PrivateMusic')
build	Build simulator target	2026-07-31T12:05:16.9670820Z     cd /Users/runner/work/PrivateMusic2/PrivateMusic2
build	Build simulator target	2026-07-31T12:05:16.9671130Z     
build	Build simulator target	2026-07-31T12:05:16.9671270Z 
build	Build simulator target	2026-07-31T12:05:16.9671830Z SwiftCompile normal arm64 /Users/runner/work/PrivateMusic2/PrivateMusic2/PrivateMusic/Features/Shared/AsyncArtwork.swift (in target 'PrivateMusic' from project 'PrivateMusic')
build	Build simulator target	2026-07-31T12:05:16.9673020Z     cd /Users/runner/work/PrivateMusic2/PrivateMusic2
build	Build simulator target	2026-07-31T12:05:16.9673340Z     
build	Build simulator target	2026-07-31T12:05:16.9673490Z 
build	Build simulator target	2026-07-31T12:05:16.9673940Z SwiftCompile normal arm64 /Users/runner/work/PrivateMusic2/PrivateMusic2/PrivateMusic/Player/AudioPlayer.swift (in target 'PrivateMusic' from project 'PrivateMusic')
build	Build simulator target	2026-07-31T12:05:16.9674600Z     cd /Users/runner/work/PrivateMusic2/PrivateMusic2
build	Build simulator target	2026-07-31T12:05:16.9674880Z     
build	Build simulator target	2026-07-31T12:05:16.9676490Z /Users/runner/work/PrivateMusic2/PrivateMusic2/PrivateMusic/Player/AudioPlayer.swift:140:26: error: cannot convert value of type 'Published<Bool>.Publisher' to expected argument type '(Published<Bool>.Publisher.Output, Published<[Double]>.Publisher.Output, Published<Double>.Publisher.Output, Published<Bool>.Publisher.Output) -> (Bool, [Double], Double, Bool, Bool)' (aka '(Bool, Array<Double>, Double, Bool) -> (Bool, Array<Double>, Double, Bool, Bool)')
build	Build simulator target	2026-07-31T12:05:16.9678340Z                 settings.$dynamicRangeCompression
build	Build simulator target	2026-07-31T12:05:16.9678610Z                          ^
build	Build simulator target	2026-07-31T12:05:16.9678780Z 
build	Build simulator target	2026-07-31T12:05:16.9679380Z SwiftCompile normal arm64 /Users/runner/work/PrivateMusic2/PrivateMusic2/PrivateMusic/Features/Shared/Brand.swift (in target 'PrivateMusic' from project 'PrivateMusic')
build	Build simulator target	2026-07-31T12:05:16.9681870Z     cd /Users/runner/work/PrivateMusic2/PrivateMusic2
build	Build simulator target	2026-07-31T12:05:16.9682820Z     
build	Build simulator target	2026-07-31T12:05:16.9683100Z 
build	Build simulator target	2026-07-31T12:05:16.9684430Z SwiftCompile normal arm64 /Users/runner/work/PrivateMusic2/PrivateMusic2/PrivateMusic/Features/Shared/CachedRemoteImage.swift (in target 'PrivateMusic' from project 'PrivateMusic')
build	Build simulator target	2026-07-31T12:05:16.9687770Z     cd /Users/runner/work/PrivateMusic2/PrivateMusic2
build	Build simulator target	2026-07-31T12:05:16.9688530Z     
build	Build simulator target	2026-07-31T12:05:16.9688810Z 
build	Build simulator target	2026-07-31T12:05:16.9690180Z SwiftCompile normal arm64 /Users/runner/work/PrivateMusic2/PrivateMusic2/PrivateMusic/Features/Catalog/CatalogView.swift (in target 'PrivateMusic' from project 'PrivateMusic')
build	Build simulator target	2026-07-31T12:05:16.9692190Z     cd /Users/runner/work/PrivateMusic2/PrivateMusic2
build	Build simulator target	2026-07-31T12:05:16.9693070Z     
build	Build simulator target	2026-07-31T12:05:16.9693850Z 
build	Build simulator target	2026-07-31T12:05:16.9695160Z SwiftCompile normal arm64 /Users/runner/work/PrivateMusic2/PrivateMusic2/PrivateMusic/Features/Auth/ConnectView.swift (in target 'PrivateMusic' from project 'PrivateMusic')
build	Build simulator target	2026-07-31T12:05:16.9697460Z     cd /Users/runner/work/PrivateMusic2/PrivateMusic2
build	Build simulator target	2026-07-31T12:05:16.9698500Z     
build	Build simulator target	2026-07-31T12:05:16.9698810Z 
build	Build simulator target	2026-07-31T12:05:16.9700850Z SwiftCompile normal arm64 /Users/runner/work/PrivateMusic2/PrivateMusic2/PrivateMusic/Features/Shared/EmptyStateView.swift (in target 'PrivateMusic' from project 'PrivateMusic')
build	Build simulator target	2026-07-31T12:05:16.9703240Z     cd /Users/runner/work/PrivateMusic2/PrivateMusic2
build	Build simulator target	2026-07-31T12:05:16.9703610Z     
build	Build simulator target	2026-07-31T12:05:16.9703750Z 
build	Build simulator target	2026-07-31T12:05:16.9704380Z SwiftCompile normal arm64 /Users/runner/work/PrivateMusic2/PrivateMusic2/PrivateMusic/Player/EqualizerDSP.swift (in target 'PrivateMusic' from project 'PrivateMusic')
build	Build simulator target	2026-07-31T12:05:16.9705160Z     cd /Users/runner/work/PrivateMusic2/PrivateMusic2
build	Build simulator target	2026-07-31T12:05:16.9705570Z     
build	Build simulator target	2026-07-31T12:05:16.9705660Z 
build	Build simulator target	2026-07-31T12:05:16.9706370Z SwiftCompile normal arm64 /Users/runner/work/PrivateMusic2/PrivateMusic2/PrivateMusic/Services/GeniusLyricsService.swift (in target 'PrivateMusic' from project 'PrivateMusic')
build	Build simulator target	2026-07-31T12:05:16.9707250Z     cd /Users/runner/work/PrivateMusic2/PrivateMusic2
build	Build simulator target	2026-07-31T12:05:16.9707530Z     
build	Build simulator target	2026-07-31T12:05:16.9707670Z 
build	Build simulator target	2026-07-31T12:05:16.9708250Z SwiftCompile normal arm64 /Users/runner/work/PrivateMusic2/PrivateMusic2/PrivateMusic/Services/HLSOfflineDownloadService.swift (in target 'PrivateMusic' from project 'PrivateMusic')
build	Build simulator target	2026-07-31T12:05:16.9709150Z     cd /Users/runner/work/PrivateMusic2/PrivateMusic2
build	Build simulator target	2026-07-31T12:05:16.9709580Z     
build	Build simulator target	2026-07-31T12:05:16.9709720Z 
build	Build simulator target	2026-07-31T12:05:16.9710300Z SwiftCompile normal arm64 /Users/runner/work/PrivateMusic2/PrivateMusic2/PrivateMusic/Services/HLSSegmentExporter.swift (in target 'PrivateMusic' from project 'PrivateMusic')
build	Build simulator target	2026-07-31T12:05:16.9711080Z     cd /Users/runner/work/PrivateMusic2/PrivateMusic2
build	Build simulator target	2026-07-31T12:05:16.9711480Z     
build	Build simulator target	2026-07-31T12:05:16.9712290Z /Users/runner/work/PrivateMusic2/PrivateMusic2/PrivateMusic/Services/HLSSegmentExporter.swift:475:26: warning: 'formatDescriptions' was deprecated in iOS 16.0: Use load(.formatDescriptions) instead
build	Build simulator target	2026-07-31T12:05:16.9713230Z         let asbd = track.formatDescriptions.first
build	Build simulator target	2026-07-31T12:05:16.9714150Z                          ^
build	Build simulator target	2026-07-31T12:05:16.9715450Z /Users/runner/work/PrivateMusic2/PrivateMusic2/PrivateMusic/Services/HLSSegmentExporter.swift:563:27: warning: capture of 'writerInput' with non-Sendable type 'AVAssetWriterInput' in a '@Sendable' closure
build	Build simulator target	2026-07-31T12:05:16.9717170Z                     while writerInput.isReadyForMoreMediaData {
build	Build simulator target	2026-07-31T12:05:16.9719410Z                           ^
build	Build simulator target	2026-07-31T12:05:16.9722800Z /Applications/Xcode_26.5.app/Contents/Developer/Platforms/iPhoneSimulator.platform/Developer/SDKs/iPhoneSimulator26.5.sdk/System/Library/Frameworks/AVFoundation.framework/Headers/AVAssetWriterInput.h:39:12: note: class 'AVAssetWriterInput' does not conform to the 'Sendable' protocol
build	Build simulator target	2026-07-31T12:05:16.9725470Z @interface AVAssetWriterInput : NSObject
build	Build simulator target	2026-07-31T12:05:16.9725870Z            ^
build	Build simulator target	2026-07-31T12:05:16.9726710Z /Users/runner/work/PrivateMusic2/PrivateMusic2/PrivateMusic/Services/HLSSegmentExporter.swift:566:29: warning: capture of 'writer' with non-Sendable type 'AVAssetWriter' in a '@Sendable' closure
build	Build simulator target	2026-07-31T12:05:16.9727680Z                             writer.cancelWriting()
build	Build simulator target	2026-07-31T12:05:16.9728010Z                             ^
build	Build simulator target	2026-07-31T12:05:16.9729330Z /Applications/Xcode_26.5.app/Contents/Developer/Platforms/iPhoneSimulator.platform/Developer/SDKs/iPhoneSimulator26.5.sdk/System/Library/Frameworks/AVFoundation.framework/Headers/AVAssetWriter.h:66:12: note: class 'AVAssetWriter' does not conform to the 'Sendable' protocol
build	Build simulator target	2026-07-31T12:05:16.9730360Z @interface AVAssetWriter : NSObject
build	Build simulator target	2026-07-31T12:05:16.9730790Z            ^
build	Build simulator target	2026-07-31T12:05:16.9731480Z /Users/runner/work/PrivateMusic2/PrivateMusic2/PrivateMusic/Services/HLSSegmentExporter.swift:567:29: warning: capture of 'reader' with non-Sendable type 'AVAssetReader' in a '@Sendable' closure
build	Build simulator target	2026-07-31T12:05:16.9732300Z                             reader.cancelReading()
build	Build simulator target	2026-07-31T12:05:16.9732590Z                             ^
build	Build simulator target	2026-07-31T12:05:16.9733650Z /Applications/Xcode_26.5.app/Contents/Developer/Platforms/iPhoneSimulator.platform/Developer/SDKs/iPhoneSimulator26.5.sdk/System/Library/Frameworks/AVFoundation.framework/Headers/AVAssetReader.h:63:12: note: class 'AVAssetReader' does not conform to the 'Sendable' protocol
build	Build simulator target	2026-07-31T12:05:16.9734620Z @interface AVAssetReader : NSObject
build	Build simulator target	2026-07-31T12:05:16.9734940Z            ^
build	Build simulator target	2026-07-31T12:05:16.9735700Z /Users/runner/work/PrivateMusic2/PrivateMusic2/PrivateMusic/Services/HLSSegmentExporter.swift:571:41: warning: capture of 'readerOutput' with non-Sendable type 'AVAssetReaderTrackOutput' in a '@Sendable' closure
build	Build simulator target	2026-07-31T12:05:16.9736600Z                         if let sample = readerOutput.copyNextSampleBuffer() {
build	Build simulator target	2026-07-31T12:05:16.9736950Z                                         ^
build	Build simulator target	2026-07-31T12:05:16.9738080Z /Applications/Xcode_26.5.app/Contents/Developer/Platforms/iPhoneSimulator.platform/Developer/SDKs/iPhoneSimulator26.5.sdk/System/Library/Frameworks/AVFoundation.framework/Headers/AVAssetReaderOutput.h:201:12: note: class 'AVAssetReaderTrackOutput' does not conform to the 'Sendable' protocol
build	Build simulator target	2026-07-31T12:05:16.9739310Z @interface AVAssetReaderTrackOutput : AVAssetReaderOutput
build	Build simulator target	2026-07-31T12:05:16.9739670Z            ^
build	Build simulator target	2026-07-31T12:05:16.9740420Z /Users/runner/work/PrivateMusic2/PrivateMusic2/PrivateMusic/Services/HLSSegmentExporter.swift:604:13: warning: capture of 'reader' with non-Sendable type 'AVAssetReader' in a '@Sendable' closure; this is an error in the Swift 6 language mode
build	Build simulator target	2026-07-31T12:05:16.9741420Z             reader.cancelReading()
build	Build simulator target	2026-07-31T12:05:16.9741690Z             ^
build	Build simulator target	2026-07-31T12:05:16.9742750Z /Applications/Xcode_26.5.app/Contents/Developer/Platforms/iPhoneSimulator.platform/Developer/SDKs/iPhoneSimulator26.5.sdk/System/Library/Frameworks/AVFoundation.framework/Headers/AVAssetReader.h:63:12: note: class 'AVAssetReader' does not conform to the 'Sendable' protocol
build	Build simulator target	2026-07-31T12:05:16.9743870Z @interface AVAssetReader : NSObject
build	Build simulator target	2026-07-31T12:05:16.9744150Z            ^
build	Build simulator target	2026-07-31T12:05:16.9745040Z /Users/runner/work/PrivateMusic2/PrivateMusic2/PrivateMusic/Services/HLSSegmentExporter.swift:605:13: warning: capture of 'writer' with non-Sendable type 'AVAssetWriter' in a '@Sendable' closure; this is an error in the Swift 6 language mode
build	Build simulator target	2026-07-31T12:05:16.9745970Z             writer.cancelWriting()
build	Build simulator target	2026-07-31T12:05:16.9746230Z             ^
build	Build simulator target	2026-07-31T12:05:16.9747050Z /Applications/Xcode_26.5.app/Contents/Developer/Platforms/iPhoneSimulator.platform/Developer/SDKs/iPhoneSimulator26.5.sdk/System/Library/Frameworks/AVFoundation.framework/Headers/AVAssetWriter.h:66:12: note: class 'AVAssetWriter' does not conform to the 'Sendable' protocol
build	Build simulator target	2026-07-31T12:05:16.9748650Z @interface AVAssetWriter : NSObject
build	Build simulator target	2026-07-31T12:05:16.9748940Z            ^
build	Build simulator target	2026-07-31T12:05:16.9749180Z 
build	Build simulator target	2026-07-31T12:05:16.9749800Z SwiftCompile normal arm64 /Users/runner/work/PrivateMusic2/PrivateMusic2/PrivateMusic/Core/Networking/JSONValue.swift (in target 'PrivateMusic' from project 'PrivateMusic')
build	Build simulator target	2026-07-31T12:05:16.9750640Z     cd /Users/runner/work/PrivateMusic2/PrivateMusic2
build	Build simulator target	2026-07-31T12:05:16.9751020Z     
build	Build simulator target	2026-07-31T12:05:16.9751170Z 
build	Build simulator target	2026-07-31T12:05:16.9751660Z SwiftCompile normal arm64 /Users/runner/work/PrivateMusic2/PrivateMusic2/PrivateMusic/Core/Security/KeychainStore.swift (in target 'PrivateMusic' from project 'PrivateMusic')
build	Build simulator target	2026-07-31T12:05:16.9752750Z     cd /Users/runner/work/PrivateMusic2/PrivateMusic2
build	Build simulator target	2026-07-31T12:05:16.9753040Z     
build	Build simulator target	2026-07-31T12:05:16.9753110Z 
build	Build simulator target	2026-07-31T12:05:16.9753650Z SwiftCompile normal arm64 /Users/runner/work/PrivateMusic2/PrivateMusic2/PrivateMusic/Services/LRCLyricsService.swift (in target 'PrivateMusic' from project 'PrivateMusic')
build	Build simulator target	2026-07-31T12:05:16.9754660Z     cd /Users/runner/work/PrivateMusic2/PrivateMusic2
build	Build simulator target	2026-07-31T12:05:16.9754990Z     
build	Build simulator target	2026-07-31T12:05:16.9755240Z 
build	Build simulator target	2026-07-31T12:05:16.9755870Z SwiftCompile normal arm64 /Users/runner/work/PrivateMusic2/PrivateMusic2/PrivateMusic/Features/Library/LibraryView.swift (in target 'PrivateMusic' from project 'PrivateMusic')
build	Build simulator target	2026-07-31T12:05:16.9757270Z     cd /Users/runner/work/PrivateMusic2/PrivateMusic2
build	Build simulator target	2026-07-31T12:05:16.9758460Z     
build	Build simulator target	2026-07-31T12:05:16.9758770Z 
build	Build simulator target	2026-07-31T12:05:16.9759910Z SwiftExplicitDependencyGeneratePcm x86_64 /Users/runner/Library/Developer/Xcode/DerivedData/ModuleCache.noindex/MediaPlayer-6EDZSAQ0EGFDL4076UB5IW6WB.pcm
build	Build simulator target	2026-07-31T12:05:16.9761410Z 
build	Build simulator target	2026-07-31T12:05:16.9762390Z SwiftDriverJobDiscovery normal arm64 Emitting module for PrivateMusic (in target 'PrivateMusic' from project 'PrivateMusic')
build	Build simulator target	2026-07-31T12:05:16.9763590Z 
build	Build simulator target	2026-07-31T12:05:16.9764710Z SwiftDriver\ Compilation\ Requirements PrivateMusic normal arm64 com.apple.xcode.tools.swift.compiler (in target 'PrivateMusic' from project 'PrivateMusic')
build	Build simulator target	2026-07-31T12:05:16.9767150Z     cd /Users/runner/work/PrivateMusic2/PrivateMusic2
build	Build simulator target	2026-07-31T12:05:16.9802930Z     builtin-Swift-Compilation-Requirements -- /Applications/Xcode_26.5.app/Contents/Developer/Toolchains/XcodeDefault.xctoolchain/usr/bin/swiftc -module-name PrivateMusic -Onone @/Users/runner/Library/Developer/Xcode/DerivedData/PrivateMusic-deegxthgygprsfgkxekdsehheshx/Build/Intermediates.noindex/PrivateMusic.build/Debug-iphonesimulator/PrivateMusic.build/Objects-normal/arm64/PrivateMusic.SwiftFileList -DDEBUG -enable-bare-slash-regex -enable-experimental-feature DebugDescriptionMacro -sdk /Applications/Xcode_26.5.app/Contents/Developer/Platforms/iPhoneSimulator.platform/Developer/SDKs/iPhoneSimulator26.5.sdk -target arm64-apple-ios16.0-simulator -g -module-cache-path /Users/runner/Library/Developer/Xcode/DerivedData/ModuleCache.noindex -Xfrontend -serialize-debugging-options -enable-testing -index-store-path /Users/runner/Library/Developer/Xcode/DerivedData/PrivateMusic-deegxthgygprsfgkxekdsehheshx/Index.noindex/DataStore -Xcc -D_LIBCPP_HARDENING_MODE\=_LIBCPP_HARDENING_MODE_DEBUG -swift-version 5 -I /Users/runner/Library/Developer/Xcode/DerivedData/PrivateMusic-deegxthgygprsfgkxekdsehheshx/Build/Products/Debug-iphonesimulator -F /Users/runner/Library/Developer/Xcode/DerivedData/PrivateMusic-deegxthgygprsfgkxekdsehheshx/Build/Products/Debug-iphonesimulator -c -j3 -enable-batch-mode -incremental -Xcc -ivfsstatcache -Xcc /Users/runner/Library/Developer/Xcode/DerivedData/SDKStatCaches.noindex/iphonesimulator26.5-23F73-688ef53f1462e2c8f657fdc38a81448ffb7d586738ff35573a713a18216ade27.sdkstatcache -output-file-map /Users/runner/Library/Developer/Xcode/DerivedData/PrivateMusic-deegxthgygprsfgkxekdsehheshx/Build/Intermediates.noindex/PrivateMusic.build/Debug-iphonesimulator/PrivateMusic.build/Objects-normal/arm64/PrivateMusic-OutputFileMap.json -use-frontend-parseable-output -save-temps -no-color-diagnostics -explicit-module-build -module-cache-path /Users/runner/Library/Developer/Xcode/DerivedData/PrivateMusic-deegxthgygprsfgkxekdsehheshx/Build/Intermediates.noindex/SwiftExplicitPrecompiledModules -clang-scanner-module-cache-path /Users/runner/Library/Developer/Xcode/DerivedData/ModuleCache.noindex -sdk-module-cache-path /Users/runner/Library/Developer/Xcode/DerivedData/ModuleCache.noindex -serialize-diagnostics -emit-dependencies -emit-module -emit-module-path /Users/runner/Library/Developer/Xcode/DerivedData/PrivateMusic-deegxthgygprsfgkxekdsehheshx/Build/Intermediates.noindex/PrivateMusic.build/Debug-iphonesimulator/PrivateMusic.build/Objects-normal/arm64/PrivateMusic.swiftmodule -validate-clang-modules-once -clang-build-session-file /Users/runner/Library/Developer/Xcode/DerivedData/ModuleCache.noindex/Session.modulevalidation -Xcc -I/Users/runner/Library/Developer/Xcode/DerivedData/PrivateMusic-deegxthgygprsfgkxekdsehheshx/Build/Intermediates.noindex/PrivateMusic.build/Debug-iphonesimulator/PrivateMusic.build/swift-overrides.hmap -emit-const-values -Xfrontend -const-gather-protocols-file -Xfrontend /Users/runner/Library/Developer/Xcode/DerivedData/PrivateMusic-deegxthgygprsfgkxekdsehheshx/Build/Intermediates.noindex/PrivateMusic.build/Debug-iphonesimulator/PrivateMusic.build/Objects-normal/arm64/PrivateMusic_const_extract_protocols.json -Xcc -iquote -Xcc /Users/runner/Library/Developer/Xcode/DerivedData/PrivateMusic-deegxthgygprsfgkxekdsehheshx/Build/Intermediates.noindex/PrivateMusic.build/Debug-iphonesimulator/PrivateMusic.build/PrivateMusic-generated-files.hmap -Xcc -I/Users/runner/Library/Developer/Xcode/DerivedData/PrivateMusic-deegxthgygprsfgkxekdsehheshx/Build/Intermediates.noindex/PrivateMusic.build/Debug-iphonesimulator/PrivateMusic.build/PrivateMusic-own-target-headers.hmap -Xcc -I/Users/runner/Library/Developer/Xcode/DerivedData/PrivateMusic-deegxthgygprsfgkxekdsehheshx/Build/Intermediates.noindex/PrivateMusic.build/Debug-iphonesimulator/PrivateMusic.build/PrivateMusic-all-target-headers.hmap -Xcc -iquote -Xcc /Users/runner/Library/Developer/Xcode/DerivedData/PrivateMusic-deegxthgygprsfgkxekdsehheshx/Build/Intermediates.noindex/PrivateMusic.build/Debug-iphonesimulator/PrivateMusic.build/PrivateMusic-project-headers.hmap -Xcc -I/Users/runner/Library/Developer/Xcode/DerivedData/PrivateMusic-deegxthgygprsfgkxekdsehheshx/Build/Products/Debug-iphonesimulator/include -Xcc -I/Users/runner/Library/Developer/Xcode/DerivedData/PrivateMusic-deegxthgygprsfgkxekdsehheshx/Build/Intermediates.noindex/PrivateMusic.build/Debug-iphonesimulator/PrivateMusic.build/DerivedSources-normal/arm64 -Xcc -I/Users/runner/Library/Developer/Xcode/DerivedData/PrivateMusic-deegxthgygprsfgkxekdsehheshx/Build/Intermediates.noindex/PrivateMusic.build/Debug-iphonesimulator/PrivateMusic.build/DerivedSources/arm64 -Xcc -I/Users/runner/Library/Developer/Xcode/DerivedData/PrivateMusic-deegxthgygprsfgkxekdsehheshx/Build/Intermediates.noindex/PrivateMusic.build/Debug-iphonesimulator/PrivateMusic.build/DerivedSources -Xcc -DDEBUG\=1 -emit-objc-header -emit-objc-header-path /Users/runner/Library/Developer/Xcode/DerivedData/PrivateMusic-deegxthgygprsfgkxekdsehheshx/Build/Intermediates.noindex/PrivateMusic.build/Debug-iphonesimulator/PrivateMusic.build/Objects-normal/arm64/PrivateMusic-Swift.h -working-directory /Users/runner/work/PrivateMusic2/PrivateMusic2 -experimental-emit-module-separately -disable-cmo
build	Build simulator target	2026-07-31T12:05:16.9837160Z 
build	Build simulator target	2026-07-31T12:05:16.9838290Z SwiftExplicitDependencyGeneratePcm x86_64 /Users/runner/Library/Developer/Xcode/DerivedData/ModuleCache.noindex/AVKit-84ANXZUSRAQ55ELCBXR9DYW74.pcm
build	Build simulator target	2026-07-31T12:05:16.9838990Z 
build	Build simulator target	2026-07-31T12:05:16.9840790Z Copy /Users/runner/Library/Developer/Xcode/DerivedData/PrivateMusic-deegxthgygprsfgkxekdsehheshx/Build/Products/Debug-iphonesimulator/PrivateMusic.swiftmodule/arm64-apple-ios-simulator.swiftmodule /Users/runner/Library/Developer/Xcode/DerivedData/PrivateMusic-deegxthgygprsfgkxekdsehheshx/Build/Intermediates.noindex/PrivateMusic.build/Debug-iphonesimulator/PrivateMusic.build/Objects-normal/arm64/PrivateMusic.swiftmodule (in target 'PrivateMusic' from project 'PrivateMusic')
build	Build simulator target	2026-07-31T12:05:16.9846500Z     cd /Users/runner/work/PrivateMusic2/PrivateMusic2
build	Build simulator target	2026-07-31T12:05:16.9848980Z     builtin-copy -exclude .DS_Store -exclude CVS -exclude .svn -exclude .git -exclude .hg -resolve-src-symlinks -rename /Users/runner/Library/Developer/Xcode/DerivedData/PrivateMusic-deegxthgygprsfgkxekdsehheshx/Build/Intermediates.noindex/PrivateMusic.build/Debug-iphonesimulator/PrivateMusic.build/Objects-normal/arm64/PrivateMusic.swiftmodule /Users/runner/Library/Developer/Xcode/DerivedData/PrivateMusic-deegxthgygprsfgkxekdsehheshx/Build/Products/Debug-iphonesimulator/PrivateMusic.swiftmodule/arm64-apple-ios-simulator.swiftmodule
build	Build simulator target	2026-07-31T12:05:16.9851010Z 
build	Build simulator target	2026-07-31T12:05:16.9853800Z Copy /Users/runner/Library/Developer/Xcode/DerivedData/PrivateMusic-deegxthgygprsfgkxekdsehheshx/Build/Products/Debug-iphonesimulator/PrivateMusic.swiftmodule/arm64-apple-ios-simulator.swiftdoc /Users/runner/Library/Developer/Xcode/DerivedData/PrivateMusic-deegxthgygprsfgkxekdsehheshx/Build/Intermediates.noindex/PrivateMusic.build/Debug-iphonesimulator/PrivateMusic.build/Objects-normal/arm64/PrivateMusic.swiftdoc (in target 'PrivateMusic' from project 'PrivateMusic')
build	Build simulator target	2026-07-31T12:05:16.9862420Z     cd /Users/runner/work/PrivateMusic2/PrivateMusic2
build	Build simulator target	2026-07-31T12:05:16.9871220Z     builtin-copy -exclude .DS_Store -exclude CVS -exclude .svn -exclude .git -exclude .hg -resolve-src-symlinks -rename /Users/runner/Library/Developer/Xcode/DerivedData/PrivateMusic-deegxthgygprsfgkxekdsehheshx/Build/Intermediates.noindex/PrivateMusic.build/Debug-iphonesimulator/PrivateMusic.build/Objects-normal/arm64/PrivateMusic.swiftdoc /Users/runner/Library/Developer/Xcode/DerivedData/PrivateMusic-deegxthgygprsfgkxekdsehheshx/Build/Products/Debug-iphonesimulator/PrivateMusic.swiftmodule/arm64-apple-ios-simulator.swiftdoc
build	Build simulator target	2026-07-31T12:05:16.9875430Z 
build	Build simulator target	2026-07-31T12:05:16.9879160Z Copy /Users/runner/Library/Developer/Xcode/DerivedData/PrivateMusic-deegxthgygprsfgkxekdsehheshx/Build/Products/Debug-iphonesimulator/PrivateMusic.swiftmodule/arm64-apple-ios-simulator.abi.json /Users/runner/Library/Developer/Xcode/DerivedData/PrivateMusic-deegxthgygprsfgkxekdsehheshx/Build/Intermediates.noindex/PrivateMusic.build/Debug-iphonesimulator/PrivateMusic.build/Objects-normal/arm64/PrivateMusic.abi.json (in target 'PrivateMusic' from project 'PrivateMusic')
build	Build simulator target	2026-07-31T12:05:16.9881370Z     cd /Users/runner/work/PrivateMusic2/PrivateMusic2
build	Build simulator target	2026-07-31T12:05:16.9883610Z     builtin-copy -exclude .DS_Store -exclude CVS -exclude .svn -exclude .git -exclude .hg -resolve-src-symlinks -rename /Users/runner/Library/Developer/Xcode/DerivedData/PrivateMusic-deegxthgygprsfgkxekdsehheshx/Build/Intermediates.noindex/PrivateMusic.build/Debug-iphonesimulator/PrivateMusic.build/Objects-normal/arm64/PrivateMusic.abi.json /Users/runner/Library/Developer/Xcode/DerivedData/PrivateMusic-deegxthgygprsfgkxekdsehheshx/Build/Products/Debug-iphonesimulator/PrivateMusic.swiftmodule/arm64-apple-ios-simulator.abi.json
build	Build simulator target	2026-07-31T12:05:16.9887030Z 
build	Build simulator target	2026-07-31T12:05:16.9889040Z Copy /Users/runner/Library/Developer/Xcode/DerivedData/PrivateMusic-deegxthgygprsfgkxekdsehheshx/Build/Products/Debug-iphonesimulator/PrivateMusic.swiftmodule/Project/arm64-apple-ios-simulator.swiftsourceinfo /Users/runner/Library/Developer/Xcode/DerivedData/PrivateMusic-deegxthgygprsfgkxekdsehheshx/Build/Intermediates.noindex/PrivateMusic.build/Debug-iphonesimulator/PrivateMusic.build/Objects-normal/arm64/PrivateMusic.swiftsourceinfo (in target 'PrivateMusic' from project 'PrivateMusic')
build	Build simulator target	2026-07-31T12:05:16.9900290Z     cd /Users/runner/work/PrivateMusic2/PrivateMusic2
build	Build simulator target	2026-07-31T12:05:16.9917380Z     builtin-copy -exclude .DS_Store -exclude CVS -exclude .svn -exclude .git -exclude .hg -resolve-src-symlinks -rename /Users/runner/Library/Developer/Xcode/DerivedData/PrivateMusic-deegxthgygprsfgkxekdsehheshx/Build/Intermediates.noindex/PrivateMusic.build/Debug-iphonesimulator/PrivateMusic.build/Objects-normal/arm64/PrivateMusic.swiftsourceinfo /Users/runner/Library/Developer/Xcode/DerivedData/PrivateMusic-deegxthgygprsfgkxekdsehheshx/Build/Products/Debug-iphonesimulator/PrivateMusic.swiftmodule/Project/arm64-apple-ios-simulator.swiftsourceinfo
build	Build simulator target	2026-07-31T12:05:16.9925230Z 
build	Build simulator target	2026-07-31T12:05:16.9926370Z SwiftEmitModule normal x86_64 Emitting\ module\ for\ PrivateMusic (in target 'PrivateMusic' from project 'PrivateMusic')
build	Build simulator target	2026-07-31T12:05:16.9929900Z 
build	Build simulator target	2026-07-31T12:05:16.9931880Z EmitSwiftModule normal x86_64 (in target 'PrivateMusic' from project 'PrivateMusic')
build	Build simulator target	2026-07-31T12:05:16.9933350Z     cd /Users/runner/work/PrivateMusic2/PrivateMusic2
build	Build simulator target	2026-07-31T12:05:16.9934280Z     
build	Build simulator target	2026-07-31T12:05:16.9934380Z 
build	Build simulator target	2026-07-31T12:05:16.9946190Z SwiftCompile normal x86_64 Compiling\ PlaylistEditorView.swift,\ PlaylistLibraryView.swift,\ PremiumDesign.swift,\ PrivateMusicApp.swift,\ ProfileView.swift,\ QueueView.swift,\ RootView.swift,\ SearchView.swift,\ SearchViewModel.swift,\ Session.swift,\ SessionStore.swift,\ SettingsView.swift,\ Track.swift,\ TrackCollectionScreen.swift,\ TrackCollectionViewModel.swift,\ TrackRow.swift,\ TrackShareSheet.swift,\ UserProfile.swift,\ VKAudioURLResolver.swift,\ VKMusicService.swift,\ VKWebAuthService.swift,\ VKWebLoginView.swift,\ GeneratedAssetSymbols.swift /Users/runner/work/PrivateMusic2/PrivateMusic2/PrivateMusic/Features/Library/PlaylistEditorView.swift /Users/runner/work/PrivateMusic2/PrivateMusic2/PrivateMusic/Features/Library/PlaylistLibraryView.swift /Users/runner/work/PrivateMusic2/PrivateMusic2/PrivateMusic/Features/Shared/PremiumDesign.swift /Users/runner/work/PrivateMusic2/PrivateMusic2/PrivateMusic/App/PrivateMusicApp.swift /Users/runner/work/PrivateMusic2/PrivateMusic2/PrivateMusic/Features/Profile/ProfileView.swift /Users/runner/work/PrivateMusic2/PrivateMusic2/PrivateMusic/Features/Player/QueueView.swift /Users/runner/work/PrivateMusic2/PrivateMusic2/PrivateMusic/Features/Root/RootView.swift /Users/runner/work/PrivateMusic2/PrivateMusic2/PrivateMusic/Features/Search/SearchView.swift /Users/runner/work/PrivateMusic2/PrivateMusic2/PrivateMusic/Features/Search/SearchViewModel.swift /Users/runner/work/PrivateMusic2/PrivateMusic2/PrivateMusic/Models/Session.swift /Users/runner/work/PrivateMusic2/PrivateMusic2/PrivateMusic/Session/SessionStore.swift /Users/runner/work/PrivateMusic2/PrivateMusic2/PrivateMusic/Features/Settings/SettingsView.swift /Users/runner/work/PrivateMusic2/PrivateMusic2/PrivateMusic/Models/Track.swift /Users/runner/work/PrivateMusic2/PrivateMusic2/PrivateMusic/Features/Library/TrackCollectionScreen.swift /Users/runner/work/PrivateMusic2/PrivateMusic2/PrivateMusic/Features/Library/TrackCollectionViewModel.swift /Users/runner/work/PrivateMusic2/PrivateMusic2/PrivateMusic/Features/Shared/TrackRow.swift /Users/runner/work/PrivateMusic2/PrivateMusic2/PrivateMusic/Features/Player/TrackShareSheet.swift /Users/runner/work/PrivateMusic2/PrivateMusic2/PrivateMusic/Models/UserProfile.swift /Users/runner/work/PrivateMusic2/PrivateMusic2/PrivateMusic/Services/VKAudioURLResolver.swift /Users/runner/work/PrivateMusic2/PrivateMusic2/PrivateMusic/Services/VKMusicService.swift /Users/runner/work/PrivateMusic2/PrivateMusic2/PrivateMusic/Services/VKWebAuthService.swift /Users/runner/work/PrivateMusic2/PrivateMusic2/PrivateMusic/Features/Auth/VKWebLoginView.swift /Users/runner/Library/Developer/Xcode/DerivedData/PrivateMusic-deegxthgygprsfgkxekdsehheshx/Build/Intermediates.noindex/PrivateMusic.build/Debug-iphonesimulator/PrivateMusic.build/DerivedSources/GeneratedAssetSymbols.swift (in target 'PrivateMusic' from project 'PrivateMusic')
build	Build simulator target	2026-07-31T12:05:16.9955900Z 
build	Build simulator target	2026-07-31T12:05:16.9956440Z SwiftCompile normal x86_64 /Users/runner/work/PrivateMusic2/PrivateMusic2/PrivateMusic/Features/Library/PlaylistEditorView.swift (in target 'PrivateMusic' from project 'PrivateMusic')
build	Build simulator target	2026-07-31T12:05:16.9957740Z     cd /Users/runner/work/PrivateMusic2/PrivateMusic2
build	Build simulator target	2026-07-31T12:05:16.9958100Z     
build	Build simulator target	2026-07-31T12:05:16.9958210Z 
build	Build simulator target	2026-07-31T12:05:16.9958830Z SwiftCompile normal x86_64 /Users/runner/work/PrivateMusic2/PrivateMusic2/PrivateMusic/Features/Library/PlaylistLibraryView.swift (in target 'PrivateMusic' from project 'PrivateMusic')
build	Build simulator target	2026-07-31T12:05:16.9959560Z     cd /Users/runner/work/PrivateMusic2/PrivateMusic2
build	Build simulator target	2026-07-31T12:05:16.9959790Z     
build	Build simulator target	2026-07-31T12:05:16.9959860Z 
build	Build simulator target	2026-07-31T12:05:16.9960450Z SwiftCompile normal x86_64 /Users/runner/work/PrivateMusic2/PrivateMusic2/PrivateMusic/Features/Shared/PremiumDesign.swift (in target 'PrivateMusic' from project 'PrivateMusic')
build	Build simulator target	2026-07-31T12:05:16.9961290Z     cd /Users/runner/work/PrivateMusic2/PrivateMusic2
build	Build simulator target	2026-07-31T12:05:16.9961640Z     
build	Build simulator target	2026-07-31T12:05:16.9961930Z 
build	Build simulator target	2026-07-31T12:05:16.9962500Z SwiftCompile normal x86_64 /Users/runner/work/PrivateMusic2/PrivateMusic2/PrivateMusic/App/PrivateMusicApp.swift (in target 'PrivateMusic' from project 'PrivateMusic')
build	Build simulator target	2026-07-31T12:05:16.9963310Z     cd /Users/runner/work/PrivateMusic2/PrivateMusic2
build	Build simulator target	2026-07-31T12:05:16.9963580Z     
build	Build simulator target	2026-07-31T12:05:16.9963650Z 
build	Build simulator target	2026-07-31T12:05:16.9964350Z SwiftCompile normal x86_64 /Users/runner/work/PrivateMusic2/PrivateMusic2/PrivateMusic/Features/Profile/ProfileView.swift (in target 'PrivateMusic' from project 'PrivateMusic')
build	Build simulator target	2026-07-31T12:05:16.9965150Z     cd /Users/runner/work/PrivateMusic2/PrivateMusic2
build	Build simulator target	2026-07-31T12:05:16.9965420Z     
build	Build simulator target	2026-07-31T12:05:16.9965510Z 
build	Build simulator target	2026-07-31T12:05:16.9966120Z SwiftCompile normal x86_64 /Users/runner/work/PrivateMusic2/PrivateMusic2/PrivateMusic/Features/Player/QueueView.swift (in target 'PrivateMusic' from project 'PrivateMusic')
build	Build simulator target	2026-07-31T12:05:16.9966920Z     cd /Users/runner/work/PrivateMusic2/PrivateMusic2
build	Build simulator target	2026-07-31T12:05:16.9967140Z     
build	Build simulator target	2026-07-31T12:05:16.9967210Z 
build	Build simulator target	2026-07-31T12:05:16.9967800Z SwiftCompile normal x86_64 /Users/runner/work/PrivateMusic2/PrivateMusic2/PrivateMusic/Features/Root/RootView.swift (in target 'PrivateMusic' from project 'PrivateMusic')
build	Build simulator target	2026-07-31T12:05:16.9968440Z     cd /Users/runner/work/PrivateMusic2/PrivateMusic2
build	Build simulator target	2026-07-31T12:05:16.9968660Z     
build	Build simulator target	2026-07-31T12:05:16.9968720Z 
build	Build simulator target	2026-07-31T12:05:16.9969180Z SwiftCompile normal x86_64 /Users/runner/work/PrivateMusic2/PrivateMusic2/PrivateMusic/Features/Search/SearchView.swift (in target 'PrivateMusic' from project 'PrivateMusic')
build	Build simulator target	2026-07-31T12:05:16.9969820Z     cd /Users/runner/work/PrivateMusic2/PrivateMusic2
build	Build simulator target	2026-07-31T12:05:16.9970040Z     
build	Build simulator target	2026-07-31T12:05:16.9970110Z 
build	Build simulator target	2026-07-31T12:05:16.9970580Z SwiftCompile normal x86_64 /Users/runner/work/PrivateMusic2/PrivateMusic2/PrivateMusic/Features/Search/SearchViewModel.swift (in target 'PrivateMusic' from project 'PrivateMusic')
build	Build simulator target	2026-07-31T12:05:16.9971220Z     cd /Users/runner/work/PrivateMusic2/PrivateMusic2
build	Build simulator target	2026-07-31T12:05:16.9971540Z     
build	Build simulator target	2026-07-31T12:05:16.9971630Z 
build	Build simulator target	2026-07-31T12:05:16.9972110Z SwiftCompile normal x86_64 /Users/runner/work/PrivateMusic2/PrivateMusic2/PrivateMusic/Models/Session.swift (in target 'PrivateMusic' from project 'PrivateMusic')
build	Build simulator target	2026-07-31T12:05:16.9972820Z     cd /Users/runner/work/PrivateMusic2/PrivateMusic2
build	Build simulator target	2026-07-31T12:05:16.9973100Z     
build	Build simulator target	2026-07-31T12:05:16.9973180Z 
build	Build simulator target	2026-07-31T12:05:16.9973610Z SwiftCompile normal x86_64 /Users/runner/work/PrivateMusic2/PrivateMusic2/PrivateMusic/Session/SessionStore.swift (in target 'PrivateMusic' from project 'PrivateMusic')
build	Build simulator target	2026-07-31T12:05:16.9974230Z     cd /Users/runner/work/PrivateMusic2/PrivateMusic2
build	Build simulator target	2026-07-31T12:05:16.9974450Z     
build	Build simulator target	2026-07-31T12:05:16.9974530Z 
build	Build simulator target	2026-07-31T12:05:16.9975210Z SwiftCompile normal x86_64 /Users/runner/work/PrivateMusic2/PrivateMusic2/PrivateMusic/Features/Settings/SettingsView.swift (in target 'PrivateMusic' from project 'PrivateMusic')
build	Build simulator target	2026-07-31T12:05:16.9975860Z     cd /Users/runner/work/PrivateMusic2/PrivateMusic2
build	Build simulator target	2026-07-31T12:05:16.9976080Z     
build	Build simulator target	2026-07-31T12:05:16.9976140Z 
build	Build simulator target	2026-07-31T12:05:16.9976740Z SwiftCompile normal x86_64 /Users/runner/work/PrivateMusic2/PrivateMusic2/PrivateMusic/Models/Track.swift (in target 'PrivateMusic' from project 'PrivateMusic')
build	Build simulator target	2026-07-31T12:05:16.9977780Z     cd /Users/runner/work/PrivateMusic2/PrivateMusic2
build	Build simulator target	2026-07-31T12:05:16.9978040Z     
build	Build simulator target	2026-07-31T12:05:16.9978100Z 
build	Build simulator target	2026-07-31T12:05:16.9978770Z SwiftCompile normal x86_64 /Users/runner/work/PrivateMusic2/PrivateMusic2/PrivateMusic/Features/Library/TrackCollectionScreen.swift (in target 'PrivateMusic' from project 'PrivateMusic')
build	Build simulator target	2026-07-31T12:05:16.9979620Z     cd /Users/runner/work/PrivateMusic2/PrivateMusic2
build	Build simulator target	2026-07-31T12:05:16.9979830Z     
build	Build simulator target	2026-07-31T12:05:16.9979980Z 
build	Build simulator target	2026-07-31T12:05:16.9980580Z SwiftCompile normal x86_64 /Users/runner/work/PrivateMusic2/PrivateMusic2/PrivateMusic/Features/Library/TrackCollectionViewModel.swift (in target 'PrivateMusic' from project 'PrivateMusic')
build	Build simulator target	2026-07-31T12:05:16.9981590Z     cd /Users/runner/work/PrivateMusic2/PrivateMusic2
build	Build simulator target	2026-07-31T12:05:16.9981860Z     
build	Build simulator target	2026-07-31T12:05:16.9981920Z 
build	Build simulator target	2026-07-31T12:05:16.9982380Z SwiftCompile normal x86_64 /Users/runner/work/PrivateMusic2/PrivateMusic2/PrivateMusic/Features/Shared/TrackRow.swift (in target 'PrivateMusic' from project 'PrivateMusic')
build	Build simulator target	2026-07-31T12:05:16.9983020Z     cd /Users/runner/work/PrivateMusic2/PrivateMusic2
build	Build simulator target	2026-07-31T12:05:16.9983400Z     
build	Build simulator target	2026-07-31T12:05:16.9983470Z 
build	Build simulator target	2026-07-31T12:05:16.9984030Z SwiftCompile normal x86_64 /Users/runner/work/PrivateMusic2/PrivateMusic2/PrivateMusic/Features/Player/TrackShareSheet.swift (in target 'PrivateMusic' from project 'PrivateMusic')
build	Build simulator target	2026-07-31T12:05:16.9992620Z     cd /Users/runner/work/PrivateMusic2/PrivateMusic2
build	Build simulator target	2026-07-31T12:05:16.9993070Z     
build	Build simulator target	2026-07-31T12:05:16.9993160Z 
build	Build simulator target	2026-07-31T12:05:16.9993970Z SwiftCompile normal x86_64 /Users/runner/work/PrivateMusic2/PrivateMusic2/PrivateMusic/Models/UserProfile.swift (in target 'PrivateMusic' from project 'PrivateMusic')
build	Build simulator target	2026-07-31T12:05:16.9994640Z     cd /Users/runner/work/PrivateMusic2/PrivateMusic2
build	Build simulator target	2026-07-31T12:05:16.9994860Z     
build	Build simulator target	2026-07-31T12:05:16.9994930Z 
build	Build simulator target	2026-07-31T12:05:16.9995400Z SwiftCompile normal x86_64 /Users/runner/work/PrivateMusic2/PrivateMusic2/PrivateMusic/Services/VKAudioURLResolver.swift (in target 'PrivateMusic' from project 'PrivateMusic')
build	Build simulator target	2026-07-31T12:05:16.9996040Z     cd /Users/runner/work/PrivateMusic2/PrivateMusic2
build	Build simulator target	2026-07-31T12:05:16.9996260Z     
build	Build simulator target	2026-07-31T12:05:16.9996330Z 
build	Build simulator target	2026-07-31T12:05:16.9996780Z SwiftCompile normal x86_64 /Users/runner/work/PrivateMusic2/PrivateMusic2/PrivateMusic/Services/VKMusicService.swift (in target 'PrivateMusic' from project 'PrivateMusic')
build	Build simulator target	2026-07-31T12:05:16.9997410Z     cd /Users/runner/work/PrivateMusic2/PrivateMusic2
build	Build simulator target	2026-07-31T12:05:16.9997630Z     
build	Build simulator target	2026-07-31T12:05:16.9997700Z 
build	Build simulator target	2026-07-31T12:05:16.9998170Z SwiftCompile normal x86_64 /Users/runner/work/PrivateMusic2/PrivateMusic2/PrivateMusic/Services/VKWebAuthService.swift (in target 'PrivateMusic' from project 'PrivateMusic')
build	Build simulator target	2026-07-31T12:05:16.9998800Z     cd /Users/runner/work/PrivateMusic2/PrivateMusic2
build	Build simulator target	2026-07-31T12:05:16.9999020Z     
build	Build simulator target	2026-07-31T12:05:16.9999090Z 
build	Build simulator target	2026-07-31T12:05:16.9999550Z SwiftCompile normal x86_64 /Users/runner/work/PrivateMusic2/PrivateMusic2/PrivateMusic/Features/Auth/VKWebLoginView.swift (in target 'PrivateMusic' from project 'PrivateMusic')
build	Build simulator target	2026-07-31T12:05:17.0000190Z     cd /Users/runner/work/PrivateMusic2/PrivateMusic2
build	Build simulator target	2026-07-31T12:05:17.0000410Z     
build	Build simulator target	2026-07-31T12:05:17.0000480Z 
build	Build simulator target	2026-07-31T12:05:17.0001360Z SwiftCompile normal x86_64 /Users/runner/Library/Developer/Xcode/DerivedData/PrivateMusic-deegxthgygprsfgkxekdsehheshx/Build/Intermediates.noindex/PrivateMusic.build/Debug-iphonesimulator/PrivateMusic.build/DerivedSources/GeneratedAssetSymbols.swift (in target 'PrivateMusic' from project 'PrivateMusic')
build	Build simulator target	2026-07-31T12:05:17.0002450Z     cd /Users/runner/work/PrivateMusic2/PrivateMusic2
build	Build simulator target	2026-07-31T12:05:17.0002670Z     
build	Build simulator target	2026-07-31T12:05:17.0002740Z 
build	Build simulator target	2026-07-31T12:05:17.0003050Z SwiftDriverJobDiscovery normal x86_64 Emitting module for PrivateMusic (in target 'PrivateMusic' from project 'PrivateMusic')
build	Build simulator target	2026-07-31T12:05:17.0003450Z 
build	Build simulator target	2026-07-31T12:05:17.0004120Z SwiftDriver\ Compilation\ Requirements PrivateMusic normal x86_64 com.apple.xcode.tools.swift.compiler (in target 'PrivateMusic' from project 'PrivateMusic')
build	Build simulator target	2026-07-31T12:05:17.0004710Z     cd /Users/runner/work/PrivateMusic2/PrivateMusic2
build	Build simulator target	2026-07-31T12:05:17.0024890Z     builtin-Swift-Compilation-Requirements -- /Applications/Xcode_26.5.app/Contents/Developer/Toolchains/XcodeDefault.xctoolchain/usr/bin/swiftc -module-name PrivateMusic -Onone @/Users/runner/Library/Developer/Xcode/DerivedData/PrivateMusic-deegxthgygprsfgkxekdsehheshx/Build/Intermediates.noindex/PrivateMusic.build/Debug-iphonesimulator/PrivateMusic.build/Objects-normal/x86_64/PrivateMusic.SwiftFileList -DDEBUG -enable-bare-slash-regex -enable-experimental-feature DebugDescriptionMacro -sdk /Applications/Xcode_26.5.app/Contents/Developer/Platforms/iPhoneSimulator.platform/Developer/SDKs/iPhoneSimulator26.5.sdk -target x86_64-apple-ios16.0-simulator -g -module-cache-path /Users/runner/Library/Developer/Xcode/DerivedData/ModuleCache.noindex -Xfrontend -serialize-debugging-options -enable-testing -index-store-path /Users/runner/Library/Developer/Xcode/DerivedData/PrivateMusic-deegxthgygprsfgkxekdsehheshx/Index.noindex/DataStore -Xcc -D_LIBCPP_HARDENING_MODE\=_LIBCPP_HARDENING_MODE_DEBUG -swift-version 5 -I /Users/runner/Library/Developer/Xcode/DerivedData/PrivateMusic-deegxthgygprsfgkxekdsehheshx/Build/Products/Debug-iphonesimulator -F /Users/runner/Library/Developer/Xcode/DerivedData/PrivateMusic-deegxthgygprsfgkxekdsehheshx/Build/Products/Debug-iphonesimulator -c -j3 -enable-batch-mode -incremental -Xcc -ivfsstatcache -Xcc /Users/runner/Library/Developer/Xcode/DerivedData/SDKStatCaches.noindex/iphonesimulator26.5-23F73-688ef53f1462e2c8f657fdc38a81448ffb7d586738ff35573a713a18216ade27.sdkstatcache -output-file-map /Users/runner/Library/Developer/Xcode/DerivedData/PrivateMusic-deegxthgygprsfgkxekdsehheshx/Build/Intermediates.noindex/PrivateMusic.build/Debug-iphonesimulator/PrivateMusic.build/Objects-normal/x86_64/PrivateMusic-OutputFileMap.json -use-frontend-parseable-output -save-temps -no-color-diagnostics -explicit-module-build -module-cache-path /Users/runner/Library/Developer/Xcode/DerivedData/PrivateMusic-deegxthgygprsfgkxekdsehheshx/Build/Intermediates.noindex/SwiftExplicitPrecompiledModules -clang-scanner-module-cache-path /Users/runner/Library/Developer/Xcode/DerivedData/ModuleCache.noindex -sdk-module-cache-path /Users/runner/Library/Developer/Xcode/DerivedData/ModuleCache.noindex -serialize-diagnostics -emit-dependencies -emit-module -emit-module-path /Users/runner/Library/Developer/Xcode/DerivedData/PrivateMusic-deegxthgygprsfgkxekdsehheshx/Build/Intermediates.noindex/PrivateMusic.build/Debug-iphonesimulator/PrivateMusic.build/Objects-normal/x86_64/PrivateMusic.swiftmodule -validate-clang-modules-once -clang-build-session-file /Users/runner/Library/Developer/Xcode/DerivedData/ModuleCache.noindex/Session.modulevalidation -Xcc -I/Users/runner/Library/Developer/Xcode/DerivedData/PrivateMusic-deegxthgygprsfgkxekdsehheshx/Build/Intermediates.noindex/PrivateMusic.build/Debug-iphonesimulator/PrivateMusic.build/swift-overrides.hmap -emit-const-values -Xfrontend -const-gather-protocols-file -Xfrontend /Users/runner/Library/Developer/Xcode/DerivedData/PrivateMusic-deegxthgygprsfgkxekdsehheshx/Build/Intermediates.noindex/PrivateMusic.build/Debug-iphonesimulator/PrivateMusic.build/Objects-normal/x86_64/PrivateMusic_const_extract_protocols.json -Xcc -iquote -Xcc /Users/runner/Library/Developer/Xcode/DerivedData/PrivateMusic-deegxthgygprsfgkxekdsehheshx/Build/Intermediates.noindex/PrivateMusic.build/Debug-iphonesimulator/PrivateMusic.build/PrivateMusic-generated-files.hmap -Xcc -I/Users/runner/Library/Developer/Xcode/DerivedData/PrivateMusic-deegxthgygprsfgkxekdsehheshx/Build/Intermediates.noindex/PrivateMusic.build/Debug-iphonesimulator/PrivateMusic.build/PrivateMusic-own-target-headers.hmap -Xcc -I/Users/runner/Library/Developer/Xcode/DerivedData/PrivateMusic-deegxthgygprsfgkxekdsehheshx/Build/Intermediates.noindex/PrivateMusic.build/Debug-iphonesimulator/PrivateMusic.build/PrivateMusic-all-target-headers.hmap -Xcc -iquote -Xcc /Users/runner/Library/Developer/Xcode/DerivedData/PrivateMusic-deegxthgygprsfgkxekdsehheshx/Build/Intermediates.noindex/PrivateMusic.build/Debug-iphonesimulator/PrivateMusic.build/PrivateMusic-project-headers.hmap -Xcc -I/Users/runner/Library/Developer/Xcode/DerivedData/PrivateMusic-deegxthgygprsfgkxekdsehheshx/Build/Products/Debug-iphonesimulator/include -Xcc -I/Users/runner/Library/Developer/Xcode/DerivedData/PrivateMusic-deegxthgygprsfgkxekdsehheshx/Build/Intermediates.noindex/PrivateMusic.build/Debug-iphonesimulator/PrivateMusic.build/DerivedSources-normal/x86_64 -Xcc -I/Users/runner/Library/Developer/Xcode/DerivedData/PrivateMusic-deegxthgygprsfgkxekdsehheshx/Build/Intermediates.noindex/PrivateMusic.build/Debug-iphonesimulator/PrivateMusic.build/DerivedSources/x86_64 -Xcc -I/Users/runner/Library/Developer/Xcode/DerivedData/PrivateMusic-deegxthgygprsfgkxekdsehheshx/Build/Intermediates.noindex/PrivateMusic.build/Debug-iphonesimulator/PrivateMusic.build/DerivedSources -Xcc -DDEBUG\=1 -emit-objc-header -emit-objc-header-path /Users/runner/Library/Developer/Xcode/DerivedData/PrivateMusic-deegxthgygprsfgkxekdsehheshx/Build/Intermediates.noindex/PrivateMusic.build/Debug-iphonesimulator/PrivateMusic.build/Objects-normal/x86_64/PrivateMusic-Swift.h -working-directory /Users/runner/work/PrivateMusic2/PrivateMusic2 -experimental-emit-module-separately -disable-cmo
build	Build simulator target	2026-07-31T12:05:17.0045100Z 
build	Build simulator target	2026-07-31T12:05:17.0045200Z ** BUILD FAILED **
build	Build simulator target	2026-07-31T12:05:17.0045320Z 
build	Build simulator target	2026-07-31T12:05:17.0045320Z 
build	Build simulator target	2026-07-31T12:05:17.0045410Z The following build commands failed:
build	Build simulator target	2026-07-31T12:05:17.0054830Z 	SwiftCompile normal arm64 Compiling\ APIClient.swift,\ APIError.swift,\ AdaptiveGlass.swift,\ AddToPlaylistView.swift,\ AppConfiguration.swift,\ AppDelegate.swift,\ AppEnvironment.swift,\ AppSettings.swift,\ ArtistView.swift,\ AsyncArtwork.swift,\ AudioPlayer.swift,\ Brand.swift,\ CachedRemoteImage.swift,\ CatalogView.swift,\ ConnectView.swift,\ EmptyStateView.swift,\ EqualizerDSP.swift,\ GeniusLyricsService.swift,\ HLSOfflineDownloadService.swift,\ HLSSegmentExporter.swift,\ JSONValue.swift,\ KeychainStore.swift,\ LRCLyricsService.swift,\ LibraryView.swift /Users/runner/work/PrivateMusic2/PrivateMusic2/PrivateMusic/Core/Networking/APIClient.swift /Users/runner/work/PrivateMusic2/PrivateMusic2/PrivateMusic/Core/Networking/APIError.swift /Users/runner/work/PrivateMusic2/PrivateMusic2/PrivateMusic/Features/Shared/AdaptiveGlass.swift /Users/runner/work/PrivateMusic2/PrivateMusic2/PrivateMusic/Features/Library/AddToPlaylistView.swift /Users/runner/work/PrivateMusic2/PrivateMusic2/PrivateMusic/Core/Configuration/AppConfiguration.swift /Users/runner/work/PrivateMusic2/PrivateMusic2/PrivateMusic/App/AppDelegate.swift /Users/runner/work/PrivateMusic2/PrivateMusic2/PrivateMusic/App/AppEnvironment.swift /Users/runner/work/PrivateMusic2/PrivateMusic2/PrivateMusic/App/AppSettings.swift /Users/runner/work/PrivateMusic2/PrivateMusic2/PrivateMusic/Features/Artist/ArtistView.swift /Users/runner/work/PrivateMusic2/PrivateMusic2/PrivateMusic/Features/Shared/AsyncArtwork.swift /Users/runner/work/PrivateMusic2/PrivateMusic2/PrivateMusic/Player/AudioPlayer.swift /Users/runner/work/PrivateMusic2/PrivateMusic2/PrivateMusic/Features/Shared/Brand.swift /Users/runner/work/PrivateMusic2/PrivateMusic2/PrivateMusic/Features/Shared/CachedRemoteImage.swift /Users/runner/work/PrivateMusic2/PrivateMusic2/PrivateMusic/Features/Catalog/CatalogView.swift /Users/runner/work/PrivateMusic2/PrivateMusic2/PrivateMusic/Features/Auth/ConnectView.swift /Users/runner/work/PrivateMusic2/PrivateMusic2/PrivateMusic/Features/Shared/EmptyStateView.swift /Users/runner/work/PrivateMusic2/PrivateMusic2/PrivateMusic/Player/EqualizerDSP.swift /Users/runner/work/PrivateMusic2/PrivateMusic2/PrivateMusic/Services/GeniusLyricsService.swift /Users/runner/work/PrivateMusic2/PrivateMusic2/PrivateMusic/Services/HLSOfflineDownloadService.swift /Users/runner/work/PrivateMusic2/PrivateMusic2/PrivateMusic/Services/HLSSegmentExporter.swift /Users/runner/work/PrivateMusic2/PrivateMusic2/PrivateMusic/Core/Networking/JSONValue.swift /Users/runner/work/PrivateMusic2/PrivateMusic2/PrivateMusic/Core/Security/KeychainStore.swift /Users/runner/work/PrivateMusic2/PrivateMusic2/PrivateMusic/Services/LRCLyricsService.swift /Users/runner/work/PrivateMusic2/PrivateMusic2/PrivateMusic/Features/Library/LibraryView.swift (in target 'PrivateMusic' from project 'PrivateMusic')
build	Build simulator target	2026-07-31T12:05:17.0065130Z 	SwiftCompile normal arm64 /Users/runner/work/PrivateMusic2/PrivateMusic2/PrivateMusic/Player/AudioPlayer.swift (in target 'PrivateMusic' from project 'PrivateMusic')
build	Build simulator target	2026-07-31T12:05:17.0065770Z 	Building project PrivateMusic with scheme PrivateMusic
build	Build simulator target	2026-07-31T12:05:17.0066010Z (3 failures)
build	Build simulator target	2026-07-31T12:05:17.0077400Z ##[error]Process completed with exit code 65.
